<!doctype html public "-//w3c//dtd html 4.0 transitional//en">
<html><head>
<title>Static Call Graph - [.\bin\ble_cordio_power_cycle.axf]</title></head>
<body><HR>
<H1>Static Call Graph for image .\bin\ble_cordio_power_cycle.axf</H1><HR>
<BR><P>#&#060CALLGRAPH&#062# ARM Linker, 5060750: Last Updated: Mon Feb 24 12:24:27 2020
<BR><P>
<H3>Maximum Stack Usage =       1052 bytes + Unknown(Functions without stacksize, Cycles, Untraceable Function Pointers)</H3><H3>
Call chain for Maximum Stack Depth:</H3>
smprScActCalcDHKey &rArr; smpScActCalcSharedSecret &rArr; SecEccGenSharedSecret &rArr; HciLeGenerateDHKey &rArr; hciCmdSend &rArr; hciTrSendCmd &rArr; hciDrvWrite &rArr; HciVendorSpecificCmd &rArr;  hciCmdSend (Cycle)
<P>
<H3>
Functions with no stack information
</H3><UL>
 <LI><a href="#[25c]">uECC_secp256r1</a>
 <LI><a href="#[141]">uECC_valid_point</a>
 <LI><a href="#[142]">uECC_valid_public_key</a>
 <LI><a href="#[143]">uECC_vli_sub</a>
 <LI><a href="#[13e]">uECC_vli_mult</a>
 <LI><a href="#[13f]">uECC_vli_modAdd</a>
 <LI><a href="#[140]">uECC_vli_modSub</a>
 <LI><a href="#[116]">x_side_default</a>
 <LI><a href="#[117]">vli_mmod_fast_secp256r1</a>
 <LI><a href="#[115]">double_jacobian_default</a>
</UL>
</UL>
<P>
<H3>
Mutually Recursive functions
</H3> <LI><a href="#[f]">NMI_Handler</a>&nbsp;&nbsp;&nbsp;&rArr;&nbsp;&nbsp;&nbsp;<a href="#[f]">NMI_Handler</a><BR>
 <LI><a href="#[11]">MemManage_Handler</a>&nbsp;&nbsp;&nbsp;&rArr;&nbsp;&nbsp;&nbsp;<a href="#[11]">MemManage_Handler</a><BR>
 <LI><a href="#[12]">BusFault_Handler</a>&nbsp;&nbsp;&nbsp;&rArr;&nbsp;&nbsp;&nbsp;<a href="#[12]">BusFault_Handler</a><BR>
 <LI><a href="#[13]">UsageFault_Handler</a>&nbsp;&nbsp;&nbsp;&rArr;&nbsp;&nbsp;&nbsp;<a href="#[13]">UsageFault_Handler</a><BR>
 <LI><a href="#[14]">SecureFault_Handler</a>&nbsp;&nbsp;&nbsp;&rArr;&nbsp;&nbsp;&nbsp;<a href="#[14]">SecureFault_Handler</a><BR>
 <LI><a href="#[15]">SVC_Handler</a>&nbsp;&nbsp;&nbsp;&rArr;&nbsp;&nbsp;&nbsp;<a href="#[15]">SVC_Handler</a><BR>
 <LI><a href="#[16]">DebugMon_Handler</a>&nbsp;&nbsp;&nbsp;&rArr;&nbsp;&nbsp;&nbsp;<a href="#[16]">DebugMon_Handler</a><BR>
 <LI><a href="#[17]">PendSV_Handler</a>&nbsp;&nbsp;&nbsp;&rArr;&nbsp;&nbsp;&nbsp;<a href="#[17]">PendSV_Handler</a><BR>
 <LI><a href="#[18]">SysTick_Handler</a>&nbsp;&nbsp;&nbsp;&rArr;&nbsp;&nbsp;&nbsp;<a href="#[18]">SysTick_Handler</a><BR>
 <LI><a href="#[2b]">am_adc_isr</a>&nbsp;&nbsp;&nbsp;&rArr;&nbsp;&nbsp;&nbsp;<a href="#[2b]">am_adc_isr</a><BR>
 <LI><a href="#[24b]">HciVendorSpecificCmd</a>&nbsp;&nbsp;&nbsp;&rArr;&nbsp;&nbsp;&nbsp;<a href="#[205]">hciCmdSend</a><BR>
 <LI><a href="#[2af]">am_hal_debug_error</a>&nbsp;&nbsp;&nbsp;&rArr;&nbsp;&nbsp;&nbsp;<a href="#[2af]">am_hal_debug_error</a><BR>
</UL>
<P>
<H3>
Function Pointers
</H3><UL>
 <LI><a href="#[62]">AppHandler</a> from app_main.o(i.AppHandler) referenced from ble_cordio_power_cycle.o(i.exactle_stack_init)
 <LI><a href="#[55]">AppServerConnCback</a> from app_server.o(i.AppServerConnCback) referenced from tag_main.o(i.TagStart)
 <LI><a href="#[60]">AttHandler</a> from att_main.o(i.AttHandler) referenced from ble_cordio_power_cycle.o(i.exactle_stack_init)
 <LI><a href="#[12]">BusFault_Handler</a> from startup_keil.o(RESET) referenced from startup_keil.o(RESET)
 <LI><a href="#[16]">DebugMon_Handler</a> from startup_keil.o(RESET) referenced from startup_keil.o(RESET)
 <LI><a href="#[5e]">DmHandler</a> from dm_main.o(i.DmHandler) referenced from ble_cordio_power_cycle.o(i.exactle_stack_init)
 <LI><a href="#[10]">HardFault_Handler</a> from am_util_faultisr.o(.emb_text) referenced from startup_keil.o(RESET)
 <LI><a href="#[65]">HciDrvHandler</a> from hci_drv_apollo3.o(i.HciDrvHandler) referenced from ble_cordio_power_cycle.o(i.exactle_stack_init)
 <LI><a href="#[5d]">HciHandler</a> from hci_main.o(i.HciHandler) referenced from ble_cordio_power_cycle.o(i.exactle_stack_init)
 <LI><a href="#[5f]">L2cSlaveHandler</a> from l2c_slave.o(i.L2cSlaveHandler) referenced from ble_cordio_power_cycle.o(i.exactle_stack_init)
 <LI><a href="#[11]">MemManage_Handler</a> from startup_keil.o(RESET) referenced from startup_keil.o(RESET)
 <LI><a href="#[f]">NMI_Handler</a> from startup_keil.o(RESET) referenced from startup_keil.o(RESET)
 <LI><a href="#[17]">PendSV_Handler</a> from startup_keil.o(RESET) referenced from startup_keil.o(RESET)
 <LI><a href="#[e]">Reset_Handler</a> from startup_keil.o(RESET) referenced from startup_keil.o(RESET)
 <LI><a href="#[15]">SVC_Handler</a> from startup_keil.o(RESET) referenced from startup_keil.o(RESET)
 <LI><a href="#[48]">SecAesHciCback</a> from sec_aes.o(i.SecAesHciCback) referenced from sec_aes.o(i.SecAesInit)
 <LI><a href="#[49]">SecCmacHciCback</a> from sec_cmac.o(i.SecCmacHciCback) referenced from sec_cmac.o(i.SecCmacInit)
 <LI><a href="#[4a]">SecEccHciCback</a> from sec_ecc_hci.o(i.SecEccHciCback) referenced from sec_ecc_hci.o(i.SecEccInit)
 <LI><a href="#[14]">SecureFault_Handler</a> from startup_keil.o(RESET) referenced from startup_keil.o(RESET)
 <LI><a href="#[61]">SmpHandler</a> from smp_main.o(i.SmpHandler) referenced from ble_cordio_power_cycle.o(i.exactle_stack_init)
 <LI><a href="#[18]">SysTick_Handler</a> from startup_keil.o(RESET) referenced from startup_keil.o(RESET)
 <LI><a href="#[63]">TagHandler</a> from tag_main.o(i.TagHandler) referenced from ble_cordio_power_cycle.o(i.exactle_stack_init)
 <LI><a href="#[13]">UsageFault_Handler</a> from startup_keil.o(RESET) referenced from startup_keil.o(RESET)
 <LI><a href="#[118]">__main</a> from __main.o(!!!main) referenced from startup_keil.o(RESET)
 <LI><a href="#[2b]">am_adc_isr</a> from startup_keil.o(RESET) referenced from startup_keil.o(RESET)
 <LI><a href="#[25]">am_ble_isr</a> from ble_cordio_power_cycle.o(i.am_ble_isr) referenced from startup_keil.o(RESET)
 <LI><a href="#[19]">am_brownout_isr</a> from startup_keil.o(RESET) referenced from startup_keil.o(RESET)
 <LI><a href="#[38]">am_clkgen_isr</a> from startup_keil.o(RESET) referenced from startup_keil.o(RESET)
 <LI><a href="#[27]">am_ctimer_isr</a> from ble_cordio_power_cycle.o(i.am_ctimer_isr) referenced from startup_keil.o(RESET)
 <LI><a href="#[26]">am_gpio_isr</a> from startup_keil.o(RESET) referenced from startup_keil.o(RESET)
 <LI><a href="#[5a]">am_hal_itm_print</a> from am_hal_itm.o(i.am_hal_itm_print) referenced from am_bsp.o(i.am_bsp_itm_printf_enable)
 <LI><a href="#[1f]">am_iomaster0_isr</a> from startup_keil.o(RESET) referenced from startup_keil.o(RESET)
 <LI><a href="#[20]">am_iomaster1_isr</a> from startup_keil.o(RESET) referenced from startup_keil.o(RESET)
 <LI><a href="#[21]">am_iomaster2_isr</a> from startup_keil.o(RESET) referenced from startup_keil.o(RESET)
 <LI><a href="#[22]">am_iomaster3_isr</a> from startup_keil.o(RESET) referenced from startup_keil.o(RESET)
 <LI><a href="#[23]">am_iomaster4_isr</a> from startup_keil.o(RESET) referenced from startup_keil.o(RESET)
 <LI><a href="#[24]">am_iomaster5_isr</a> from startup_keil.o(RESET) referenced from startup_keil.o(RESET)
 <LI><a href="#[1e]">am_ioslave_acc_isr</a> from startup_keil.o(RESET) referenced from startup_keil.o(RESET)
 <LI><a href="#[1d]">am_ioslave_ios_isr</a> from startup_keil.o(RESET) referenced from startup_keil.o(RESET)
 <LI><a href="#[2d]">am_mspi0_isr</a> from startup_keil.o(RESET) referenced from startup_keil.o(RESET)
 <LI><a href="#[2c]">am_pdm0_isr</a> from startup_keil.o(RESET) referenced from startup_keil.o(RESET)
 <LI><a href="#[1b]">am_rtc_isr</a> from startup_keil.o(RESET) referenced from startup_keil.o(RESET)
 <LI><a href="#[2a]">am_scard_isr</a> from startup_keil.o(RESET) referenced from startup_keil.o(RESET)
 <LI><a href="#[2e]">am_software0_isr</a> from startup_keil.o(RESET) referenced from startup_keil.o(RESET)
 <LI><a href="#[30]">am_stimer_cmpr0_isr</a> from startup_keil.o(RESET) referenced from startup_keil.o(RESET)
 <LI><a href="#[31]">am_stimer_cmpr1_isr</a> from startup_keil.o(RESET) referenced from startup_keil.o(RESET)
 <LI><a href="#[32]">am_stimer_cmpr2_isr</a> from startup_keil.o(RESET) referenced from startup_keil.o(RESET)
 <LI><a href="#[33]">am_stimer_cmpr3_isr</a> from startup_keil.o(RESET) referenced from startup_keil.o(RESET)
 <LI><a href="#[34]">am_stimer_cmpr4_isr</a> from startup_keil.o(RESET) referenced from startup_keil.o(RESET)
 <LI><a href="#[35]">am_stimer_cmpr5_isr</a> from startup_keil.o(RESET) referenced from startup_keil.o(RESET)
 <LI><a href="#[36]">am_stimer_cmpr6_isr</a> from startup_keil.o(RESET) referenced from startup_keil.o(RESET)
 <LI><a href="#[37]">am_stimer_cmpr7_isr</a> from startup_keil.o(RESET) referenced from startup_keil.o(RESET)
 <LI><a href="#[2f]">am_stimer_isr</a> from startup_keil.o(RESET) referenced from startup_keil.o(RESET)
 <LI><a href="#[29]">am_uart1_isr</a> from startup_keil.o(RESET) referenced from startup_keil.o(RESET)
 <LI><a href="#[28]">am_uart_isr</a> from startup_keil.o(RESET) referenced from startup_keil.o(RESET)
 <LI><a href="#[1c]">am_vcomp_isr</a> from startup_keil.o(RESET) referenced from startup_keil.o(RESET)
 <LI><a href="#[1a]">am_watchdog_isr</a> from startup_keil.o(RESET) referenced from startup_keil.o(RESET)
 <LI><a href="#[5c]">appSlaveLegAdvRestart</a> from app_slave_leg.o(i.appSlaveLegAdvRestart) referenced from app_slave_leg.o(i.appSlaveAdvMode)
 <LI><a href="#[5b]">appSlaveLegAdvStop</a> from app_slave_leg.o(i.appSlaveLegAdvStop) referenced from app_slave_leg.o(i.appSlaveAdvMode)
 <LI><a href="#[3a]">appSlaveProcMsg</a> from app_slave.o(i.appSlaveProcMsg) referenced from app_slave.o(i.AppSlaveInit)
 <LI><a href="#[3d]">attDmConnCback</a> from att_main.o(i.attDmConnCback) referenced from att_main.o(i.AttHandlerInit)
 <LI><a href="#[108]">attEmptyConnCback</a> from att_main.o(i.attEmptyConnCback) referenced from att_main.o(.constdata)
 <LI><a href="#[104]">attEmptyDataCback</a> from att_main.o(i.attEmptyDataCback) referenced 2 times from atts_ind.o(.constdata)
 <LI><a href="#[3f]">attEmptyHandler</a> from att_main.o(i.attEmptyHandler) referenced 3 times from attc_main.o(.constdata)
 <LI><a href="#[3f]">attEmptyHandler</a> from att_main.o(i.attEmptyHandler) referenced from atts_main.o(i.AttsInit)
 <LI><a href="#[3b]">attL2cCtrlCback</a> from att_main.o(i.attL2cCtrlCback) referenced from att_main.o(i.AttHandlerInit)
 <LI><a href="#[3c]">attL2cDataCback</a> from att_main.o(i.attL2cDataCback) referenced from att_main.o(i.AttHandlerInit)
 <LI><a href="#[fe]">attcConnCback</a> from attc_main.o(i.attcConnCback) referenced from attc_main.o(.constdata)
 <LI><a href="#[fc]">attcDataCback</a> from attc_main.o(i.attcDataCback) referenced from attc_main.o(.constdata)
 <LI><a href="#[fd]">attcMsgCback</a> from attc_main.o(i.attcMsgCback) referenced from attc_main.o(.constdata)
 <LI><a href="#[10d]">attcProcErrRsp</a> from attc_proc.o(i.attcProcErrRsp) referenced from attc_proc.o(.constdata)
 <LI><a href="#[110]">attcProcFindByTypeRsp</a> from attc_read.o(i.attcProcFindByTypeRsp) referenced from attc_proc.o(.constdata)
 <LI><a href="#[10f]">attcProcFindOrReadRsp</a> from attc_proc.o(i.attcProcFindOrReadRsp) referenced 3 times from attc_proc.o(.constdata)
 <LI><a href="#[10e]">attcProcMtuRsp</a> from attc_proc.o(i.attcProcMtuRsp) referenced from attc_proc.o(.constdata)
 <LI><a href="#[114]">attcProcPrepWriteRsp</a> from attc_write.o(i.attcProcPrepWriteRsp) referenced from attc_proc.o(.constdata)
 <LI><a href="#[112]">attcProcReadLongRsp</a> from attc_read.o(i.attcProcReadLongRsp) referenced from attc_proc.o(.constdata)
 <LI><a href="#[111]">attcProcReadRsp</a> from attc_proc.o(i.attcProcReadRsp) referenced 2 times from attc_proc.o(.constdata)
 <LI><a href="#[113]">attcProcWriteRsp</a> from attc_proc.o(i.attcProcWriteRsp) referenced 2 times from attc_proc.o(.constdata)
 <LI><a href="#[100]">attcSendContinuingReq</a> from attc_main.o(i.attcSendContinuingReq) referenced 5 times from attc_main.o(.constdata)
 <LI><a href="#[ff]">attcSendMtuReq</a> from attc_main.o(i.attcSendMtuReq) referenced from attc_main.o(.constdata)
 <LI><a href="#[103]">attcSendPrepWriteReq</a> from attc_main.o(i.attcSendPrepWriteReq) referenced from attc_main.o(.constdata)
 <LI><a href="#[101]">attcSendSimpleReq</a> from attc_main.o(i.attcSendSimpleReq) referenced 4 times from attc_main.o(.constdata)
 <LI><a href="#[102]">attcSendWriteCmd</a> from attc_main.o(i.attcSendWriteCmd) referenced from attc_main.o(.constdata)
 <LI><a href="#[3e]">attsCccMainCback</a> from atts_ccc.o(i.attsCccMainCback) referenced from atts_ccc.o(i.AttsCccRegister)
 <LI><a href="#[10c]">attsConnCback</a> from atts_main.o(i.attsConnCback) referenced from atts_main.o(.constdata)
 <LI><a href="#[109]">attsDataCback</a> from atts_main.o(i.attsDataCback) referenced from atts_main.o(.constdata)
 <LI><a href="#[107]">attsIndConnCback</a> from atts_ind.o(i.attsIndConnCback) referenced from atts_ind.o(.constdata)
 <LI><a href="#[105]">attsIndCtrlCback</a> from atts_ind.o(i.attsIndCtrlCback) referenced from atts_ind.o(.constdata)
 <LI><a href="#[106]">attsIndMsgCback</a> from atts_ind.o(i.attsIndMsgCback) referenced from atts_ind.o(.constdata)
 <LI><a href="#[10a]">attsL2cCtrlCback</a> from atts_main.o(i.attsL2cCtrlCback) referenced from atts_main.o(.constdata)
 <LI><a href="#[10b]">attsMsgCback</a> from atts_main.o(i.attsMsgCback) referenced from atts_main.o(.constdata)
 <LI><a href="#[c]">attsProcExecWriteReq</a> from atts_write.o(i.attsProcExecWriteReq) referenced 2 times from atts_main.o(.data)
 <LI><a href="#[3]">attsProcFindInfoReq</a> from atts_proc.o(i.attsProcFindInfoReq) referenced 2 times from atts_main.o(.data)
 <LI><a href="#[4]">attsProcFindTypeReq</a> from atts_read.o(i.attsProcFindTypeReq) referenced 2 times from atts_main.o(.data)
 <LI><a href="#[2]">attsProcMtuReq</a> from atts_proc.o(i.attsProcMtuReq) referenced 2 times from atts_main.o(.data)
 <LI><a href="#[b]">attsProcPrepWriteReq</a> from atts_write.o(i.attsProcPrepWriteReq) referenced 2 times from atts_main.o(.data)
 <LI><a href="#[7]">attsProcReadBlobReq</a> from atts_read.o(i.attsProcReadBlobReq) referenced 2 times from atts_main.o(.data)
 <LI><a href="#[9]">attsProcReadGroupTypeReq</a> from atts_read.o(i.attsProcReadGroupTypeReq) referenced 2 times from atts_main.o(.data)
 <LI><a href="#[8]">attsProcReadMultReq</a> from atts_read.o(i.attsProcReadMultReq) referenced 2 times from atts_main.o(.data)
 <LI><a href="#[6]">attsProcReadReq</a> from atts_proc.o(i.attsProcReadReq) referenced 2 times from atts_main.o(.data)
 <LI><a href="#[5]">attsProcReadTypeReq</a> from atts_read.o(i.attsProcReadTypeReq) referenced 2 times from atts_main.o(.data)
 <LI><a href="#[d]">attsProcValueCnf</a> from atts_ind.o(i.attsProcValueCnf) referenced 2 times from atts_main.o(.data)
 <LI><a href="#[a]">attsProcWrite</a> from atts_write.o(i.attsProcWrite) referenced 4 times from atts_main.o(.data)
 <LI><a href="#[64]">button_handler</a> from ble_cordio_power_cycle.o(i.button_handler) referenced from ble_cordio_power_cycle.o(i.exactle_stack_init)
 <LI><a href="#[f4]">dmAdvActClearSets</a> from dm_adv_leg.o(i.dmAdvActClearSets) referenced from dm_adv_leg.o(.constdata)
 <LI><a href="#[ef]">dmAdvActConfig</a> from dm_adv_leg.o(i.dmAdvActConfig) referenced from dm_adv_leg.o(.constdata)
 <LI><a href="#[f3]">dmAdvActRemoveSet</a> from dm_adv_leg.o(i.dmAdvActRemoveSet) referenced from dm_adv_leg.o(.constdata)
 <LI><a href="#[f0]">dmAdvActSetData</a> from dm_adv_leg.o(i.dmAdvActSetData) referenced from dm_adv_leg.o(.constdata)
 <LI><a href="#[f1]">dmAdvActStart</a> from dm_adv_leg.o(i.dmAdvActStart) referenced from dm_adv_leg.o(.constdata)
 <LI><a href="#[f2]">dmAdvActStop</a> from dm_adv_leg.o(i.dmAdvActStop) referenced from dm_adv_leg.o(.constdata)
 <LI><a href="#[f5]">dmAdvActTimeout</a> from dm_adv_leg.o(i.dmAdvActTimeout) referenced from dm_adv_leg.o(.constdata)
 <LI><a href="#[f7]">dmAdvHciHandler</a> from dm_adv_leg.o(i.dmAdvHciHandler) referenced from dm_adv_leg.o(.constdata)
 <LI><a href="#[f8]">dmAdvMsgHandler</a> from dm_adv_leg.o(i.dmAdvMsgHandler) referenced from dm_adv_leg.o(.constdata)
 <LI><a href="#[f6]">dmAdvReset</a> from dm_adv_leg.o(i.dmAdvReset) referenced from dm_adv_leg.o(.constdata)
 <LI><a href="#[e3]">dmConn2HciHandler</a> from dm_conn.o(i.dmConn2HciHandler) referenced from dm_conn.o(.constdata)
 <LI><a href="#[e4]">dmConn2MsgHandler</a> from dm_conn.o(i.dmConn2MsgHandler) referenced from dm_conn.o(.constdata)
 <LI><a href="#[e0]">dmConnHciHandler</a> from dm_conn.o(i.dmConnHciHandler) referenced from dm_conn.o(.constdata)
 <LI><a href="#[e1]">dmConnMsgHandler</a> from dm_conn.o(i.dmConnMsgHandler) referenced from dm_conn.o(.constdata)
 <LI><a href="#[df]">dmConnReset</a> from dm_conn.o(i.dmConnReset) referenced from dm_conn.o(.constdata)
 <LI><a href="#[e5]">dmConnSmActAccept</a> from dm_conn_slave_leg.o(i.dmConnSmActAccept) referenced from dm_conn_slave_leg.o(.constdata)
 <LI><a href="#[e9]">dmConnSmActAcceptFailed</a> from dm_conn_slave_leg.o(i.dmConnSmActAcceptFailed) referenced from dm_conn_slave_leg.o(.constdata)
 <LI><a href="#[e6]">dmConnSmActCancelAccept</a> from dm_conn_slave_leg.o(i.dmConnSmActCancelAccept) referenced from dm_conn_slave_leg.o(.constdata)
 <LI><a href="#[da]">dmConnSmActClose</a> from dm_conn.o(i.dmConnSmActClose) referenced from dm_conn.o(.constdata)
 <LI><a href="#[e8]">dmConnSmActConnAccepted</a> from dm_conn_slave_leg.o(i.dmConnSmActConnAccepted) referenced from dm_conn_slave_leg.o(.constdata)
 <LI><a href="#[dd]">dmConnSmActConnClosed</a> from dm_conn.o(i.dmConnSmActConnClosed) referenced from dm_conn.o(.constdata)
 <LI><a href="#[dc]">dmConnSmActConnFailed</a> from dm_conn.o(i.dmConnSmActConnFailed) referenced from dm_conn.o(.constdata)
 <LI><a href="#[db]">dmConnSmActConnOpened</a> from dm_conn.o(i.dmConnSmActConnOpened) referenced from dm_conn.o(.constdata)
 <LI><a href="#[de]">dmConnSmActHciUpdated</a> from dm_conn.o(i.dmConnSmActHciUpdated) referenced from dm_conn.o(.constdata)
 <LI><a href="#[ea]">dmConnSmActL2cUpdateCnf</a> from dm_conn_slave.o(i.dmConnSmActL2cUpdateCnf) referenced from dm_conn_slave_leg.o(.constdata)
 <LI><a href="#[d9]">dmConnSmActNone</a> from dm_conn.o(i.dmConnSmActNone) referenced from dm_conn.o(.constdata)
 <LI><a href="#[e7]">dmConnSmActUpdateSlave</a> from dm_conn_slave.o(i.dmConnSmActUpdateSlave) referenced from dm_conn_slave_leg.o(.constdata)
 <LI><a href="#[f9]">dmDevActReset</a> from dm_dev.o(i.dmDevActReset) referenced from dm_dev.o(.constdata)
 <LI><a href="#[fa]">dmDevHciHandler</a> from dm_dev.o(i.dmDevHciHandler) referenced from dm_dev.o(.constdata)
 <LI><a href="#[fb]">dmDevMsgHandler</a> from dm_dev.o(i.dmDevMsgHandler) referenced from dm_dev.o(.constdata)
 <LI><a href="#[eb]">dmEmptyHandler</a> from dm_main.o(i.dmEmptyHandler) referenced 3 times from dm_sec_lesc.o(.constdata)
 <LI><a href="#[e2]">dmEmptyReset</a> from dm_main.o(i.dmEmptyReset) referenced 5 times from dm_conn.o(.constdata)
 <LI><a href="#[40]">dmHciEvtCback</a> from dm_main.o(i.dmHciEvtCback) referenced from dm_main.o(i.DmHandlerInit)
 <LI><a href="#[d1]">dmPrivActAddDevToResList</a> from dm_priv.o(i.dmPrivActAddDevToResList) referenced from dm_priv.o(.constdata)
 <LI><a href="#[d0]">dmPrivActAesCmpl</a> from dm_priv.o(i.dmPrivActAesCmpl) referenced from dm_priv.o(.constdata)
 <LI><a href="#[d3]">dmPrivActClearResList</a> from dm_priv.o(i.dmPrivActClearResList) referenced from dm_priv.o(.constdata)
 <LI><a href="#[d2]">dmPrivActRemDevFromResList</a> from dm_priv.o(i.dmPrivActRemDevFromResList) referenced from dm_priv.o(.constdata)
 <LI><a href="#[cf]">dmPrivActResolveAddr</a> from dm_priv.o(i.dmPrivActResolveAddr) referenced from dm_priv.o(.constdata)
 <LI><a href="#[d4]">dmPrivActSetAddrResEnable</a> from dm_priv.o(i.dmPrivActSetAddrResEnable) referenced from dm_priv.o(.constdata)
 <LI><a href="#[d5]">dmPrivActSetPrivacyMode</a> from dm_priv.o(i.dmPrivActSetPrivacyMode) referenced from dm_priv.o(.constdata)
 <LI><a href="#[d7]">dmPrivHciHandler</a> from dm_priv.o(i.dmPrivHciHandler) referenced from dm_priv.o(.constdata)
 <LI><a href="#[d8]">dmPrivMsgHandler</a> from dm_priv.o(i.dmPrivMsgHandler) referenced from dm_priv.o(.constdata)
 <LI><a href="#[d6]">dmPrivReset</a> from dm_priv.o(i.dmPrivReset) referenced from dm_priv.o(.constdata)
 <LI><a href="#[ed]">dmSecHciHandler</a> from dm_sec.o(i.dmSecHciHandler) referenced from dm_sec.o(.constdata)
 <LI><a href="#[ec]">dmSecLescMsgHandler</a> from dm_sec_lesc.o(i.dmSecLescMsgHandler) referenced from dm_sec_lesc.o(.constdata)
 <LI><a href="#[ee]">dmSecMsgHandler</a> from dm_sec.o(i.dmSecMsgHandler) referenced from dm_sec.o(.constdata)
 <LI><a href="#[115]">double_jacobian_default</a> from uECC.o(.text.double_jacobian_default) referenced from uECC.o(.rodata.curve_secp256r1)
 <LI><a href="#[8d]">hciEvtParseAuthTimeoutExpiredEvt</a> from hci_evt.o(i.hciEvtParseAuthTimeoutExpiredEvt) referenced from hci_evt.o(.constdata)
 <LI><a href="#[89]">hciEvtParseDataLenChange</a> from hci_evt.o(i.hciEvtParseDataLenChange) referenced from hci_evt.o(.constdata)
 <LI><a href="#[69]">hciEvtParseDisconnectCmpl</a> from hci_evt.o(i.hciEvtParseDisconnectCmpl) referenced from hci_evt.o(.constdata)
 <LI><a href="#[74]">hciEvtParseEncChange</a> from hci_evt.o(i.hciEvtParseEncChange) referenced from hci_evt.o(.constdata)
 <LI><a href="#[73]">hciEvtParseEncKeyRefreshCmpl</a> from hci_evt.o(i.hciEvtParseEncKeyRefreshCmpl) referenced from hci_evt.o(.constdata)
 <LI><a href="#[8b]">hciEvtParseGenDhKeyCmdCmpl</a> from hci_evt.o(i.hciEvtParseGenDhKeyCmdCmpl) referenced from hci_evt.o(.constdata)
 <LI><a href="#[79]">hciEvtParseHwError</a> from hci_evt.o(i.hciEvtParseHwError) referenced from hci_evt.o(.constdata)
 <LI><a href="#[7a]">hciEvtParseLeAddDevToResListCmdCmpl</a> from hci_evt.o(i.hciEvtParseLeAddDevToResListCmdCmpl) referenced from hci_evt.o(.constdata)
 <LI><a href="#[92]">hciEvtParseLeAdvSetTerm</a> from hci_evt.o(i.hciEvtParseLeAdvSetTerm) referenced from hci_evt.o(.constdata)
 <LI><a href="#[7c]">hciEvtParseLeClearResListCmdCmpl</a> from hci_evt.o(i.hciEvtParseLeClearResListCmdCmpl) referenced from hci_evt.o(.constdata)
 <LI><a href="#[96]">hciEvtParseLeCmdCmpl</a> from hci_evt.o(i.hciEvtParseLeCmdCmpl) referenced 5 times from hci_evt.o(.constdata)
 <LI><a href="#[67]">hciEvtParseLeConnCmpl</a> from hci_evt.o(i.hciEvtParseLeConnCmpl) referenced from hci_evt.o(.constdata)
 <LI><a href="#[6a]">hciEvtParseLeConnUpdateCmpl</a> from hci_evt.o(i.hciEvtParseLeConnUpdateCmpl) referenced from hci_evt.o(.constdata)
 <LI><a href="#[6b]">hciEvtParseLeCreateConnCancelCmdCmpl</a> from hci_evt.o(i.hciEvtParseLeCreateConnCancelCmdCmpl) referenced from hci_evt.o(.constdata)
 <LI><a href="#[80]">hciEvtParseLeEncryptCmdCmpl</a> from hci_evt.o(i.hciEvtParseLeEncryptCmdCmpl) referenced from hci_evt.o(.constdata)
 <LI><a href="#[68]">hciEvtParseLeEnhancedConnCmpl</a> from hci_evt.o(i.hciEvtParseLeEnhancedConnCmpl) referenced from hci_evt.o(.constdata)
 <LI><a href="#[75]">hciEvtParseLeLtkReq</a> from hci_evt.o(i.hciEvtParseLeLtkReq) referenced from hci_evt.o(.constdata)
 <LI><a href="#[72]">hciEvtParseLeLtkReqNegReplCmdCmpl</a> from hci_evt.o(i.hciEvtParseLeLtkReqNegReplCmdCmpl) referenced from hci_evt.o(.constdata)
 <LI><a href="#[71]">hciEvtParseLeLtkReqReplCmdCmpl</a> from hci_evt.o(i.hciEvtParseLeLtkReqReplCmdCmpl) referenced from hci_evt.o(.constdata)
 <LI><a href="#[94]">hciEvtParseLePerAdvSyncEst</a> from hci_evt.o(i.hciEvtParseLePerAdvSyncEst) referenced from hci_evt.o(.constdata)
 <LI><a href="#[95]">hciEvtParseLePerAdvSyncLost</a> from hci_evt.o(i.hciEvtParseLePerAdvSyncLost) referenced from hci_evt.o(.constdata)
 <LI><a href="#[81]">hciEvtParseLeRandCmdCmpl</a> from hci_evt.o(i.hciEvtParseLeRandCmdCmpl) referenced from hci_evt.o(.constdata)
 <LI><a href="#[7e]">hciEvtParseLeReadLocalResAddrCmdCmpl</a> from hci_evt.o(i.hciEvtParseLeReadLocalResAddrCmdCmpl) referenced from hci_evt.o(.constdata)
 <LI><a href="#[7d]">hciEvtParseLeReadPeerResAddrCmdCmpl</a> from hci_evt.o(i.hciEvtParseLeReadPeerResAddrCmdCmpl) referenced from hci_evt.o(.constdata)
 <LI><a href="#[7b]">hciEvtParseLeRemDevFromResListCmdCmpl</a> from hci_evt.o(i.hciEvtParseLeRemDevFromResListCmdCmpl) referenced from hci_evt.o(.constdata)
 <LI><a href="#[93]">hciEvtParseLeScanReqRcvd</a> from hci_evt.o(i.hciEvtParseLeScanReqRcvd) referenced from hci_evt.o(.constdata)
 <LI><a href="#[91]">hciEvtParseLeScanTimeout</a> from hci_evt.o(i.hciEvtParseLeScanTimeout) referenced from hci_evt.o(.constdata)
 <LI><a href="#[7f]">hciEvtParseLeSetAddrResEnableCmdCmpl</a> from hci_evt.o(i.hciEvtParseLeSetAddrResEnableCmdCmpl) referenced from hci_evt.o(.constdata)
 <LI><a href="#[90]">hciEvtParsePhyUpdateCmpl</a> from hci_evt.o(i.hciEvtParsePhyUpdateCmpl) referenced from hci_evt.o(.constdata)
 <LI><a href="#[6d]">hciEvtParseReadChanMapCmdCmpl</a> from hci_evt.o(i.hciEvtParseReadChanMapCmdCmpl) referenced from hci_evt.o(.constdata)
 <LI><a href="#[84]">hciEvtParseReadDefDataLenCmdCmpl</a> from hci_evt.o(i.hciEvtParseReadDefDataLenCmdCmpl) referenced from hci_evt.o(.constdata)
 <LI><a href="#[70]">hciEvtParseReadLeRemoteFeatCmpl</a> from hci_evt.o(i.hciEvtParseReadLeRemoteFeatCmpl) referenced from hci_evt.o(.constdata)
 <LI><a href="#[87]">hciEvtParseReadMaxDataLenCmdCmpl</a> from hci_evt.o(i.hciEvtParseReadMaxDataLenCmdCmpl) referenced from hci_evt.o(.constdata)
 <LI><a href="#[8e]">hciEvtParseReadPhyCmdCmpl</a> from hci_evt.o(i.hciEvtParseReadPhyCmdCmpl) referenced from hci_evt.o(.constdata)
 <LI><a href="#[8a]">hciEvtParseReadPubKeyCmdCmpl</a> from hci_evt.o(i.hciEvtParseReadPubKeyCmdCmpl) referenced from hci_evt.o(.constdata)
 <LI><a href="#[6f]">hciEvtParseReadRemoteVerInfoCmpl</a> from hci_evt.o(i.hciEvtParseReadRemoteVerInfoCmpl) referenced from hci_evt.o(.constdata)
 <LI><a href="#[6c]">hciEvtParseReadRssiCmdCmpl</a> from hci_evt.o(i.hciEvtParseReadRssiCmdCmpl) referenced from hci_evt.o(.constdata)
 <LI><a href="#[6e]">hciEvtParseReadTxPwrLvlCmdCmpl</a> from hci_evt.o(i.hciEvtParseReadTxPwrLvlCmdCmpl) referenced from hci_evt.o(.constdata)
 <LI><a href="#[83]">hciEvtParseRemConnParamNegRepCmdCmpl</a> from hci_evt.o(i.hciEvtParseRemConnParamNegRepCmdCmpl) referenced from hci_evt.o(.constdata)
 <LI><a href="#[82]">hciEvtParseRemConnParamRepCmdCmpl</a> from hci_evt.o(i.hciEvtParseRemConnParamRepCmdCmpl) referenced from hci_evt.o(.constdata)
 <LI><a href="#[88]">hciEvtParseRemConnParamReq</a> from hci_evt.o(i.hciEvtParseRemConnParamReq) referenced from hci_evt.o(.constdata)
 <LI><a href="#[86]">hciEvtParseSetDataLenCmdCmpl</a> from hci_evt.o(i.hciEvtParseSetDataLenCmdCmpl) referenced from hci_evt.o(.constdata)
 <LI><a href="#[8f]">hciEvtParseSetDefPhyCmdCmpl</a> from hci_evt.o(i.hciEvtParseSetDefPhyCmdCmpl) referenced from hci_evt.o(.constdata)
 <LI><a href="#[78]">hciEvtParseVendorSpec</a> from hci_evt.o(i.hciEvtParseVendorSpec) referenced from hci_evt.o(.constdata)
 <LI><a href="#[77]">hciEvtParseVendorSpecCmdCmpl</a> from hci_evt.o(i.hciEvtParseVendorSpecCmdCmpl) referenced from hci_evt.o(.constdata)
 <LI><a href="#[76]">hciEvtParseVendorSpecCmdStatus</a> from hci_evt.o(i.hciEvtParseVendorSpecCmdStatus) referenced from hci_evt.o(.constdata)
 <LI><a href="#[8c]">hciEvtParseWriteAuthTimeoutCmdCmpl</a> from hci_evt.o(i.hciEvtParseWriteAuthTimeoutCmdCmpl) referenced from hci_evt.o(.constdata)
 <LI><a href="#[85]">hciEvtParseWriteDefDataLenCmdCmpl</a> from hci_evt.o(i.hciEvtParseWriteDefDataLenCmdCmpl) referenced from hci_evt.o(.constdata)
 <LI><a href="#[43]">l2cDefaultCtrlCback</a> from l2c_main.o(i.l2cDefaultCtrlCback) referenced from l2c_main.o(i.L2cInit)
 <LI><a href="#[41]">l2cDefaultDataCback</a> from l2c_main.o(i.l2cDefaultDataCback) referenced from l2c_main.o(i.L2cInit)
 <LI><a href="#[44]">l2cDefaultDataCidCback</a> from l2c_main.o(i.l2cDefaultDataCidCback) referenced from l2c_main.o(i.L2cInit)
 <LI><a href="#[46]">l2cHciAclCback</a> from l2c_main.o(i.l2cHciAclCback) referenced from l2c_main.o(i.L2cInit)
 <LI><a href="#[45]">l2cHciFlowCback</a> from l2c_main.o(i.l2cHciFlowCback) referenced from l2c_main.o(i.L2cInit)
 <LI><a href="#[42]">l2cRxSignalingPkt</a> from l2c_main.o(i.l2cRxSignalingPkt) referenced from l2c_main.o(i.L2cInit)
 <LI><a href="#[47]">l2cSlaveRxSignalingPkt</a> from l2c_slave.o(i.l2cSlaveRxSignalingPkt) referenced from l2c_slave.o(i.L2cSlaveInit)
 <LI><a href="#[66]">radio_timer_handler</a> from ble_cordio_power_cycle.o(i.radio_timer_handler) referenced from ble_cordio_power_cycle.o(i.scheduler_timer_init)
 <LI><a href="#[4b]">secHciCback</a> from sec_main.o(i.secHciCback) referenced from sec_main.o(i.SecInit)
 <LI><a href="#[a2]">smpActAttemptRcvd</a> from smp_act.o(i.smpActAttemptRcvd) referenced 2 times from smpr_sm.o(.constdata)
 <LI><a href="#[a3]">smpActCheckAttempts</a> from smp_act.o(i.smpActCheckAttempts) referenced 2 times from smpr_sm.o(.constdata)
 <LI><a href="#[98]">smpActCleanup</a> from smp_act.o(i.smpActCleanup) referenced from smpr_sm.o(.constdata)
 <LI><a href="#[a1]">smpActMaxAttempts</a> from smp_act.o(i.smpActMaxAttempts) referenced 2 times from smpr_sm.o(.constdata)
 <LI><a href="#[97]">smpActNone</a> from smp_act.o(i.smpActNone) referenced 2 times from smpr_sm.o(.constdata)
 <LI><a href="#[9c]">smpActPairCnfCalc1</a> from smp_act.o(i.smpActPairCnfCalc1) referenced 2 times from smpr_sm.o(.constdata)
 <LI><a href="#[9d]">smpActPairCnfCalc2</a> from smp_act.o(i.smpActPairCnfCalc2) referenced 2 times from smpr_sm.o(.constdata)
 <LI><a href="#[9f]">smpActPairCnfVerCalc1</a> from smp_act.o(i.smpActPairCnfVerCalc1) referenced 2 times from smpr_sm.o(.constdata)
 <LI><a href="#[a0]">smpActPairCnfVerCalc2</a> from smp_act.o(i.smpActPairCnfVerCalc2) referenced 2 times from smpr_sm.o(.constdata)
 <LI><a href="#[9a]">smpActPairingCancel</a> from smp_act.o(i.smpActPairingCancel) referenced from smpr_sm.o(.constdata)
 <LI><a href="#[a4]">smpActPairingCmpl</a> from smp_act.o(i.smpActPairingCmpl) referenced 2 times from smpr_sm.o(.constdata)
 <LI><a href="#[99]">smpActPairingFailed</a> from smp_act.o(i.smpActPairingFailed) referenced from smpr_sm.o(.constdata)
 <LI><a href="#[9e]">smpActSendPairCnf</a> from smp_act.o(i.smpActSendPairCnf) referenced 2 times from smpr_sm.o(.constdata)
 <LI><a href="#[9b]">smpActStorePin</a> from smp_act.o(i.smpActStorePin) referenced 2 times from smpr_sm.o(.constdata)
 <LI><a href="#[52]">smpAuthReq</a> from smp_act.o(i.smpAuthReq) referenced from smpr_sm.o(i.SmprInit)
 <LI><a href="#[4e]">smpDmConnCback</a> from smp_main.o(i.smpDmConnCback) referenced from smp_main.o(i.SmpHandlerInit)
 <LI><a href="#[4c]">smpL2cCtrlCback</a> from smp_main.o(i.smpL2cCtrlCback) referenced from smp_main.o(i.SmpHandlerInit)
 <LI><a href="#[4d]">smpL2cDataCback</a> from smp_main.o(i.smpL2cDataCback) referenced from smp_main.o(i.SmpHandlerInit)
 <LI><a href="#[51]">smpProcPairing</a> from smp_act.o(i.smpProcPairing) referenced from smpr_sm.o(i.SmprInit)
 <LI><a href="#[cb]">smpScActCalcF5Ltk</a> from smp_sc_act.o(i.smpScActCalcF5Ltk) referenced from smpr_sc_sm.o(.constdata)
 <LI><a href="#[ca]">smpScActCalcF5MacKey</a> from smp_sc_act.o(i.smpScActCalcF5MacKey) referenced from smpr_sc_sm.o(.constdata)
 <LI><a href="#[c9]">smpScActCalcF5TKey</a> from smp_sc_act.o(i.smpScActCalcF5TKey) referenced from smpr_sc_sm.o(.constdata)
 <LI><a href="#[b1]">smpScActCleanup</a> from smp_sc_act.o(i.smpScActCleanup) referenced from smpr_sc_sm.o(.constdata)
 <LI><a href="#[cc]">smpScActDHKeyCalcF6Ea</a> from smp_sc_act.o(i.smpScActDHKeyCalcF6Ea) referenced from smpr_sc_sm.o(.constdata)
 <LI><a href="#[cd]">smpScActDHKeyCalcF6Eb</a> from smp_sc_act.o(i.smpScActDHKeyCalcF6Eb) referenced from smpr_sc_sm.o(.constdata)
 <LI><a href="#[b9]">smpScActJwncDisplay</a> from smp_sc_act.o(i.smpScActJwncDisplay) referenced from smpr_sc_sm.o(.constdata)
 <LI><a href="#[b3]">smpScActPairingCancel</a> from smp_sc_act.o(i.smpScActPairingCancel) referenced from smpr_sc_sm.o(.constdata)
 <LI><a href="#[b2]">smpScActPairingFailed</a> from smp_sc_act.o(i.smpScActPairingFailed) referenced from smpr_sc_sm.o(.constdata)
 <LI><a href="#[bb]">smpScActPkKeypress</a> from smp_sc_act.o(i.smpScActPkKeypress) referenced from smpr_sc_sm.o(.constdata)
 <LI><a href="#[bc]">smpScActPkSendKeypress</a> from smp_sc_act.o(i.smpScActPkSendKeypress) referenced from smpr_sc_sm.o(.constdata)
 <LI><a href="#[ba]">smpScActPkSetup</a> from smp_sc_act.o(i.smpScActPkSetup) referenced from smpr_sc_sm.o(.constdata)
 <LI><a href="#[50]">smpScAuthReq</a> from smp_sc_act.o(i.smpScAuthReq) referenced from smp_sc_main.o(i.SmpScInit)
 <LI><a href="#[4f]">smpScProcPairing</a> from smp_sc_act.o(i.smpScProcPairing) referenced from smp_sc_main.o(i.SmpScInit)
 <LI><a href="#[a6]">smprActCheckSecurityReq</a> from smpr_act.o(i.smprActCheckSecurityReq) referenced 2 times from smpr_sm.o(.constdata)
 <LI><a href="#[a7]">smprActClearSecurityReq</a> from smpr_act.o(i.smprActClearSecurityReq) referenced 2 times from smpr_sm.o(.constdata)
 <LI><a href="#[ac]">smprActCnfVerify</a> from smpr_act.o(i.smprActCnfVerify) referenced 2 times from smpr_sm.o(.constdata)
 <LI><a href="#[aa]">smprActProcPairCnf</a> from smpr_act.o(i.smprActProcPairCnf) referenced 2 times from smpr_sm.o(.constdata)
 <LI><a href="#[ab]">smprActProcPairCnfCalc1</a> from smpr_act.o(i.smprActProcPairCnfCalc1) referenced 2 times from smpr_sm.o(.constdata)
 <LI><a href="#[a8]">smprActProcPairReq</a> from smpr_act.o(i.smprActProcPairReq) referenced 2 times from smpr_sm.o(.constdata)
 <LI><a href="#[b0]">smprActRcvKey</a> from smpr_act.o(i.smprActRcvKey) referenced 2 times from smpr_sm.o(.constdata)
 <LI><a href="#[af]">smprActSendKey</a> from smpr_act.o(i.smprActSendKey) referenced 2 times from smpr_sm.o(.constdata)
 <LI><a href="#[ad]">smprActSendPairRandom</a> from smpr_act.o(i.smprActSendPairRandom) referenced 2 times from smpr_sm.o(.constdata)
 <LI><a href="#[a9]">smprActSendPairRsp</a> from smpr_act.o(i.smprActSendPairRsp) referenced 2 times from smpr_sm.o(.constdata)
 <LI><a href="#[a5]">smprActSendSecurityReq</a> from smpr_act.o(i.smprActSendSecurityReq) referenced 2 times from smpr_sm.o(.constdata)
 <LI><a href="#[ae]">smprActSetupKeyDist</a> from smpr_act.o(i.smprActSetupKeyDist) referenced 2 times from smpr_sm.o(.constdata)
 <LI><a href="#[c8]">smprScActCalcDHKey</a> from smpr_sc_act.o(i.smprScActCalcDHKey) referenced from smpr_sc_sm.o(.constdata)
 <LI><a href="#[ce]">smprScActDHKeyCheckSend</a> from smpr_sc_act.o(i.smprScActDHKeyCheckSend) referenced from smpr_sc_sm.o(.constdata)
 <LI><a href="#[b8]">smprScActJwncCalcG2</a> from smpr_sc_act.o(i.smprScActJwncCalcG2) referenced from smpr_sc_sm.o(.constdata)
 <LI><a href="#[b7]">smprScActJwncSendCnf</a> from smpr_sc_act.o(i.smprScActJwncSendCnf) referenced from smpr_sc_sm.o(.constdata)
 <LI><a href="#[b6]">smprScActJwncSetup</a> from smpr_sc_act.o(i.smprScActJwncSetup) referenced from smpr_sc_sm.o(.constdata)
 <LI><a href="#[c5]">smprScActOobCalcCa</a> from smpr_sc_act.o(i.smprScActOobCalcCa) referenced from smpr_sc_sm.o(.constdata)
 <LI><a href="#[c6]">smprScActOobSendRand</a> from smpr_sc_act.o(i.smprScActOobSendRand) referenced from smpr_sc_sm.o(.constdata)
 <LI><a href="#[c4]">smprScActOobSetup</a> from smpr_sc_act.o(i.smprScActOobSetup) referenced from smpr_sc_sm.o(.constdata)
 <LI><a href="#[c2]">smprScActPkCalcCa</a> from smpr_sc_act.o(i.smprScActPkCalcCa) referenced from smpr_sc_sm.o(.constdata)
 <LI><a href="#[c0]">smprScActPkCalcCb</a> from smpr_sc_act.o(i.smprScActPkCalcCb) referenced from smpr_sc_sm.o(.constdata)
 <LI><a href="#[c1]">smprScActPkSendCnf</a> from smpr_sc_act.o(i.smprScActPkSendCnf) referenced from smpr_sc_sm.o(.constdata)
 <LI><a href="#[c3]">smprScActPkSendRand</a> from smpr_sc_act.o(i.smprScActPkSendRand) referenced from smpr_sc_sm.o(.constdata)
 <LI><a href="#[bd]">smprScActPkStoreCnf</a> from smpr_sc_act.o(i.smprScActPkStoreCnf) referenced from smpr_sc_sm.o(.constdata)
 <LI><a href="#[be]">smprScActPkStoreCnfAndCalcCb</a> from smpr_sc_act.o(i.smprScActPkStoreCnfAndCalcCb) referenced from smpr_sc_sm.o(.constdata)
 <LI><a href="#[bf]">smprScActPkStorePinAndCalcCb</a> from smpr_sc_act.o(i.smprScActPkStorePinAndCalcCb) referenced from smpr_sc_sm.o(.constdata)
 <LI><a href="#[b4]">smprScActSendPubKey</a> from smpr_sc_act.o(i.smprScActSendPubKey) referenced from smpr_sc_sm.o(.constdata)
 <LI><a href="#[b5]">smprScActStoreLescPin</a> from smpr_sc_act.o(i.smprScActStoreLescPin) referenced from smpr_sc_sm.o(.constdata)
 <LI><a href="#[c7]">smprScActWaitDhCheck</a> from smpr_sc_act.o(i.smprScActWaitDhCheck) referenced from smpr_sc_sm.o(.constdata)
 <LI><a href="#[54]">tagAttCback</a> from tag_main.o(i.tagAttCback) referenced from tag_main.o(i.TagStart)
 <LI><a href="#[57]">tagBtnCback</a> from tag_main.o(i.tagBtnCback) referenced from tag_main.o(i.TagStart)
 <LI><a href="#[56]">tagCccCback</a> from tag_main.o(i.tagCccCback) referenced from tag_main.o(i.TagStart)
 <LI><a href="#[58]">tagDiscCback</a> from tag_main.o(i.tagDiscCback) referenced from tag_main.o(i.TagStart)
 <LI><a href="#[53]">tagDmCback</a> from tag_main.o(i.tagDmCback) referenced from tag_main.o(i.TagStart)
 <LI><a href="#[59]">tagIasWriteCback</a> from tag_main.o(i.tagIasWriteCback) referenced from tag_main.o(i.TagStart)
 <LI><a href="#[117]">vli_mmod_fast_secp256r1</a> from uECC.o(.text.vli_mmod_fast_secp256r1) referenced from uECC.o(.rodata.curve_secp256r1)
 <LI><a href="#[116]">x_side_default</a> from uECC.o(.text.x_side_default) referenced from uECC.o(.rodata.curve_secp256r1)
</UL>
<P>
<H3>
Global Symbols
</H3>
<P><STRONG><a name="[e]"></a>Reset_Handler</STRONG> (Thumb, 28 bytes, Stack size 0 bytes, startup_keil.o(RESET))
<BR>[Address Reference Count : 1]<UL><LI> startup_keil.o(RESET)
</UL>
<P><STRONG><a name="[f]"></a>NMI_Handler</STRONG> (Thumb, 2 bytes, Stack size 0 bytes, startup_keil.o(RESET))
<BR><BR>[Calls]<UL><LI><a href="#[f]">&gt;&gt;</a>&nbsp;&nbsp;&nbsp;NMI_Handler
</UL>
<BR>[Called By]<UL><LI><a href="#[f]">&gt;&gt;</a>&nbsp;&nbsp;&nbsp;NMI_Handler
</UL>
<BR>[Address Reference Count : 1]<UL><LI> startup_keil.o(RESET)
</UL>
<P><STRONG><a name="[11]"></a>MemManage_Handler</STRONG> (Thumb, 2 bytes, Stack size 0 bytes, startup_keil.o(RESET))
<BR><BR>[Calls]<UL><LI><a href="#[11]">&gt;&gt;</a>&nbsp;&nbsp;&nbsp;MemManage_Handler
</UL>
<BR>[Called By]<UL><LI><a href="#[11]">&gt;&gt;</a>&nbsp;&nbsp;&nbsp;MemManage_Handler
</UL>
<BR>[Address Reference Count : 1]<UL><LI> startup_keil.o(RESET)
</UL>
<P><STRONG><a name="[12]"></a>BusFault_Handler</STRONG> (Thumb, 2 bytes, Stack size 0 bytes, startup_keil.o(RESET))
<BR><BR>[Calls]<UL><LI><a href="#[12]">&gt;&gt;</a>&nbsp;&nbsp;&nbsp;BusFault_Handler
</UL>
<BR>[Called By]<UL><LI><a href="#[12]">&gt;&gt;</a>&nbsp;&nbsp;&nbsp;BusFault_Handler
</UL>
<BR>[Address Reference Count : 1]<UL><LI> startup_keil.o(RESET)
</UL>
<P><STRONG><a name="[13]"></a>UsageFault_Handler</STRONG> (Thumb, 2 bytes, Stack size 0 bytes, startup_keil.o(RESET))
<BR><BR>[Calls]<UL><LI><a href="#[13]">&gt;&gt;</a>&nbsp;&nbsp;&nbsp;UsageFault_Handler
</UL>
<BR>[Called By]<UL><LI><a href="#[13]">&gt;&gt;</a>&nbsp;&nbsp;&nbsp;UsageFault_Handler
</UL>
<BR>[Address Reference Count : 1]<UL><LI> startup_keil.o(RESET)
</UL>
<P><STRONG><a name="[14]"></a>SecureFault_Handler</STRONG> (Thumb, 2 bytes, Stack size 0 bytes, startup_keil.o(RESET))
<BR><BR>[Calls]<UL><LI><a href="#[14]">&gt;&gt;</a>&nbsp;&nbsp;&nbsp;SecureFault_Handler
</UL>
<BR>[Called By]<UL><LI><a href="#[14]">&gt;&gt;</a>&nbsp;&nbsp;&nbsp;SecureFault_Handler
</UL>
<BR>[Address Reference Count : 1]<UL><LI> startup_keil.o(RESET)
</UL>
<P><STRONG><a name="[15]"></a>SVC_Handler</STRONG> (Thumb, 2 bytes, Stack size 0 bytes, startup_keil.o(RESET))
<BR><BR>[Calls]<UL><LI><a href="#[15]">&gt;&gt;</a>&nbsp;&nbsp;&nbsp;SVC_Handler
</UL>
<BR>[Called By]<UL><LI><a href="#[15]">&gt;&gt;</a>&nbsp;&nbsp;&nbsp;SVC_Handler
</UL>
<BR>[Address Reference Count : 1]<UL><LI> startup_keil.o(RESET)
</UL>
<P><STRONG><a name="[16]"></a>DebugMon_Handler</STRONG> (Thumb, 2 bytes, Stack size 0 bytes, startup_keil.o(RESET))
<BR><BR>[Calls]<UL><LI><a href="#[16]">&gt;&gt;</a>&nbsp;&nbsp;&nbsp;DebugMon_Handler
</UL>
<BR>[Called By]<UL><LI><a href="#[16]">&gt;&gt;</a>&nbsp;&nbsp;&nbsp;DebugMon_Handler
</UL>
<BR>[Address Reference Count : 1]<UL><LI> startup_keil.o(RESET)
</UL>
<P><STRONG><a name="[17]"></a>PendSV_Handler</STRONG> (Thumb, 2 bytes, Stack size 0 bytes, startup_keil.o(RESET))
<BR><BR>[Calls]<UL><LI><a href="#[17]">&gt;&gt;</a>&nbsp;&nbsp;&nbsp;PendSV_Handler
</UL>
<BR>[Called By]<UL><LI><a href="#[17]">&gt;&gt;</a>&nbsp;&nbsp;&nbsp;PendSV_Handler
</UL>
<BR>[Address Reference Count : 1]<UL><LI> startup_keil.o(RESET)
</UL>
<P><STRONG><a name="[18]"></a>SysTick_Handler</STRONG> (Thumb, 2 bytes, Stack size 0 bytes, startup_keil.o(RESET))
<BR><BR>[Calls]<UL><LI><a href="#[18]">&gt;&gt;</a>&nbsp;&nbsp;&nbsp;SysTick_Handler
</UL>
<BR>[Called By]<UL><LI><a href="#[18]">&gt;&gt;</a>&nbsp;&nbsp;&nbsp;SysTick_Handler
</UL>
<BR>[Address Reference Count : 1]<UL><LI> startup_keil.o(RESET)
</UL>
<P><STRONG><a name="[2b]"></a>am_adc_isr</STRONG> (Thumb, 0 bytes, Stack size 0 bytes, startup_keil.o(RESET))
<BR><BR>[Calls]<UL><LI><a href="#[2b]">&gt;&gt;</a>&nbsp;&nbsp;&nbsp;am_adc_isr
</UL>
<BR>[Called By]<UL><LI><a href="#[2b]">&gt;&gt;</a>&nbsp;&nbsp;&nbsp;am_adc_isr
</UL>
<BR>[Address Reference Count : 1]<UL><LI> startup_keil.o(RESET)
</UL>
<P><STRONG><a name="[19]"></a>am_brownout_isr</STRONG> (Thumb, 0 bytes, Stack size 0 bytes, startup_keil.o(RESET))
<BR>[Address Reference Count : 1]<UL><LI> startup_keil.o(RESET)
</UL>
<P><STRONG><a name="[38]"></a>am_clkgen_isr</STRONG> (Thumb, 0 bytes, Stack size 0 bytes, startup_keil.o(RESET))
<BR>[Address Reference Count : 1]<UL><LI> startup_keil.o(RESET)
</UL>
<P><STRONG><a name="[26]"></a>am_gpio_isr</STRONG> (Thumb, 0 bytes, Stack size 0 bytes, startup_keil.o(RESET))
<BR>[Address Reference Count : 1]<UL><LI> startup_keil.o(RESET)
</UL>
<P><STRONG><a name="[1f]"></a>am_iomaster0_isr</STRONG> (Thumb, 0 bytes, Stack size 0 bytes, startup_keil.o(RESET))
<BR>[Address Reference Count : 1]<UL><LI> startup_keil.o(RESET)
</UL>
<P><STRONG><a name="[20]"></a>am_iomaster1_isr</STRONG> (Thumb, 0 bytes, Stack size 0 bytes, startup_keil.o(RESET))
<BR>[Address Reference Count : 1]<UL><LI> startup_keil.o(RESET)
</UL>
<P><STRONG><a name="[21]"></a>am_iomaster2_isr</STRONG> (Thumb, 0 bytes, Stack size 0 bytes, startup_keil.o(RESET))
<BR>[Address Reference Count : 1]<UL><LI> startup_keil.o(RESET)
</UL>
<P><STRONG><a name="[22]"></a>am_iomaster3_isr</STRONG> (Thumb, 0 bytes, Stack size 0 bytes, startup_keil.o(RESET))
<BR>[Address Reference Count : 1]<UL><LI> startup_keil.o(RESET)
</UL>
<P><STRONG><a name="[23]"></a>am_iomaster4_isr</STRONG> (Thumb, 0 bytes, Stack size 0 bytes, startup_keil.o(RESET))
<BR>[Address Reference Count : 1]<UL><LI> startup_keil.o(RESET)
</UL>
<P><STRONG><a name="[24]"></a>am_iomaster5_isr</STRONG> (Thumb, 0 bytes, Stack size 0 bytes, startup_keil.o(RESET))
<BR>[Address Reference Count : 1]<UL><LI> startup_keil.o(RESET)
</UL>
<P><STRONG><a name="[1e]"></a>am_ioslave_acc_isr</STRONG> (Thumb, 0 bytes, Stack size 0 bytes, startup_keil.o(RESET))
<BR>[Address Reference Count : 1]<UL><LI> startup_keil.o(RESET)
</UL>
<P><STRONG><a name="[1d]"></a>am_ioslave_ios_isr</STRONG> (Thumb, 0 bytes, Stack size 0 bytes, startup_keil.o(RESET))
<BR>[Address Reference Count : 1]<UL><LI> startup_keil.o(RESET)
</UL>
<P><STRONG><a name="[2d]"></a>am_mspi0_isr</STRONG> (Thumb, 0 bytes, Stack size 0 bytes, startup_keil.o(RESET))
<BR>[Address Reference Count : 1]<UL><LI> startup_keil.o(RESET)
</UL>
<P><STRONG><a name="[2c]"></a>am_pdm0_isr</STRONG> (Thumb, 0 bytes, Stack size 0 bytes, startup_keil.o(RESET))
<BR>[Address Reference Count : 1]<UL><LI> startup_keil.o(RESET)
</UL>
<P><STRONG><a name="[1b]"></a>am_rtc_isr</STRONG> (Thumb, 0 bytes, Stack size 0 bytes, startup_keil.o(RESET))
<BR>[Address Reference Count : 1]<UL><LI> startup_keil.o(RESET)
</UL>
<P><STRONG><a name="[2a]"></a>am_scard_isr</STRONG> (Thumb, 0 bytes, Stack size 0 bytes, startup_keil.o(RESET))
<BR>[Address Reference Count : 1]<UL><LI> startup_keil.o(RESET)
</UL>
<P><STRONG><a name="[2e]"></a>am_software0_isr</STRONG> (Thumb, 0 bytes, Stack size 0 bytes, startup_keil.o(RESET))
<BR>[Address Reference Count : 1]<UL><LI> startup_keil.o(RESET)
</UL>
<P><STRONG><a name="[30]"></a>am_stimer_cmpr0_isr</STRONG> (Thumb, 0 bytes, Stack size 0 bytes, startup_keil.o(RESET))
<BR>[Address Reference Count : 1]<UL><LI> startup_keil.o(RESET)
</UL>
<P><STRONG><a name="[31]"></a>am_stimer_cmpr1_isr</STRONG> (Thumb, 0 bytes, Stack size 0 bytes, startup_keil.o(RESET))
<BR>[Address Reference Count : 1]<UL><LI> startup_keil.o(RESET)
</UL>
<P><STRONG><a name="[32]"></a>am_stimer_cmpr2_isr</STRONG> (Thumb, 0 bytes, Stack size 0 bytes, startup_keil.o(RESET))
<BR>[Address Reference Count : 1]<UL><LI> startup_keil.o(RESET)
</UL>
<P><STRONG><a name="[33]"></a>am_stimer_cmpr3_isr</STRONG> (Thumb, 0 bytes, Stack size 0 bytes, startup_keil.o(RESET))
<BR>[Address Reference Count : 1]<UL><LI> startup_keil.o(RESET)
</UL>
<P><STRONG><a name="[34]"></a>am_stimer_cmpr4_isr</STRONG> (Thumb, 0 bytes, Stack size 0 bytes, startup_keil.o(RESET))
<BR>[Address Reference Count : 1]<UL><LI> startup_keil.o(RESET)
</UL>
<P><STRONG><a name="[35]"></a>am_stimer_cmpr5_isr</STRONG> (Thumb, 0 bytes, Stack size 0 bytes, startup_keil.o(RESET))
<BR>[Address Reference Count : 1]<UL><LI> startup_keil.o(RESET)
</UL>
<P><STRONG><a name="[36]"></a>am_stimer_cmpr6_isr</STRONG> (Thumb, 0 bytes, Stack size 0 bytes, startup_keil.o(RESET))
<BR>[Address Reference Count : 1]<UL><LI> startup_keil.o(RESET)
</UL>
<P><STRONG><a name="[37]"></a>am_stimer_cmpr7_isr</STRONG> (Thumb, 0 bytes, Stack size 0 bytes, startup_keil.o(RESET))
<BR>[Address Reference Count : 1]<UL><LI> startup_keil.o(RESET)
</UL>
<P><STRONG><a name="[2f]"></a>am_stimer_isr</STRONG> (Thumb, 0 bytes, Stack size 0 bytes, startup_keil.o(RESET))
<BR>[Address Reference Count : 1]<UL><LI> startup_keil.o(RESET)
</UL>
<P><STRONG><a name="[119]"></a>am_uart0_isr</STRONG> (Thumb, 0 bytes, Stack size 0 bytes, startup_keil.o(RESET), UNUSED, KEPT)

<P><STRONG><a name="[29]"></a>am_uart1_isr</STRONG> (Thumb, 0 bytes, Stack size 0 bytes, startup_keil.o(RESET))
<BR>[Address Reference Count : 1]<UL><LI> startup_keil.o(RESET)
</UL>
<P><STRONG><a name="[28]"></a>am_uart_isr</STRONG> (Thumb, 0 bytes, Stack size 0 bytes, startup_keil.o(RESET))
<BR>[Address Reference Count : 1]<UL><LI> startup_keil.o(RESET)
</UL>
<P><STRONG><a name="[1c]"></a>am_vcomp_isr</STRONG> (Thumb, 0 bytes, Stack size 0 bytes, startup_keil.o(RESET))
<BR>[Address Reference Count : 1]<UL><LI> startup_keil.o(RESET)
</UL>
<P><STRONG><a name="[1a]"></a>am_watchdog_isr</STRONG> (Thumb, 0 bytes, Stack size 0 bytes, startup_keil.o(RESET))
<BR>[Address Reference Count : 1]<UL><LI> startup_keil.o(RESET)
</UL>
<P><STRONG><a name="[118]"></a>__main</STRONG> (Thumb, 8 bytes, Stack size 0 bytes, __main.o(!!!main))
<BR><BR>[Calls]<UL><LI><a href="#[11b]">&gt;&gt;</a>&nbsp;&nbsp;&nbsp;__rt_entry
<LI><a href="#[11a]">&gt;&gt;</a>&nbsp;&nbsp;&nbsp;__scatterload
</UL>

<P><STRONG><a name="[11a]"></a>__scatterload</STRONG> (Thumb, 0 bytes, Stack size unknown bytes, __scatter.o(!!!scatter))
<BR><BR>[Called By]<UL><LI><a href="#[118]">&gt;&gt;</a>&nbsp;&nbsp;&nbsp;__main
</UL>

<P><STRONG><a name="[11c]"></a>__scatterload_rt2</STRONG> (Thumb, 44 bytes, Stack size unknown bytes, __scatter.o(!!!scatter), UNUSED)
<BR><BR>[Calls]<UL><LI><a href="#[11b]">&gt;&gt;</a>&nbsp;&nbsp;&nbsp;__rt_entry
</UL>

<P><STRONG><a name="[37c]"></a>__scatterload_rt2_thumb_only</STRONG> (Thumb, 0 bytes, Stack size unknown bytes, __scatter.o(!!!scatter), UNUSED)

<P><STRONG><a name="[37d]"></a>__scatterload_null</STRONG> (Thumb, 0 bytes, Stack size unknown bytes, __scatter.o(!!!scatter), UNUSED)

<P><STRONG><a name="[37e]"></a>__decompress</STRONG> (Thumb, 100 bytes, Stack size unknown bytes, __dclz77c.o(!!dclz77c), UNUSED)

<P><STRONG><a name="[37f]"></a>__decompress2</STRONG> (Thumb, 0 bytes, Stack size unknown bytes, __dclz77c.o(!!dclz77c), UNUSED)

<P><STRONG><a name="[380]"></a>__scatterload_zeroinit</STRONG> (Thumb, 28 bytes, Stack size unknown bytes, __scatter_zi.o(!!handler_zi), UNUSED)

<P><STRONG><a name="[122]"></a>__rt_lib_init</STRONG> (Thumb, 0 bytes, Stack size unknown bytes, libinit.o(.ARM.Collect$$libinit$$00000000))
<BR><BR>[Called By]<UL><LI><a href="#[121]">&gt;&gt;</a>&nbsp;&nbsp;&nbsp;__rt_entry_li
</UL>

<P><STRONG><a name="[11d]"></a>__rt_lib_init_fp_1</STRONG> (Thumb, 0 bytes, Stack size unknown bytes, libinit2.o(.ARM.Collect$$libinit$$00000001))
<BR><BR>[Calls]<UL><LI><a href="#[11e]">&gt;&gt;</a>&nbsp;&nbsp;&nbsp;_fp_init
</UL>

<P><STRONG><a name="[381]"></a>__rt_lib_init_alloca_1</STRONG> (Thumb, 0 bytes, Stack size unknown bytes, libinit2.o(.ARM.Collect$$libinit$$0000002E))

<P><STRONG><a name="[382]"></a>__rt_lib_init_argv_1</STRONG> (Thumb, 0 bytes, Stack size unknown bytes, libinit2.o(.ARM.Collect$$libinit$$0000002C))

<P><STRONG><a name="[383]"></a>__rt_lib_init_atexit_1</STRONG> (Thumb, 0 bytes, Stack size unknown bytes, libinit2.o(.ARM.Collect$$libinit$$0000001B))

<P><STRONG><a name="[384]"></a>__rt_lib_init_clock_1</STRONG> (Thumb, 0 bytes, Stack size unknown bytes, libinit2.o(.ARM.Collect$$libinit$$00000021))

<P><STRONG><a name="[385]"></a>__rt_lib_init_cpp_1</STRONG> (Thumb, 0 bytes, Stack size unknown bytes, libinit2.o(.ARM.Collect$$libinit$$00000032))

<P><STRONG><a name="[386]"></a>__rt_lib_init_exceptions_1</STRONG> (Thumb, 0 bytes, Stack size unknown bytes, libinit2.o(.ARM.Collect$$libinit$$00000030))

<P><STRONG><a name="[387]"></a>__rt_lib_init_fp_trap_1</STRONG> (Thumb, 0 bytes, Stack size unknown bytes, libinit2.o(.ARM.Collect$$libinit$$0000001F))

<P><STRONG><a name="[388]"></a>__rt_lib_init_getenv_1</STRONG> (Thumb, 0 bytes, Stack size unknown bytes, libinit2.o(.ARM.Collect$$libinit$$00000023))

<P><STRONG><a name="[389]"></a>__rt_lib_init_heap_1</STRONG> (Thumb, 0 bytes, Stack size unknown bytes, libinit2.o(.ARM.Collect$$libinit$$0000000A))

<P><STRONG><a name="[38a]"></a>__rt_lib_init_lc_collate_1</STRONG> (Thumb, 0 bytes, Stack size unknown bytes, libinit2.o(.ARM.Collect$$libinit$$00000011))

<P><STRONG><a name="[38b]"></a>__rt_lib_init_lc_ctype_1</STRONG> (Thumb, 0 bytes, Stack size unknown bytes, libinit2.o(.ARM.Collect$$libinit$$00000013))

<P><STRONG><a name="[38c]"></a>__rt_lib_init_lc_monetary_1</STRONG> (Thumb, 0 bytes, Stack size unknown bytes, libinit2.o(.ARM.Collect$$libinit$$00000015))

<P><STRONG><a name="[38d]"></a>__rt_lib_init_lc_numeric_1</STRONG> (Thumb, 0 bytes, Stack size unknown bytes, libinit2.o(.ARM.Collect$$libinit$$00000017))

<P><STRONG><a name="[38e]"></a>__rt_lib_init_lc_time_1</STRONG> (Thumb, 0 bytes, Stack size unknown bytes, libinit2.o(.ARM.Collect$$libinit$$00000019))

<P><STRONG><a name="[38f]"></a>__rt_lib_init_preinit_1</STRONG> (Thumb, 0 bytes, Stack size unknown bytes, libinit2.o(.ARM.Collect$$libinit$$00000004))

<P><STRONG><a name="[390]"></a>__rt_lib_init_rand_1</STRONG> (Thumb, 0 bytes, Stack size unknown bytes, libinit2.o(.ARM.Collect$$libinit$$0000000E))

<P><STRONG><a name="[391]"></a>__rt_lib_init_return</STRONG> (Thumb, 0 bytes, Stack size unknown bytes, libinit2.o(.ARM.Collect$$libinit$$00000033))

<P><STRONG><a name="[392]"></a>__rt_lib_init_signal_1</STRONG> (Thumb, 0 bytes, Stack size unknown bytes, libinit2.o(.ARM.Collect$$libinit$$0000001D))

<P><STRONG><a name="[393]"></a>__rt_lib_init_stdio_1</STRONG> (Thumb, 0 bytes, Stack size unknown bytes, libinit2.o(.ARM.Collect$$libinit$$00000025))

<P><STRONG><a name="[394]"></a>__rt_lib_init_user_alloc_1</STRONG> (Thumb, 0 bytes, Stack size unknown bytes, libinit2.o(.ARM.Collect$$libinit$$0000000C))

<P><STRONG><a name="[127]"></a>__rt_lib_shutdown</STRONG> (Thumb, 0 bytes, Stack size unknown bytes, libshutdown.o(.ARM.Collect$$libshutdown$$00000000))
<BR><BR>[Called By]<UL><LI><a href="#[126]">&gt;&gt;</a>&nbsp;&nbsp;&nbsp;__rt_exit_ls
</UL>

<P><STRONG><a name="[395]"></a>__rt_lib_shutdown_cpp_1</STRONG> (Thumb, 0 bytes, Stack size unknown bytes, libshutdown2.o(.ARM.Collect$$libshutdown$$00000002))

<P><STRONG><a name="[396]"></a>__rt_lib_shutdown_fp_trap_1</STRONG> (Thumb, 0 bytes, Stack size unknown bytes, libshutdown2.o(.ARM.Collect$$libshutdown$$00000007))

<P><STRONG><a name="[397]"></a>__rt_lib_shutdown_heap_1</STRONG> (Thumb, 0 bytes, Stack size unknown bytes, libshutdown2.o(.ARM.Collect$$libshutdown$$0000000F))

<P><STRONG><a name="[398]"></a>__rt_lib_shutdown_return</STRONG> (Thumb, 0 bytes, Stack size unknown bytes, libshutdown2.o(.ARM.Collect$$libshutdown$$00000010))

<P><STRONG><a name="[399]"></a>__rt_lib_shutdown_signal_1</STRONG> (Thumb, 0 bytes, Stack size unknown bytes, libshutdown2.o(.ARM.Collect$$libshutdown$$0000000A))

<P><STRONG><a name="[39a]"></a>__rt_lib_shutdown_stdio_1</STRONG> (Thumb, 0 bytes, Stack size unknown bytes, libshutdown2.o(.ARM.Collect$$libshutdown$$00000004))

<P><STRONG><a name="[39b]"></a>__rt_lib_shutdown_user_alloc_1</STRONG> (Thumb, 0 bytes, Stack size unknown bytes, libshutdown2.o(.ARM.Collect$$libshutdown$$0000000C))

<P><STRONG><a name="[11b]"></a>__rt_entry</STRONG> (Thumb, 0 bytes, Stack size unknown bytes, __rtentry.o(.ARM.Collect$$rtentry$$00000000))
<BR><BR>[Called By]<UL><LI><a href="#[118]">&gt;&gt;</a>&nbsp;&nbsp;&nbsp;__main
<LI><a href="#[11c]">&gt;&gt;</a>&nbsp;&nbsp;&nbsp;__scatterload_rt2
</UL>

<P><STRONG><a name="[39c]"></a>__rt_entry_presh_1</STRONG> (Thumb, 0 bytes, Stack size unknown bytes, __rtentry2.o(.ARM.Collect$$rtentry$$00000002))

<P><STRONG><a name="[11f]"></a>__rt_entry_sh</STRONG> (Thumb, 0 bytes, Stack size unknown bytes, __rtentry4.o(.ARM.Collect$$rtentry$$00000004))
<BR><BR>[Stack]<UL><LI>Max Depth = 8 + Unknown Stack Size
<LI>Call Chain = __rt_entry_sh &rArr; __user_setup_stackheap
</UL>
<BR>[Calls]<UL><LI><a href="#[120]">&gt;&gt;</a>&nbsp;&nbsp;&nbsp;__user_setup_stackheap
</UL>

<P><STRONG><a name="[121]"></a>__rt_entry_li</STRONG> (Thumb, 0 bytes, Stack size unknown bytes, __rtentry2.o(.ARM.Collect$$rtentry$$0000000A))
<BR><BR>[Calls]<UL><LI><a href="#[122]">&gt;&gt;</a>&nbsp;&nbsp;&nbsp;__rt_lib_init
</UL>

<P><STRONG><a name="[39d]"></a>__rt_entry_postsh_1</STRONG> (Thumb, 0 bytes, Stack size unknown bytes, __rtentry2.o(.ARM.Collect$$rtentry$$00000009))

<P><STRONG><a name="[123]"></a>__rt_entry_main</STRONG> (Thumb, 0 bytes, Stack size unknown bytes, __rtentry2.o(.ARM.Collect$$rtentry$$0000000D))
<BR><BR>[Stack]<UL><LI>Max Depth = 636 + Unknown Stack Size
<LI>Call Chain = __rt_entry_main &rArr; main &rArr; TagStart &rArr; DmDevReset &rArr; WsfMsgAlloc &rArr; WsfBufAlloc &rArr; WsfTrace &rArr; am_util_stdio_printf &rArr; am_util_stdio_vsprintf &rArr; ftoa &rArr; uint64_to_str &rArr; divu64_10
</UL>
<BR>[Calls]<UL><LI><a href="#[124]">&gt;&gt;</a>&nbsp;&nbsp;&nbsp;main
<LI><a href="#[125]">&gt;&gt;</a>&nbsp;&nbsp;&nbsp;exit
</UL>

<P><STRONG><a name="[39e]"></a>__rt_entry_postli_1</STRONG> (Thumb, 0 bytes, Stack size unknown bytes, __rtentry2.o(.ARM.Collect$$rtentry$$0000000C))

<P><STRONG><a name="[139]"></a>__rt_exit</STRONG> (Thumb, 0 bytes, Stack size unknown bytes, rtexit.o(.ARM.Collect$$rtexit$$00000000))
<BR><BR>[Called By]<UL><LI><a href="#[125]">&gt;&gt;</a>&nbsp;&nbsp;&nbsp;exit
</UL>

<P><STRONG><a name="[126]"></a>__rt_exit_ls</STRONG> (Thumb, 0 bytes, Stack size unknown bytes, rtexit2.o(.ARM.Collect$$rtexit$$00000003))
<BR><BR>[Calls]<UL><LI><a href="#[127]">&gt;&gt;</a>&nbsp;&nbsp;&nbsp;__rt_lib_shutdown
</UL>

<P><STRONG><a name="[39f]"></a>__rt_exit_prels_1</STRONG> (Thumb, 0 bytes, Stack size unknown bytes, rtexit2.o(.ARM.Collect$$rtexit$$00000002))

<P><STRONG><a name="[128]"></a>__rt_exit_exit</STRONG> (Thumb, 0 bytes, Stack size unknown bytes, rtexit2.o(.ARM.Collect$$rtexit$$00000004))
<BR><BR>[Calls]<UL><LI><a href="#[129]">&gt;&gt;</a>&nbsp;&nbsp;&nbsp;_sys_exit
</UL>

<P><STRONG><a name="[10]"></a>HardFault_Handler</STRONG> (Thumb, 26 bytes, Stack size 0 bytes, am_util_faultisr.o(.emb_text))
<BR><BR>[Stack]<UL><LI>Max Depth = 76<LI>Call Chain = HardFault_Handler &rArr; am_util_faultisr_collect_data &rArr; __aeabi_memclr4
</UL>
<BR>[Calls]<UL><LI><a href="#[12a]">&gt;&gt;</a>&nbsp;&nbsp;&nbsp;am_util_faultisr_collect_data
</UL>
<BR>[Address Reference Count : 1]<UL><LI> startup_keil.o(RESET)
</UL>
<P><STRONG><a name="[2bb]"></a>getStackedReg</STRONG> (Thumb, 8 bytes, Stack size 0 bytes, am_util_faultisr.o(.emb_text))
<BR><BR>[Called By]<UL><LI><a href="#[12a]">&gt;&gt;</a>&nbsp;&nbsp;&nbsp;am_util_faultisr_collect_data
</UL>

<P><STRONG><a name="[2b2]"></a>am_hal_triple_read</STRONG> (Thumb, 28 bytes, Stack size 0 bytes, am_hal_ctimer.o(.emb_text))
<BR><BR>[Called By]<UL><LI><a href="#[2b1]">&gt;&gt;</a>&nbsp;&nbsp;&nbsp;am_hal_ctimer_read
</UL>

<P><STRONG><a name="[33e]"></a>am_hal_interrupt_master_enable</STRONG> (Thumb, 8 bytes, Stack size 0 bytes, am_hal_interrupt.o(.emb_text))
<BR><BR>[Called By]<UL><LI><a href="#[124]">&gt;&gt;</a>&nbsp;&nbsp;&nbsp;main
</UL>

<P><STRONG><a name="[29a]"></a>am_hal_interrupt_master_disable</STRONG> (Thumb, 8 bytes, Stack size 0 bytes, am_hal_interrupt.o(.emb_text))
<BR><BR>[Called By]<UL><LI><a href="#[213]">&gt;&gt;</a>&nbsp;&nbsp;&nbsp;am_hal_queue_item_get
<LI><a href="#[2b7]">&gt;&gt;</a>&nbsp;&nbsp;&nbsp;am_hal_queue_item_add
<LI><a href="#[21e]">&gt;&gt;</a>&nbsp;&nbsp;&nbsp;am_hal_ble_int_enable
<LI><a href="#[2b9]">&gt;&gt;</a>&nbsp;&nbsp;&nbsp;am_hal_sysctrl_sleep
<LI><a href="#[2b8]">&gt;&gt;</a>&nbsp;&nbsp;&nbsp;am_hal_sysctrl_fpu_stacking_enable
<LI><a href="#[2b4]">&gt;&gt;</a>&nbsp;&nbsp;&nbsp;am_hal_ctimer_stop
<LI><a href="#[2b3]">&gt;&gt;</a>&nbsp;&nbsp;&nbsp;am_hal_ctimer_start
<LI><a href="#[2b0]">&gt;&gt;</a>&nbsp;&nbsp;&nbsp;am_hal_ctimer_period_set
<LI><a href="#[291]">&gt;&gt;</a>&nbsp;&nbsp;&nbsp;am_hal_ctimer_int_status_get
<LI><a href="#[2ad]">&gt;&gt;</a>&nbsp;&nbsp;&nbsp;am_hal_ctimer_int_enable
<LI><a href="#[292]">&gt;&gt;</a>&nbsp;&nbsp;&nbsp;am_hal_ctimer_int_clear
<LI><a href="#[2ac]">&gt;&gt;</a>&nbsp;&nbsp;&nbsp;am_hal_ctimer_config_single
<LI><a href="#[2ab]">&gt;&gt;</a>&nbsp;&nbsp;&nbsp;am_hal_ctimer_clear
<LI><a href="#[2a6]">&gt;&gt;</a>&nbsp;&nbsp;&nbsp;am_hal_cachectrl_config
<LI><a href="#[124]">&gt;&gt;</a>&nbsp;&nbsp;&nbsp;main
<LI><a href="#[2a7]">&gt;&gt;</a>&nbsp;&nbsp;&nbsp;am_hal_cachectrl_control
<LI><a href="#[2a5]">&gt;&gt;</a>&nbsp;&nbsp;&nbsp;am_hal_pwrctrl_periph_enable
<LI><a href="#[2a4]">&gt;&gt;</a>&nbsp;&nbsp;&nbsp;am_hal_pwrctrl_periph_disable
<LI><a href="#[299]">&gt;&gt;</a>&nbsp;&nbsp;&nbsp;am_hal_ble_blocking_transfer
<LI><a href="#[28e]">&gt;&gt;</a>&nbsp;&nbsp;&nbsp;am_hal_pwrctrl_low_power_init
<LI><a href="#[290]">&gt;&gt;</a>&nbsp;&nbsp;&nbsp;am_hal_gpio_state_write
<LI><a href="#[28b]">&gt;&gt;</a>&nbsp;&nbsp;&nbsp;am_hal_gpio_pinconfig
</UL>

<P><STRONG><a name="[29b]"></a>am_hal_interrupt_master_set</STRONG> (Thumb, 6 bytes, Stack size 0 bytes, am_hal_interrupt.o(.emb_text))
<BR><BR>[Called By]<UL><LI><a href="#[213]">&gt;&gt;</a>&nbsp;&nbsp;&nbsp;am_hal_queue_item_get
<LI><a href="#[2b7]">&gt;&gt;</a>&nbsp;&nbsp;&nbsp;am_hal_queue_item_add
<LI><a href="#[21e]">&gt;&gt;</a>&nbsp;&nbsp;&nbsp;am_hal_ble_int_enable
<LI><a href="#[2b9]">&gt;&gt;</a>&nbsp;&nbsp;&nbsp;am_hal_sysctrl_sleep
<LI><a href="#[2b8]">&gt;&gt;</a>&nbsp;&nbsp;&nbsp;am_hal_sysctrl_fpu_stacking_enable
<LI><a href="#[2b4]">&gt;&gt;</a>&nbsp;&nbsp;&nbsp;am_hal_ctimer_stop
<LI><a href="#[2b3]">&gt;&gt;</a>&nbsp;&nbsp;&nbsp;am_hal_ctimer_start
<LI><a href="#[2b0]">&gt;&gt;</a>&nbsp;&nbsp;&nbsp;am_hal_ctimer_period_set
<LI><a href="#[291]">&gt;&gt;</a>&nbsp;&nbsp;&nbsp;am_hal_ctimer_int_status_get
<LI><a href="#[2ad]">&gt;&gt;</a>&nbsp;&nbsp;&nbsp;am_hal_ctimer_int_enable
<LI><a href="#[292]">&gt;&gt;</a>&nbsp;&nbsp;&nbsp;am_hal_ctimer_int_clear
<LI><a href="#[2ac]">&gt;&gt;</a>&nbsp;&nbsp;&nbsp;am_hal_ctimer_config_single
<LI><a href="#[2ab]">&gt;&gt;</a>&nbsp;&nbsp;&nbsp;am_hal_ctimer_clear
<LI><a href="#[2a6]">&gt;&gt;</a>&nbsp;&nbsp;&nbsp;am_hal_cachectrl_config
<LI><a href="#[2a7]">&gt;&gt;</a>&nbsp;&nbsp;&nbsp;am_hal_cachectrl_control
<LI><a href="#[2a5]">&gt;&gt;</a>&nbsp;&nbsp;&nbsp;am_hal_pwrctrl_periph_enable
<LI><a href="#[2a4]">&gt;&gt;</a>&nbsp;&nbsp;&nbsp;am_hal_pwrctrl_periph_disable
<LI><a href="#[299]">&gt;&gt;</a>&nbsp;&nbsp;&nbsp;am_hal_ble_blocking_transfer
<LI><a href="#[28e]">&gt;&gt;</a>&nbsp;&nbsp;&nbsp;am_hal_pwrctrl_low_power_init
<LI><a href="#[290]">&gt;&gt;</a>&nbsp;&nbsp;&nbsp;am_hal_gpio_state_write
<LI><a href="#[28b]">&gt;&gt;</a>&nbsp;&nbsp;&nbsp;am_hal_gpio_pinconfig
</UL>

<P><STRONG><a name="[138]"></a>__user_initial_stackheap</STRONG> (Thumb, 10 bytes, Stack size 0 bytes, startup_keil.o(.text))
<BR><BR>[Called By]<UL><LI><a href="#[120]">&gt;&gt;</a>&nbsp;&nbsp;&nbsp;__user_setup_stackheap
</UL>

<P><STRONG><a name="[15a]"></a>memcmp</STRONG> (Thumb, 88 bytes, Stack size 8 bytes, memcmp.o(.text))
<BR><BR>[Stack]<UL><LI>Max Depth = 8<LI>Call Chain = memcmp
</UL>
<BR>[Called By]<UL><LI><a href="#[1c7]">&gt;&gt;</a>&nbsp;&nbsp;&nbsp;BdaIsZeros
<LI><a href="#[158]">&gt;&gt;</a>&nbsp;&nbsp;&nbsp;BdaCmp
<LI><a href="#[159]">&gt;&gt;</a>&nbsp;&nbsp;&nbsp;AppDbFindByLtkReq
<LI><a href="#[1a4]">&gt;&gt;</a>&nbsp;&nbsp;&nbsp;appSecFindLtk
<LI><a href="#[170]">&gt;&gt;</a>&nbsp;&nbsp;&nbsp;AttcDiscCharCmpl
<LI><a href="#[d0]">&gt;&gt;</a>&nbsp;&nbsp;&nbsp;dmPrivActAesCmpl
<LI><a href="#[c3]">&gt;&gt;</a>&nbsp;&nbsp;&nbsp;smprScActPkSendRand
<LI><a href="#[c6]">&gt;&gt;</a>&nbsp;&nbsp;&nbsp;smprScActOobSendRand
<LI><a href="#[ce]">&gt;&gt;</a>&nbsp;&nbsp;&nbsp;smprScActDHKeyCheckSend
<LI><a href="#[ac]">&gt;&gt;</a>&nbsp;&nbsp;&nbsp;smprActCnfVerify
<LI><a href="#[ed]">&gt;&gt;</a>&nbsp;&nbsp;&nbsp;dmSecHciHandler
<LI><a href="#[4]">&gt;&gt;</a>&nbsp;&nbsp;&nbsp;attsProcFindTypeReq
<LI><a href="#[1b5]">&gt;&gt;</a>&nbsp;&nbsp;&nbsp;attUuidCmp16to128
<LI><a href="#[2f8]">&gt;&gt;</a>&nbsp;&nbsp;&nbsp;attsUuidCmp
</UL>

<P><STRONG><a name="[12e]"></a>__aeabi_memcpy</STRONG> (Thumb, 0 bytes, Stack size 0 bytes, rt_memcpy_v6.o(.text))
<BR><BR>[Called By]<UL><LI><a href="#[1f1]">&gt;&gt;</a>&nbsp;&nbsp;&nbsp;DmSecSetEccKey
<LI><a href="#[180]">&gt;&gt;</a>&nbsp;&nbsp;&nbsp;SecRand
<LI><a href="#[224]">&gt;&gt;</a>&nbsp;&nbsp;&nbsp;HciLeGenerateDHKey
<LI><a href="#[223]">&gt;&gt;</a>&nbsp;&nbsp;&nbsp;HciLeEncryptCmd
<LI><a href="#[1c8]">&gt;&gt;</a>&nbsp;&nbsp;&nbsp;Calc128Cpy
<LI><a href="#[1c0]">&gt;&gt;</a>&nbsp;&nbsp;&nbsp;AttcWriteCmd
<LI><a href="#[161]">&gt;&gt;</a>&nbsp;&nbsp;&nbsp;AppDbSetKey
<LI><a href="#[160]">&gt;&gt;</a>&nbsp;&nbsp;&nbsp;AppDbSetHdlList
<LI><a href="#[24b]">&gt;&gt;</a>&nbsp;&nbsp;&nbsp;HciVendorSpecificCmd
<LI><a href="#[335]">&gt;&gt;</a>&nbsp;&nbsp;&nbsp;hciEvtProcessLePerAdvReport
<LI><a href="#[334]">&gt;&gt;</a>&nbsp;&nbsp;&nbsp;hciEvtProcessLeExtAdvReport
<LI><a href="#[332]">&gt;&gt;</a>&nbsp;&nbsp;&nbsp;hciEvtProcessLeAdvReport
<LI><a href="#[77]">&gt;&gt;</a>&nbsp;&nbsp;&nbsp;hciEvtParseVendorSpecCmdCmpl
<LI><a href="#[78]">&gt;&gt;</a>&nbsp;&nbsp;&nbsp;hciEvtParseVendorSpec
<LI><a href="#[8a]">&gt;&gt;</a>&nbsp;&nbsp;&nbsp;hciEvtParseReadPubKeyCmdCmpl
<LI><a href="#[80]">&gt;&gt;</a>&nbsp;&nbsp;&nbsp;hciEvtParseLeEncryptCmdCmpl
<LI><a href="#[8b]">&gt;&gt;</a>&nbsp;&nbsp;&nbsp;hciEvtParseGenDhKeyCmdCmpl
<LI><a href="#[1ff]">&gt;&gt;</a>&nbsp;&nbsp;&nbsp;hciCoreAclReassembly
<LI><a href="#[23b]">&gt;&gt;</a>&nbsp;&nbsp;&nbsp;HciLeStartEncryptionCmd
<LI><a href="#[23a]">&gt;&gt;</a>&nbsp;&nbsp;&nbsp;HciLeSetScanRespDataCmd
<LI><a href="#[233]">&gt;&gt;</a>&nbsp;&nbsp;&nbsp;HciLeSetAdvDataCmd
<LI><a href="#[226]">&gt;&gt;</a>&nbsp;&nbsp;&nbsp;HciLeLtkReqReplCmd
<LI><a href="#[220]">&gt;&gt;</a>&nbsp;&nbsp;&nbsp;HciLeAddDeviceToResolvingListCmd
<LI><a href="#[54]">&gt;&gt;</a>&nbsp;&nbsp;&nbsp;tagAttCback
<LI><a href="#[181]">&gt;&gt;</a>&nbsp;&nbsp;&nbsp;DmSecAuthRsp
<LI><a href="#[171]">&gt;&gt;</a>&nbsp;&nbsp;&nbsp;appDiscStart
<LI><a href="#[c9]">&gt;&gt;</a>&nbsp;&nbsp;&nbsp;smpScActCalcF5TKey
<LI><a href="#[ad]">&gt;&gt;</a>&nbsp;&nbsp;&nbsp;smprActSendPairRandom
<LI><a href="#[9b]">&gt;&gt;</a>&nbsp;&nbsp;&nbsp;smpActStorePin
<LI><a href="#[9c]">&gt;&gt;</a>&nbsp;&nbsp;&nbsp;smpActPairCnfCalc1
<LI><a href="#[265]">&gt;&gt;</a>&nbsp;&nbsp;&nbsp;SmpScCat
<LI><a href="#[a]">&gt;&gt;</a>&nbsp;&nbsp;&nbsp;attsProcWrite
<LI><a href="#[5]">&gt;&gt;</a>&nbsp;&nbsp;&nbsp;attsProcReadTypeReq
<LI><a href="#[6]">&gt;&gt;</a>&nbsp;&nbsp;&nbsp;attsProcReadReq
<LI><a href="#[8]">&gt;&gt;</a>&nbsp;&nbsp;&nbsp;attsProcReadMultReq
<LI><a href="#[9]">&gt;&gt;</a>&nbsp;&nbsp;&nbsp;attsProcReadGroupTypeReq
<LI><a href="#[7]">&gt;&gt;</a>&nbsp;&nbsp;&nbsp;attsProcReadBlobReq
<LI><a href="#[b]">&gt;&gt;</a>&nbsp;&nbsp;&nbsp;attsProcPrepWriteReq
<LI><a href="#[c]">&gt;&gt;</a>&nbsp;&nbsp;&nbsp;attsProcExecWriteReq
<LI><a href="#[103]">&gt;&gt;</a>&nbsp;&nbsp;&nbsp;attcSendPrepWriteReq
<LI><a href="#[354]">&gt;&gt;</a>&nbsp;&nbsp;&nbsp;smpScActCalcSharedSecret
<LI><a href="#[264]">&gt;&gt;</a>&nbsp;&nbsp;&nbsp;SmpScCalcF4
<LI><a href="#[1b8]">&gt;&gt;</a>&nbsp;&nbsp;&nbsp;AttcWriteReq
<LI><a href="#[1b7]">&gt;&gt;</a>&nbsp;&nbsp;&nbsp;AttcReadByTypeReq
<LI><a href="#[1bb]">&gt;&gt;</a>&nbsp;&nbsp;&nbsp;AttcFindByTypeValueReq
<LI><a href="#[12d]">&gt;&gt;</a>&nbsp;&nbsp;&nbsp;memcpy
</UL>

<P><STRONG><a name="[12b]"></a>__rt_memcpy</STRONG> (Thumb, 138 bytes, Stack size 0 bytes, rt_memcpy_v6.o(.text), UNUSED)
<BR><BR>[Calls]<UL><LI><a href="#[12c]">&gt;&gt;</a>&nbsp;&nbsp;&nbsp;__aeabi_memcpy4
</UL>

<P><STRONG><a name="[3a0]"></a>_memcpy_lastbytes</STRONG> (Thumb, 0 bytes, Stack size unknown bytes, rt_memcpy_v6.o(.text), UNUSED)

<P><STRONG><a name="[12d]"></a>memcpy</STRONG> (Thumb, 8 bytes, Stack size 8 bytes, memcpy.o(.text))
<BR><BR>[Stack]<UL><LI>Max Depth = 8<LI>Call Chain = memcpy
</UL>
<BR>[Calls]<UL><LI><a href="#[12e]">&gt;&gt;</a>&nbsp;&nbsp;&nbsp;__aeabi_memcpy
</UL>
<BR>[Called By]<UL><LI><a href="#[115]">&gt;&gt;</a>&nbsp;&nbsp;&nbsp;double_jacobian_default
</UL>

<P><STRONG><a name="[12c]"></a>__aeabi_memcpy4</STRONG> (Thumb, 0 bytes, Stack size 8 bytes, rt_memcpy_w.o(.text))
<BR><BR>[Stack]<UL><LI>Max Depth = 8<LI>Call Chain = __aeabi_memcpy4
</UL>
<BR>[Called By]<UL><LI><a href="#[19a]">&gt;&gt;</a>&nbsp;&nbsp;&nbsp;HciDrvRadioBoot
<LI><a href="#[53]">&gt;&gt;</a>&nbsp;&nbsp;&nbsp;tagDmCback
<LI><a href="#[29f]">&gt;&gt;</a>&nbsp;&nbsp;&nbsp;am_hal_ble_patch_apply
<LI><a href="#[103]">&gt;&gt;</a>&nbsp;&nbsp;&nbsp;attcSendPrepWriteReq
<LI><a href="#[100]">&gt;&gt;</a>&nbsp;&nbsp;&nbsp;attcSendContinuingReq
<LI><a href="#[12f]">&gt;&gt;</a>&nbsp;&nbsp;&nbsp;__rt_memmove_w
<LI><a href="#[12b]">&gt;&gt;</a>&nbsp;&nbsp;&nbsp;__rt_memcpy
</UL>

<P><STRONG><a name="[3a1]"></a>__aeabi_memcpy8</STRONG> (Thumb, 0 bytes, Stack size 8 bytes, rt_memcpy_w.o(.text), UNUSED)

<P><STRONG><a name="[3a2]"></a>__rt_memcpy_w</STRONG> (Thumb, 100 bytes, Stack size 8 bytes, rt_memcpy_w.o(.text), UNUSED)

<P><STRONG><a name="[3a3]"></a>_memcpy_lastbytes_aligned</STRONG> (Thumb, 0 bytes, Stack size unknown bytes, rt_memcpy_w.o(.text), UNUSED)

<P><STRONG><a name="[343]"></a>__aeabi_memmove4</STRONG> (Thumb, 0 bytes, Stack size 8 bytes, rt_memmove_w.o(.text))
<BR><BR>[Stack]<UL><LI>Max Depth = 8<LI>Call Chain = __aeabi_memmove4
</UL>
<BR>[Called By]<UL><LI><a href="#[4b]">&gt;&gt;</a>&nbsp;&nbsp;&nbsp;secHciCback
</UL>

<P><STRONG><a name="[3a4]"></a>__aeabi_memmove8</STRONG> (Thumb, 0 bytes, Stack size 8 bytes, rt_memmove_w.o(.text), UNUSED)

<P><STRONG><a name="[12f]"></a>__rt_memmove_w</STRONG> (Thumb, 122 bytes, Stack size 8 bytes, rt_memmove_w.o(.text), UNUSED)
<BR><BR>[Calls]<UL><LI><a href="#[12c]">&gt;&gt;</a>&nbsp;&nbsp;&nbsp;__aeabi_memcpy4
</UL>

<P><STRONG><a name="[3a5]"></a>__memmove_aligned</STRONG> (Thumb, 0 bytes, Stack size unknown bytes, rt_memmove_w.o(.text), UNUSED)

<P><STRONG><a name="[3a6]"></a>__memmove_lastfew_aligned</STRONG> (Thumb, 0 bytes, Stack size unknown bytes, rt_memmove_w.o(.text), UNUSED)

<P><STRONG><a name="[130]"></a>memset</STRONG> (Thumb, 22 bytes, Stack size 8 bytes, memset.o(.text))
<BR><BR>[Stack]<UL><LI>Max Depth = 8 + Unknown Stack Size
<LI>Call Chain = memset
</UL>
<BR>[Calls]<UL><LI><a href="#[131]">&gt;&gt;</a>&nbsp;&nbsp;&nbsp;_memset
</UL>
<BR>[Called By]<UL><LI><a href="#[116]">&gt;&gt;</a>&nbsp;&nbsp;&nbsp;x_side_default
</UL>

<P><STRONG><a name="[132]"></a>__aeabi_memset</STRONG> (Thumb, 16 bytes, Stack size 0 bytes, aeabi_memset.o(.text))
<BR><BR>[Calls]<UL><LI><a href="#[131]">&gt;&gt;</a>&nbsp;&nbsp;&nbsp;_memset
</UL>
<BR>[Called By]<UL><LI><a href="#[4a]">&gt;&gt;</a>&nbsp;&nbsp;&nbsp;SecEccHciCback
<LI><a href="#[25b]">&gt;&gt;</a>&nbsp;&nbsp;&nbsp;SecEccGenSharedSecret
</UL>

<P><STRONG><a name="[17a]"></a>__aeabi_memclr</STRONG> (Thumb, 0 bytes, Stack size 0 bytes, rt_memclr.o(.text))
<BR><BR>[Called By]<UL><LI><a href="#[179]">&gt;&gt;</a>&nbsp;&nbsp;&nbsp;AppDiscServiceChanged
<LI><a href="#[23a]">&gt;&gt;</a>&nbsp;&nbsp;&nbsp;HciLeSetScanRespDataCmd
<LI><a href="#[233]">&gt;&gt;</a>&nbsp;&nbsp;&nbsp;HciLeSetAdvDataCmd
<LI><a href="#[188]">&gt;&gt;</a>&nbsp;&nbsp;&nbsp;AttsCccInitTable
<LI><a href="#[170]">&gt;&gt;</a>&nbsp;&nbsp;&nbsp;AttcDiscCharCmpl
<LI><a href="#[175]">&gt;&gt;</a>&nbsp;&nbsp;&nbsp;appDiscConnOpen
<LI><a href="#[ce]">&gt;&gt;</a>&nbsp;&nbsp;&nbsp;smprScActDHKeyCheckSend
<LI><a href="#[34f]">&gt;&gt;</a>&nbsp;&nbsp;&nbsp;smpGenerateLtk
<LI><a href="#[ad]">&gt;&gt;</a>&nbsp;&nbsp;&nbsp;smprActSendPairRandom
</UL>

<P><STRONG><a name="[133]"></a>__rt_memclr</STRONG> (Thumb, 68 bytes, Stack size 0 bytes, rt_memclr.o(.text), UNUSED)
<BR><BR>[Calls]<UL><LI><a href="#[134]">&gt;&gt;</a>&nbsp;&nbsp;&nbsp;_memset_w
</UL>

<P><STRONG><a name="[131]"></a>_memset</STRONG> (Thumb, 0 bytes, Stack size unknown bytes, rt_memclr.o(.text))
<BR><BR>[Called By]<UL><LI><a href="#[132]">&gt;&gt;</a>&nbsp;&nbsp;&nbsp;__aeabi_memset
<LI><a href="#[130]">&gt;&gt;</a>&nbsp;&nbsp;&nbsp;memset
</UL>

<P><STRONG><a name="[15e]"></a>__aeabi_memclr4</STRONG> (Thumb, 0 bytes, Stack size 4 bytes, rt_memclr_w.o(.text))
<BR><BR>[Stack]<UL><LI>Max Depth = 4<LI>Call Chain = __aeabi_memclr4
</UL>
<BR>[Called By]<UL><LI><a href="#[259]">&gt;&gt;</a>&nbsp;&nbsp;&nbsp;secCmacProcessBlock
<LI><a href="#[15d]">&gt;&gt;</a>&nbsp;&nbsp;&nbsp;AppDbNewRecord
<LI><a href="#[12a]">&gt;&gt;</a>&nbsp;&nbsp;&nbsp;am_util_faultisr_collect_data
</UL>

<P><STRONG><a name="[3a7]"></a>__aeabi_memclr8</STRONG> (Thumb, 0 bytes, Stack size 4 bytes, rt_memclr_w.o(.text), UNUSED)

<P><STRONG><a name="[3a8]"></a>__rt_memclr_w</STRONG> (Thumb, 78 bytes, Stack size 4 bytes, rt_memclr_w.o(.text), UNUSED)

<P><STRONG><a name="[134]"></a>_memset_w</STRONG> (Thumb, 0 bytes, Stack size unknown bytes, rt_memclr_w.o(.text), UNUSED)
<BR><BR>[Called By]<UL><LI><a href="#[133]">&gt;&gt;</a>&nbsp;&nbsp;&nbsp;__rt_memclr
</UL>

<P><STRONG><a name="[3a9]"></a>__use_two_region_memory</STRONG> (Thumb, 2 bytes, Stack size 0 bytes, heapauxi.o(.text), UNUSED)

<P><STRONG><a name="[3aa]"></a>__rt_heap_escrow$2region</STRONG> (Thumb, 2 bytes, Stack size 0 bytes, heapauxi.o(.text), UNUSED)

<P><STRONG><a name="[3ab]"></a>__rt_heap_expand$2region</STRONG> (Thumb, 2 bytes, Stack size 0 bytes, heapauxi.o(.text), UNUSED)

<P><STRONG><a name="[3ac]"></a>__user_libspace</STRONG> (Thumb, 8 bytes, Stack size 0 bytes, libspace.o(.text), UNUSED)

<P><STRONG><a name="[137]"></a>__user_perproc_libspace</STRONG> (Thumb, 0 bytes, Stack size 0 bytes, libspace.o(.text))
<BR><BR>[Called By]<UL><LI><a href="#[120]">&gt;&gt;</a>&nbsp;&nbsp;&nbsp;__user_setup_stackheap
</UL>

<P><STRONG><a name="[3ad]"></a>__user_perthread_libspace</STRONG> (Thumb, 0 bytes, Stack size 0 bytes, libspace.o(.text), UNUSED)

<P><STRONG><a name="[135]"></a>_fp_trap</STRONG> (Thumb, 44 bytes, Stack size 40 bytes, _fptrap.o(.text), UNUSED)
<BR><BR>[Calls]<UL><LI><a href="#[136]">&gt;&gt;</a>&nbsp;&nbsp;&nbsp;__rt_SIGFPE
</UL>
<BR>[Called By]<UL><LI><a href="#[374]">&gt;&gt;</a>&nbsp;&nbsp;&nbsp;_fp_trapveneer
</UL>

<P><STRONG><a name="[120]"></a>__user_setup_stackheap</STRONG> (Thumb, 74 bytes, Stack size 8 bytes, sys_stackheap_outer.o(.text))
<BR><BR>[Stack]<UL><LI>Max Depth = 8<LI>Call Chain = __user_setup_stackheap
</UL>
<BR>[Calls]<UL><LI><a href="#[138]">&gt;&gt;</a>&nbsp;&nbsp;&nbsp;__user_initial_stackheap
<LI><a href="#[137]">&gt;&gt;</a>&nbsp;&nbsp;&nbsp;__user_perproc_libspace
</UL>
<BR>[Called By]<UL><LI><a href="#[11f]">&gt;&gt;</a>&nbsp;&nbsp;&nbsp;__rt_entry_sh
</UL>

<P><STRONG><a name="[125]"></a>exit</STRONG> (Thumb, 18 bytes, Stack size 8 bytes, exit.o(.text))
<BR><BR>[Stack]<UL><LI>Max Depth = 8 + Unknown Stack Size
<LI>Call Chain = exit
</UL>
<BR>[Calls]<UL><LI><a href="#[139]">&gt;&gt;</a>&nbsp;&nbsp;&nbsp;__rt_exit
</UL>
<BR>[Called By]<UL><LI><a href="#[123]">&gt;&gt;</a>&nbsp;&nbsp;&nbsp;__rt_entry_main
</UL>

<P><STRONG><a name="[136]"></a>__rt_SIGFPE</STRONG> (Thumb, 14 bytes, Stack size 8 bytes, defsig_fpe_outer.o(.text), UNUSED)
<BR><BR>[Calls]<UL><LI><a href="#[13a]">&gt;&gt;</a>&nbsp;&nbsp;&nbsp;__rt_SIGFPE_inner
</UL>
<BR>[Called By]<UL><LI><a href="#[135]">&gt;&gt;</a>&nbsp;&nbsp;&nbsp;_fp_trap
</UL>

<P><STRONG><a name="[13b]"></a>__sig_exit</STRONG> (Thumb, 10 bytes, Stack size 0 bytes, defsig_exit.o(.text), UNUSED)
<BR><BR>[Calls]<UL><LI><a href="#[129]">&gt;&gt;</a>&nbsp;&nbsp;&nbsp;_sys_exit
</UL>

<P><STRONG><a name="[13a]"></a>__rt_SIGFPE_inner</STRONG> (Thumb, 62 bytes, Stack size 8 bytes, defsig_fpe_inner.o(.text), UNUSED)
<BR><BR>[Calls]<UL><LI><a href="#[13c]">&gt;&gt;</a>&nbsp;&nbsp;&nbsp;__default_signal_display
</UL>
<BR>[Called By]<UL><LI><a href="#[136]">&gt;&gt;</a>&nbsp;&nbsp;&nbsp;__rt_SIGFPE
</UL>

<P><STRONG><a name="[129]"></a>_sys_exit</STRONG> (Thumb, 8 bytes, Stack size 0 bytes, sys_exit.o(.text))
<BR><BR>[Called By]<UL><LI><a href="#[128]">&gt;&gt;</a>&nbsp;&nbsp;&nbsp;__rt_exit_exit
<LI><a href="#[13b]">&gt;&gt;</a>&nbsp;&nbsp;&nbsp;__sig_exit
</UL>

<P><STRONG><a name="[13c]"></a>__default_signal_display</STRONG> (Thumb, 50 bytes, Stack size 16 bytes, defsig_general.o(.text), UNUSED)
<BR><BR>[Calls]<UL><LI><a href="#[13d]">&gt;&gt;</a>&nbsp;&nbsp;&nbsp;_ttywrch
</UL>
<BR>[Called By]<UL><LI><a href="#[13a]">&gt;&gt;</a>&nbsp;&nbsp;&nbsp;__rt_SIGFPE_inner
</UL>

<P><STRONG><a name="[13d]"></a>_ttywrch</STRONG> (Thumb, 14 bytes, Stack size 8 bytes, sys_wrch.o(.text), UNUSED)
<BR><BR>[Called By]<UL><LI><a href="#[13c]">&gt;&gt;</a>&nbsp;&nbsp;&nbsp;__default_signal_display
</UL>

<P><STRONG><a name="[3ae]"></a>__I$use$semihosting</STRONG> (Thumb, 0 bytes, Stack size 0 bytes, use_no_semi.o(.text), UNUSED)

<P><STRONG><a name="[3af]"></a>__use_no_semihosting_swi</STRONG> (Thumb, 2 bytes, Stack size 0 bytes, use_no_semi.o(.text), UNUSED)

<P><STRONG><a name="[3b0]"></a>__semihosting_library_function</STRONG> (Thumb, 0 bytes, Stack size unknown bytes, indicate_semi.o(.text), UNUSED)

<P><STRONG><a name="[25c]"></a>uECC_secp256r1</STRONG> (Thumb, 8 bytes, Stack size unknown bytes, uECC.o(.text.uECC_secp256r1))
<BR><BR>[Called By]<UL><LI><a href="#[25b]">&gt;&gt;</a>&nbsp;&nbsp;&nbsp;SecEccGenSharedSecret
</UL>

<P><STRONG><a name="[141]"></a>uECC_valid_point</STRONG> (Thumb, 234 bytes, Stack size unknown bytes, uECC.o(.text.uECC_valid_point))
<BR><BR>[Calls]<UL><LI><a href="#[13e]">&gt;&gt;</a>&nbsp;&nbsp;&nbsp;uECC_vli_mult
</UL>
<BR>[Called By]<UL><LI><a href="#[142]">&gt;&gt;</a>&nbsp;&nbsp;&nbsp;uECC_valid_public_key
</UL>

<P><STRONG><a name="[142]"></a>uECC_valid_public_key</STRONG> (Thumb, 4 bytes, Stack size unknown bytes, uECC.o(.text.uECC_valid_public_key))
<BR><BR>[Calls]<UL><LI><a href="#[141]">&gt;&gt;</a>&nbsp;&nbsp;&nbsp;uECC_valid_point
</UL>
<BR>[Called By]<UL><LI><a href="#[25b]">&gt;&gt;</a>&nbsp;&nbsp;&nbsp;SecEccGenSharedSecret
</UL>

<P><STRONG><a name="[144]"></a>AppAddDevToResList</STRONG> (Thumb, 70 bytes, Stack size 32 bytes, app_main.o(i.AppAddDevToResList))
<BR><BR>[Stack]<UL><LI>Max Depth = 684<LI>Call Chain = AppAddDevToResList &rArr; DmPrivAddDevToResList &rArr; WsfMsgAlloc &rArr; WsfBufAlloc &rArr; WsfTrace &rArr; am_util_stdio_printf &rArr; am_util_stdio_vsprintf &rArr; ftoa &rArr; uint64_to_str &rArr; divu64_10
</UL>
<BR>[Calls]<UL><LI><a href="#[146]">&gt;&gt;</a>&nbsp;&nbsp;&nbsp;AppDbGetKey
<LI><a href="#[145]">&gt;&gt;</a>&nbsp;&nbsp;&nbsp;HciLlPrivacySupported
<LI><a href="#[147]">&gt;&gt;</a>&nbsp;&nbsp;&nbsp;DmSecGetLocalIrk
<LI><a href="#[148]">&gt;&gt;</a>&nbsp;&nbsp;&nbsp;DmPrivAddDevToResList
</UL>
<BR>[Called By]<UL><LI><a href="#[19f]">&gt;&gt;</a>&nbsp;&nbsp;&nbsp;appSecPairCmpl
</UL>

<P><STRONG><a name="[149]"></a>AppAdvSetData</STRONG> (Thumb, 40 bytes, Stack size 24 bytes, app_slave_leg.o(i.AppAdvSetData))
<BR><BR>[Stack]<UL><LI>Max Depth = 740<LI>Call Chain = AppAdvSetData &rArr; appAdvSetData &rArr; appSetAdvScanDataFrag &rArr; DmAdvSetData &rArr; WsfMsgAlloc &rArr; WsfBufAlloc &rArr; WsfTrace &rArr; am_util_stdio_printf &rArr; am_util_stdio_vsprintf &rArr; ftoa &rArr; uint64_to_str &rArr; divu64_10
</UL>
<BR>[Calls]<UL><LI><a href="#[14b]">&gt;&gt;</a>&nbsp;&nbsp;&nbsp;appAdvSetData
<LI><a href="#[14a]">&gt;&gt;</a>&nbsp;&nbsp;&nbsp;appSlaveAdvMode
</UL>
<BR>[Called By]<UL><LI><a href="#[36a]">&gt;&gt;</a>&nbsp;&nbsp;&nbsp;tagSetup
</UL>

<P><STRONG><a name="[14c]"></a>AppAdvStart</STRONG> (Thumb, 54 bytes, Stack size 32 bytes, app_slave_leg.o(i.AppAdvStart))
<BR><BR>[Stack]<UL><LI>Max Depth = 820<LI>Call Chain = AppAdvStart &rArr; appSlaveAdvStart &rArr; appAdvStart &rArr; appSetAdvScanData &rArr; appSetAdvScanDataFrag &rArr; DmAdvSetData &rArr; WsfMsgAlloc &rArr; WsfBufAlloc &rArr; WsfTrace &rArr; am_util_stdio_printf &rArr; am_util_stdio_vsprintf &rArr; ftoa &rArr; uint64_to_str &rArr; divu64_10
</UL>
<BR>[Calls]<UL><LI><a href="#[14d]">&gt;&gt;</a>&nbsp;&nbsp;&nbsp;appSlaveAdvStart
<LI><a href="#[14a]">&gt;&gt;</a>&nbsp;&nbsp;&nbsp;appSlaveAdvMode
</UL>
<BR>[Called By]<UL><LI><a href="#[36a]">&gt;&gt;</a>&nbsp;&nbsp;&nbsp;tagSetup
<LI><a href="#[57]">&gt;&gt;</a>&nbsp;&nbsp;&nbsp;tagBtnCback
</UL>

<P><STRONG><a name="[14e]"></a>AppAdvStop</STRONG> (Thumb, 22 bytes, Stack size 8 bytes, app_slave_leg.o(i.AppAdvStop))
<BR><BR>[Stack]<UL><LI>Max Depth = 660<LI>Call Chain = AppAdvStop &rArr; appAdvStop &rArr; DmAdvStop &rArr; WsfMsgAlloc &rArr; WsfBufAlloc &rArr; WsfTrace &rArr; am_util_stdio_printf &rArr; am_util_stdio_vsprintf &rArr; ftoa &rArr; uint64_to_str &rArr; divu64_10
</UL>
<BR>[Calls]<UL><LI><a href="#[14f]">&gt;&gt;</a>&nbsp;&nbsp;&nbsp;appAdvStop
<LI><a href="#[14a]">&gt;&gt;</a>&nbsp;&nbsp;&nbsp;appSlaveAdvMode
</UL>
<BR>[Called By]<UL><LI><a href="#[57]">&gt;&gt;</a>&nbsp;&nbsp;&nbsp;tagBtnCback
<LI><a href="#[64]">&gt;&gt;</a>&nbsp;&nbsp;&nbsp;button_handler
</UL>

<P><STRONG><a name="[150]"></a>AppConnAccept</STRONG> (Thumb, 42 bytes, Stack size 32 bytes, app_slave_leg.o(i.AppConnAccept))
[...]
<BR><BR>[Called By]<UL><LI><a href="#[116]">&gt;&gt;</a>&nbsp;&nbsp;&nbsp;x_side_default
<LI><a href="#[13f]">&gt;&gt;</a>&nbsp;&nbsp;&nbsp;uECC_vli_modAdd
</UL>

<P><STRONG><a name="[13e]"></a>uECC_vli_mult</STRONG> (Thumb, 786 bytes, Stack size unknown bytes, uECC.o(.text.uECC_vli_mult))
<BR><BR>[Called By]<UL><LI><a href="#[141]">&gt;&gt;</a>&nbsp;&nbsp;&nbsp;uECC_valid_point
<LI><a href="#[115]">&gt;&gt;</a>&nbsp;&nbsp;&nbsp;double_jacobian_default
<LI><a href="#[116]">&gt;&gt;</a>&nbsp;&nbsp;&nbsp;x_side_default
</UL>

<P><STRONG><a name="[13f]"></a>uECC_vli_modAdd</STRONG> (Thumb, 168 bytes, Stack size unknown bytes, uECC.o(.text.uECC_vli_modAdd))
<BR><BR>[Calls]<UL><LI><a href="#[143]">&gt;&gt;</a>&nbsp;&nbsp;&nbsp;uECC_vli_sub
</UL>
<BR>[Called By]<UL><LI><a href="#[115]">&gt;&gt;</a>&nbsp;&nbsp;&nbsp;double_jacobian_default
</UL>

<P><STRONG><a name="[140]"></a>uECC_vli_modSub</STRONG> (Thumb, 200 bytes, Stack size unknown bytes, uECC.o(.text.uECC_vli_modSub))
<BR><BR>[Called By]<UL><LI><a href="#[115]">&gt;&gt;</a>&nbsp;&nbsp;&nbsp;double_jacobian_default
</UL>

<P><STRONG><a name="[116]"></a>x_side_default</STRONG> (Thumb, 432 bytes, Stack size unknown bytes, uECC.o(.text.x_side_default))
<BR><BR>[Stack]<UL><LI>Max Depth = 8 + Unknown Stack Size
<LI>Call Chain = x_side_default &rArr; memset
</UL>
<BR>[Calls]<UL><LI><a href="#[13e]">&gt;&gt;</a>&nbsp;&nbsp;&nbsp;uECC_vli_mult
<LI><a href="#[143]">&gt;&gt;</a>&nbsp;&nbsp;&nbsp;uECC_vli_sub
<LI><a href="#[130]">&gt;&gt;</a>&nbsp;&nbsp;&nbsp;memset
</UL>
<BR>[Address Reference Count : 1]<UL><LI> uECC.o(.rodata.curve_secp256r1)
</UL>
<P><STRONG><a name="[117]"></a>vli_mmod_fast_secp256r1</STRONG> (Thumb, 1572 bytes, Stack size unknown bytes, uECC.o(.text.vli_mmod_fast_secp256r1))
<BR>[Address Reference Count : 1]<UL><LI> uECC.o(.rodata.curve_secp256r1)
</UL>
<P><STRONG><a name="[115]"></a>double_jacobian_default</STRONG> (Thumb, 670 bytes, Stack size unknown bytes, uECC.o(.text.double_jacobian_default))
<BR><BR>[Stack]<UL><LI>Max Depth = 8 + Unknown Stack Size
<LI>Call Chain = double_jacobian_default &rArr; memcpy
</UL>
<BR>[Calls]<UL><LI><a href="#[140]">&gt;&gt;</a>&nbsp;&nbsp;&nbsp;uECC_vli_modSub
<LI><a href="#[13f]">&gt;&gt;</a>&nbsp;&nbsp;&nbsp;uECC_vli_modAdd
<LI><a href="#[13e]">&gt;&gt;</a>&nbsp;&nbsp;&nbsp;uECC_vli_mult
<LI><a href="#[12d]">&gt;&gt;</a>&nbsp;&nbsp;&nbsp;memcpy
</UL>
<BR>[Address Reference Count : 1]<UL><LI> uECC.o(.rodata.curve_secp256r1)
</UL>
<P><STRONG><a name="[29e]"></a>am_hal_ble_cmd_write</STRONG> (Thumb, 142 bytes, Stack size 4 bytes, am_hal_ble.o(i.am_hal_ble_cmd_write))
<BR><BR>[Stack]<UL><LI>Max Depth = 4<LI>Call Chain = am_hal_ble_cmd_write
</UL>
<BR>[Called By]<UL><LI><a href="#[299]">&gt;&gt;</a>&nbsp;&nbsp;&nbsp;am_hal_ble_blocking_transfer
</UL>

<P><STRONG><a name="[4e]"></a>smpDmConnCback</STRONG> (Thumb, 148 bytes, Stack size 24 bytes, smp_main.o(i.smpDmConnCback))
<BR><BR>[Stack]<UL><LI>Max Depth = 48<LI>Call Chain = smpDmConnCback &rArr; WsfMsgFree &rArr; WsfBufFree
</UL>
<BR>[Calls]<UL><LI><a href="#[1fe]">&gt;&gt;</a>&nbsp;&nbsp;&nbsp;WsfMsgFree
<LI><a href="#[2d3]">&gt;&gt;</a>&nbsp;&nbsp;&nbsp;DmConnRole
<LI><a href="#[260]">&gt;&gt;</a>&nbsp;&nbsp;&nbsp;smpSmExecute
</UL>
<BR>[Address Reference Count : 1]<UL><LI> smp_main.o(i.SmpHandlerInit)
</UL>
<P><STRONG><a name="[4c]"></a>smpL2cCtrlCback</STRONG> (Thumb, 96 bytes, Stack size 16 bytes, smp_main.o(i.smpL2cCtrlCback))
<BR><BR>[Stack]<UL><LI>Max Depth = 852<LI>Call Chain = smpL2cCtrlCback &rArr; L2cDataReq &rArr; HciSendAclData &rArr; hciCoreTxAclStart &rArr; hciCoreTxAclContinue &rArr; hciCoreSendAclData &rArr; hciTrSendAclData &rArr; hciDrvWrite &rArr; HciVendorSpecificCmd &rArr;  hciCmdSend (Cycle)
</UL>
<BR>[Calls]<UL><LI><a href="#[260]">&gt;&gt;</a>&nbsp;&nbsp;&nbsp;smpSmExecute
<LI><a href="#[24d]">&gt;&gt;</a>&nbsp;&nbsp;&nbsp;L2cDataReq
</UL>
<BR>[Address Reference Count : 1]<UL><LI> smp_main.o(i.SmpHandlerInit)
</UL>
<P><STRONG><a name="[4d]"></a>smpL2cDataCback</STRONG> (Thumb, 126 bytes, Stack size 40 bytes, smp_main.o(i.smpL2cDataCback))
<BR><BR>[Stack]<UL><LI>Max Depth = 56<LI>Call Chain = smpL2cDataCback &rArr; smpSmExecute
</UL>
<BR>[Calls]<UL><LI><a href="#[260]">&gt;&gt;</a>&nbsp;&nbsp;&nbsp;smpSmExecute
<LI><a href="#[2e8]">&gt;&gt;</a>&nbsp;&nbsp;&nbsp;DmConnIdByHandle
</UL>
<BR>[Address Reference Count : 1]<UL><LI> smp_main.o(i.SmpHandlerInit)
</UL>
<P><STRONG><a name="[40]"></a>dmHciEvtCback</STRONG> (Thumb, 28 bytes, Stack size 0 bytes, dm_main.o(i.dmHciEvtCback))
<BR>[Address Reference Count : 1]<UL><LI> dm_main.o(i.DmHandlerInit)
</UL>
<P><STRONG><a name="[47]"></a>l2cSlaveRxSignalingPkt</STRONG> (Thumb, 92 bytes, Stack size 16 bytes, l2c_slave.o(i.l2cSlaveRxSignalingPkt))
<BR><BR>[Stack]<UL><LI>Max Depth = 868<LI>Call Chain = l2cSlaveRxSignalingPkt &rArr; l2cSendCmdReject &rArr; HciSendAclData &rArr; hciCoreTxAclStart &rArr; hciCoreTxAclContinue &rArr; hciCoreSendAclData &rArr; hciTrSendAclData &rArr; hciDrvWrite &rArr; HciVendorSpecificCmd &rArr;  hciCmdSend (Cycle)
</UL>
<BR>[Calls]<UL><LI><a href="#[20c]">&gt;&gt;</a>&nbsp;&nbsp;&nbsp;WsfTimerStop
<LI><a href="#[1e0]">&gt;&gt;</a>&nbsp;&nbsp;&nbsp;DmL2cConnUpdateCnf
<LI><a href="#[336]">&gt;&gt;</a>&nbsp;&nbsp;&nbsp;l2cSendCmdReject
</UL>
<BR>[Address Reference Count : 1]<UL><LI> l2c_slave.o(i.L2cSlaveInit)
</UL>
<P><STRONG><a name="[43]"></a>l2cDefaultCtrlCback</STRONG> (Thumb, 2 bytes, Stack size 0 bytes, l2c_main.o(i.l2cDefaultCtrlCback))
<BR>[Address Reference Count : 1]<UL><LI> l2c_main.o(i.L2cInit)
</UL>
<P><STRONG><a name="[41]"></a>l2cDefaultDataCback</STRONG> (Thumb, 2 bytes, Stack size 0 bytes, l2c_main.o(i.l2cDefaultDataCback))
<BR>[Address Reference Count : 1]<UL><LI> l2c_main.o(i.L2cInit)
</UL>
<P><STRONG><a name="[44]"></a>l2cDefaultDataCidCback</STRONG> (Thumb, 2 bytes, Stack size 0 bytes, l2c_main.o(i.l2cDefaultDataCidCback))
<BR>[Address Reference Count : 1]<UL><LI> l2c_main.o(i.L2cInit)
</UL>
<P><STRONG><a name="[46]"></a>l2cHciAclCback</STRONG> (Thumb, 142 bytes, Stack size 16 bytes, l2c_main.o(i.l2cHciAclCback))
<BR><BR>[Stack]<UL><LI>Max Depth = 40<LI>Call Chain = l2cHciAclCback &rArr; WsfMsgFree &rArr; WsfBufFree
</UL>
<BR>[Calls]<UL><LI><a href="#[1fe]">&gt;&gt;</a>&nbsp;&nbsp;&nbsp;WsfMsgFree
</UL>
<BR>[Address Reference Count : 1]<UL><LI> l2c_main.o(i.L2cInit)
</UL>
<P><STRONG><a name="[45]"></a>l2cHciFlowCback</STRONG> (Thumb, 52 bytes, Stack size 16 bytes, l2c_main.o(i.l2cHciFlowCback))
<BR><BR>[Stack]<UL><LI>Max Depth = 16<LI>Call Chain = l2cHciFlowCback
</UL>
<BR>[Calls]<UL><LI><a href="#[2e8]">&gt;&gt;</a>&nbsp;&nbsp;&nbsp;DmConnIdByHandle
</UL>
<BR>[Address Reference Count : 1]<UL><LI> l2c_main.o(i.L2cInit)
</UL>
<P><STRONG><a name="[3e]"></a>attsCccMainCback</STRONG> (Thumb, 242 bytes, Stack size 40 bytes, atts_ccc.o(i.attsCccMainCback))
<BR><BR>[Stack]<UL><LI>Max Depth = 40<LI>Call Chain = attsCccMainCback
</UL>
<BR>[Address Reference Count : 1]<UL><LI> atts_ccc.o(i.AttsCccRegister)
</UL>
<P><STRONG><a name="[fe]"></a>attcConnCback</STRONG> (Thumb, 168 bytes, Stack size 16 bytes, attc_main.o(i.attcConnCback))
<BR><BR>[Stack]<UL><LI>Max Depth = 684<LI>Call Chain = attcConnCback &rArr; AttcMtuReq &rArr; attcSendMsg &rArr; WsfMsgAlloc &rArr; WsfBufAlloc &rArr; WsfTrace &rArr; am_util_stdio_printf &rArr; am_util_stdio_vsprintf &rArr; ftoa &rArr; uint64_to_str &rArr; divu64_10
</UL>
<BR>[Calls]<UL><LI><a href="#[20c]">&gt;&gt;</a>&nbsp;&nbsp;&nbsp;WsfTimerStop
<LI><a href="#[1b4]">&gt;&gt;</a>&nbsp;&nbsp;&nbsp;HciGetMaxRxAclLen
<LI><a href="#[2d3]">&gt;&gt;</a>&nbsp;&nbsp;&nbsp;DmConnRole
<LI><a href="#[1bf]">&gt;&gt;</a>&nbsp;&nbsp;&nbsp;AttcMtuReq
<LI><a href="#[2eb]">&gt;&gt;</a>&nbsp;&nbsp;&nbsp;attcReqClear
</UL>
<BR>[Address Reference Count : 1]<UL><LI> attc_main.o(.constdata)
</UL>
<P><STRONG><a name="[fc]"></a>attcDataCback</STRONG> (Thumb, 70 bytes, Stack size 16 bytes, attc_main.o(i.attcDataCback))
<BR><BR>[Stack]<UL><LI>Max Depth = 876<LI>Call Chain = attcDataCback &rArr; attcProcInd &rArr; L2cDataReq &rArr; HciSendAclData &rArr; hciCoreTxAclStart &rArr; hciCoreTxAclContinue &rArr; hciCoreSendAclData &rArr; hciTrSendAclData &rArr; hciDrvWrite &rArr; HciVendorSpecificCmd &rArr;  hciCmdSend (Cycle)
</UL>
<BR>[Calls]<UL><LI><a href="#[2e8]">&gt;&gt;</a>&nbsp;&nbsp;&nbsp;DmConnIdByHandle
<LI><a href="#[2ec]">&gt;&gt;</a>&nbsp;&nbsp;&nbsp;attcProcRsp
<LI><a href="#[2ed]">&gt;&gt;</a>&nbsp;&nbsp;&nbsp;attcProcInd
</UL>
<BR>[Address Reference Count : 1]<UL><LI> attc_main.o(.constdata)
</UL>
<P><STRONG><a name="[fd]"></a>attcMsgCback</STRONG> (Thumb, 276 bytes, Stack size 16 bytes, attc_main.o(i.attcMsgCback))
<BR><BR>[Stack]<UL><LI>Max Depth = 64<LI>Call Chain = attcMsgCback &rArr; attcReqClear &rArr; WsfMsgFree &rArr; WsfBufFree
</UL>
<BR>[Calls]<UL><LI><a href="#[20c]">&gt;&gt;</a>&nbsp;&nbsp;&nbsp;WsfTimerStop
<LI><a href="#[1fe]">&gt;&gt;</a>&nbsp;&nbsp;&nbsp;WsfMsgFree
<LI><a href="#[2ea]">&gt;&gt;</a>&nbsp;&nbsp;&nbsp;DmConnInUse
<LI><a href="#[2eb]">&gt;&gt;</a>&nbsp;&nbsp;&nbsp;attcReqClear
</UL>
<BR>[Address Reference Count : 1]<UL><LI> attc_main.o(.constdata)
</UL>
<P><STRONG><a name="[100]"></a>attcSendContinuingReq</STRONG> (Thumb, 146 bytes, Stack size 16 bytes, attc_main.o(i.attcSendContinuingReq))
<BR><BR>[Stack]<UL><LI>Max Depth = 852<LI>Call Chain = attcSendContinuingReq &rArr; L2cDataReq &rArr; HciSendAclData &rArr; hciCoreTxAclStart &rArr; hciCoreTxAclContinue &rArr; hciCoreSendAclData &rArr; hciTrSendAclData &rArr; hciDrvWrite &rArr; HciVendorSpecificCmd &rArr;  hciCmdSend (Cycle)
</UL>
<BR>[Calls]<UL><LI><a href="#[24f]">&gt;&gt;</a>&nbsp;&nbsp;&nbsp;WsfTimerStartSec
<LI><a href="#[24d]">&gt;&gt;</a>&nbsp;&nbsp;&nbsp;L2cDataReq
<LI><a href="#[1bc]">&gt;&gt;</a>&nbsp;&nbsp;&nbsp;attMsgAlloc
<LI><a href="#[2eb]">&gt;&gt;</a>&nbsp;&nbsp;&nbsp;attcReqClear
<LI><a href="#[12c]">&gt;&gt;</a>&nbsp;&nbsp;&nbsp;__aeabi_memcpy4
</UL>
<BR>[Address Reference Count : 1]<UL><LI> attc_main.o(.constdata)
</UL>
<P><STRONG><a name="[ff]"></a>attcSendMtuReq</STRONG> (Thumb, 78 bytes, Stack size 16 bytes, attc_main.o(i.attcSendMtuReq))
<BR><BR>[Stack]<UL><LI>Max Depth = 852<LI>Call Chain = attcSendMtuReq &rArr; L2cDataReq &rArr; HciSendAclData &rArr; hciCoreTxAclStart &rArr; hciCoreTxAclContinue &rArr; hciCoreSendAclData &rArr; hciTrSendAclData &rArr; hciDrvWrite &rArr; HciVendorSpecificCmd &rArr;  hciCmdSend (Cycle)
</UL>
<BR>[Calls]<UL><LI><a href="#[24f]">&gt;&gt;</a>&nbsp;&nbsp;&nbsp;WsfTimerStartSec
<LI><a href="#[1fe]">&gt;&gt;</a>&nbsp;&nbsp;&nbsp;WsfMsgFree
<LI><a href="#[24d]">&gt;&gt;</a>&nbsp;&nbsp;&nbsp;L2cDataReq
</UL>
<BR>[Address Reference Count : 1]<UL><LI> attc_main.o(.constdata)
</UL>
<P><STRONG><a name="[103]"></a>attcSendPrepWriteReq</STRONG> (Thumb, 150 bytes, Stack size 16 bytes, attc_main.o(i.attcSendPrepWriteReq))
<BR><BR>[Stack]<UL><LI>Max Depth = 852<LI>Call Chain = attcSendPrepWriteReq &rArr; L2cDataReq &rArr; HciSendAclData &rArr; hciCoreTxAclStart &rArr; hciCoreTxAclContinue &rArr; hciCoreSendAclData &rArr; hciTrSendAclData &rArr; hciDrvWrite &rArr; HciVendorSpecificCmd &rArr;  hciCmdSend (Cycle)
</UL>
<BR>[Calls]<UL><LI><a href="#[24f]">&gt;&gt;</a>&nbsp;&nbsp;&nbsp;WsfTimerStartSec
<LI><a href="#[24d]">&gt;&gt;</a>&nbsp;&nbsp;&nbsp;L2cDataReq
<LI><a href="#[1bc]">&gt;&gt;</a>&nbsp;&nbsp;&nbsp;attMsgAlloc
<LI><a href="#[2eb]">&gt;&gt;</a>&nbsp;&nbsp;&nbsp;attcReqClear
<LI><a href="#[12c]">&gt;&gt;</a>&nbsp;&nbsp;&nbsp;__aeabi_memcpy4
<LI><a href="#[12e]">&gt;&gt;</a>&nbsp;&nbsp;&nbsp;__aeabi_memcpy
</UL>
<BR>[Address Reference Count : 1]<UL><LI> attc_main.o(.constdata)
</UL>
<P><STRONG><a name="[101]"></a>attcSendSimpleReq</STRONG> (Thumb, 54 bytes, Stack size 16 bytes, attc_main.o(i.attcSendSimpleReq))
<BR><BR>[Stack]<UL><LI>Max Depth = 852<LI>Call Chain = attcSendSimpleReq &rArr; L2cDataReq &rArr; HciSendAclData &rArr; hciCoreTxAclStart &rArr; hciCoreTxAclContinue &rArr; hciCoreSendAclData &rArr; hciTrSendAclData &rArr; hciDrvWrite &rArr; HciVendorSpecificCmd &rArr;  hciCmdSend (Cycle)
</UL>
<BR>[Calls]<UL><LI><a href="#[24f]">&gt;&gt;</a>&nbsp;&nbsp;&nbsp;WsfTimerStartSec
<LI><a href="#[24d]">&gt;&gt;</a>&nbsp;&nbsp;&nbsp;L2cDataReq
</UL>
<BR>[Address Reference Count : 1]<UL><LI> attc_main.o(.constdata)
</UL>
<P><STRONG><a name="[102]"></a>attcSendWriteCmd</STRONG> (Thumb, 72 bytes, Stack size 24 bytes, attc_main.o(i.attcSendWriteCmd))
<BR><BR>[Stack]<UL><LI>Max Depth = 860<LI>Call Chain = attcSendWriteCmd &rArr; L2cDataReq &rArr; HciSendAclData &rArr; hciCoreTxAclStart &rArr; hciCoreTxAclContinue &rArr; hciCoreSendAclData &rArr; hciTrSendAclData &rArr; hciDrvWrite &rArr; HciVendorSpecificCmd &rArr;  hciCmdSend (Cycle)
</UL>
<BR>[Calls]<UL><LI><a href="#[24f]">&gt;&gt;</a>&nbsp;&nbsp;&nbsp;WsfTimerStartSec
<LI><a href="#[24d]">&gt;&gt;</a>&nbsp;&nbsp;&nbsp;L2cDataReq
<LI><a href="#[2ef]">&gt;&gt;</a>&nbsp;&nbsp;&nbsp;attExecCallback
</UL>
<BR>[Address Reference Count : 1]<UL><LI> attc_main.o(.constdata)
</UL>
<P><STRONG><a name="[107]"></a>attsIndConnCback</STRONG> (Thumb, 142 bytes, Stack size 32 bytes, atts_ind.o(i.attsIndConnCback))
<BR><BR>[Stack]<UL><LI>Max Depth = 72<LI>Call Chain = attsIndConnCback &rArr; WsfTimerStop &rArr; wsfTimerRemove &rArr; WsfQueueRemove
</UL>
<BR>[Calls]<UL><LI><a href="#[20c]">&gt;&gt;</a>&nbsp;&nbsp;&nbsp;WsfTimerStop
<LI><a href="#[2ef]">&gt;&gt;</a>&nbsp;&nbsp;&nbsp;attExecCallback
</UL>
<BR>[Address Reference Count : 1]<UL><LI> atts_ind.o(.constdata)
</UL>
<P><STRONG><a name="[105]"></a>attsIndCtrlCback</STRONG> (Thumb, 110 bytes, Stack size 32 bytes, atts_ind.o(i.attsIndCtrlCback))
<BR><BR>[Stack]<UL><LI>Max Depth = 56<LI>Call Chain = attsIndCtrlCback &rArr; attExecCallback
</UL>
<BR>[Calls]<UL><LI><a href="#[2ea]">&gt;&gt;</a>&nbsp;&nbsp;&nbsp;DmConnInUse
<LI><a href="#[2ef]">&gt;&gt;</a>&nbsp;&nbsp;&nbsp;attExecCallback
</UL>
<BR>[Address Reference Count : 1]<UL><LI> atts_ind.o(.constdata)
</UL>
<P><STRONG><a name="[106]"></a>attsIndMsgCback</STRONG> (Thumb, 276 bytes, Stack size 32 bytes, atts_ind.o(i.attsIndMsgCback))
<BR><BR>[Stack]<UL><LI>Max Depth = 868<LI>Call Chain = attsIndMsgCback &rArr; L2cDataReq &rArr; HciSendAclData &rArr; hciCoreTxAclStart &rArr; hciCoreTxAclContinue &rArr; hciCoreSendAclData &rArr; hciTrSendAclData &rArr; hciDrvWrite &rArr; HciVendorSpecificCmd &rArr;  hciCmdSend (Cycle)
</UL>
<BR>[Calls]<UL><LI><a href="#[24f]">&gt;&gt;</a>&nbsp;&nbsp;&nbsp;WsfTimerStartSec
<LI><a href="#[1fe]">&gt;&gt;</a>&nbsp;&nbsp;&nbsp;WsfMsgFree
<LI><a href="#[24d]">&gt;&gt;</a>&nbsp;&nbsp;&nbsp;L2cDataReq
<LI><a href="#[2ea]">&gt;&gt;</a>&nbsp;&nbsp;&nbsp;DmConnInUse
<LI><a href="#[2ef]">&gt;&gt;</a>&nbsp;&nbsp;&nbsp;attExecCallback
</UL>
<BR>[Address Reference Count : 1]<UL><LI> atts_ind.o(.constdata)
</UL>
<P><STRONG><a name="[3d]"></a>attDmConnCback</STRONG> (Thumb, 100 bytes, Stack size 24 bytes, att_main.o(i.attDmConnCback))
<BR><BR>[Stack]<UL><LI>Max Depth = 24<LI>Call Chain = attDmConnCback
</UL>
<BR>[Address Reference Count : 1]<UL><LI> att_main.o(i.AttHandlerInit)
</UL>
<P><STRONG><a name="[3b]"></a>attL2cCtrlCback</STRONG> (Thumb, 74 bytes, Stack size 16 bytes, att_main.o(i.attL2cCtrlCback))
<BR><BR>[Stack]<UL><LI>Max Depth = 16<LI>Call Chain = attL2cCtrlCback
</UL>
<BR>[Address Reference Count : 1]<UL><LI> att_main.o(i.AttHandlerInit)
</UL>
<P><STRONG><a name="[3c]"></a>attL2cDataCback</STRONG> (Thumb, 26 bytes, Stack size 0 bytes, att_main.o(i.attL2cDataCback))
<BR>[Address Reference Count : 1]<UL><LI> att_main.o(i.AttHandlerInit)
</UL>
<P><STRONG><a name="[10c]"></a>attsConnCback</STRONG> (Thumb, 70 bytes, Stack size 16 bytes, atts_main.o(i.attsConnCback))
<BR><BR>[Stack]<UL><LI>Max Depth = 56<LI>Call Chain = attsConnCback &rArr; WsfTimerStop &rArr; wsfTimerRemove &rArr; WsfQueueRemove
</UL>
<BR>[Calls]<UL><LI><a href="#[20c]">&gt;&gt;</a>&nbsp;&nbsp;&nbsp;WsfTimerStop
<LI><a href="#[164]">&gt;&gt;</a>&nbsp;&nbsp;&nbsp;WsfBufFree
<LI><a href="#[279]">&gt;&gt;</a>&nbsp;&nbsp;&nbsp;WsfQueueDeq
<LI><a href="#[1d5]">&gt;&gt;</a>&nbsp;&nbsp;&nbsp;DmConnCheckIdle
</UL>
<BR>[Address Reference Count : 1]<UL><LI> atts_main.o(.constdata)
</UL>
<P><STRONG><a name="[109]"></a>attsDataCback</STRONG> (Thumb, 156 bytes, Stack size 24 bytes, atts_main.o(i.attsDataCback))
<BR><BR>[Stack]<UL><LI>Max Depth = 860<LI>Call Chain = attsDataCback &rArr; L2cDataReq &rArr; HciSendAclData &rArr; hciCoreTxAclStart &rArr; hciCoreTxAclContinue &rArr; hciCoreSendAclData &rArr; hciTrSendAclData &rArr; hciDrvWrite &rArr; HciVendorSpecificCmd &rArr;  hciCmdSend (Cycle)
</UL>
<BR>[Calls]<UL><LI><a href="#[24d]">&gt;&gt;</a>&nbsp;&nbsp;&nbsp;L2cDataReq
<LI><a href="#[2e7]">&gt;&gt;</a>&nbsp;&nbsp;&nbsp;attCcbByHandle
<LI><a href="#[1bc]">&gt;&gt;</a>&nbsp;&nbsp;&nbsp;attMsgAlloc
</UL>
<BR>[Address Reference Count : 1]<UL><LI> atts_main.o(.constdata)
</UL>
<P><STRONG><a name="[10a]"></a>attsL2cCtrlCback</STRONG> (Thumb, 8 bytes, Stack size 0 bytes, atts_main.o(i.attsL2cCtrlCback))
<BR>[Address Reference Count : 1]<UL><LI> atts_main.o(.constdata)
</UL>
<P><STRONG><a name="[10b]"></a>attsMsgCback</STRONG> (Thumb, 32 bytes, Stack size 0 bytes, atts_main.o(i.attsMsgCback))
<BR><BR>[Stack]<UL><LI>Max Depth = 20<LI>Call Chain = attsMsgCback &rArr; DmConnSetIdle &rArr; WsfTaskUnlock
</UL>
<BR>[Calls]<UL><LI><a href="#[163]">&gt;&gt;</a>&nbsp;&nbsp;&nbsp;DmConnSetIdle
</UL>
<BR>[Address Reference Count : 1]<UL><LI> atts_main.o(.constdata)
</UL>
<P><STRONG><a name="[1b6]"></a>attcDiscDescriptors</STRONG> (Thumb, 220 bytes, Stack size 24 bytes, attc_disc.o(i.attcDiscDescriptors))
<BR><BR>[Stack]<UL><LI>Max Depth = 700<LI>Call Chain = attcDiscDescriptors &rArr; AttcFindInfoReq &rArr; attcSendMsg &rArr; WsfMsgAlloc &rArr; WsfBufAlloc &rArr; WsfTrace &rArr; am_util_stdio_printf &rArr; am_util_stdio_vsprintf &rArr; ftoa &rArr; uint64_to_str &rArr; divu64_10
</UL>
<BR>[Calls]<UL><LI><a href="#[1be]">&gt;&gt;</a>&nbsp;&nbsp;&nbsp;AttcFindInfoReq
</UL>
<BR>[Called By]<UL><LI><a href="#[170]">&gt;&gt;</a>&nbsp;&nbsp;&nbsp;AttcDiscCharCmpl
</UL>

<P><STRONG><a name="[352]"></a>smpScCatInitiatorBdAddr</STRONG> (Thumb, 122 bytes, Stack size 16 bytes, smp_sc_act.o(i.smpScCatInitiatorBdAddr))
<BR><BR>[Stack]<UL><LI>Max Depth = 40<LI>Call Chain = smpScCatInitiatorBdAddr &rArr; BdaIsZeros &rArr; memcmp
</UL>
<BR>[Calls]<UL><LI><a href="#[1c7]">&gt;&gt;</a>&nbsp;&nbsp;&nbsp;BdaIsZeros
<LI><a href="#[256]">&gt;&gt;</a>&nbsp;&nbsp;&nbsp;WStrReverseCpy
<LI><a href="#[306]">&gt;&gt;</a>&nbsp;&nbsp;&nbsp;dmConnCcbById
</UL>
<BR>[Called By]<UL><LI><a href="#[cd]">&gt;&gt;</a>&nbsp;&nbsp;&nbsp;smpScActDHKeyCalcF6Eb
<LI><a href="#[cc]">&gt;&gt;</a>&nbsp;&nbsp;&nbsp;smpScActDHKeyCalcF6Ea
<LI><a href="#[ca]">&gt;&gt;</a>&nbsp;&nbsp;&nbsp;smpScActCalcF5MacKey
<LI><a href="#[cb]">&gt;&gt;</a>&nbsp;&nbsp;&nbsp;smpScActCalcF5Ltk
</UL>

<P><STRONG><a name="[353]"></a>smpScCatResponderBdAddr</STRONG> (Thumb, 122 bytes, Stack size 16 bytes, smp_sc_act.o(i.smpScCatResponderBdAddr))
<BR><BR>[Stack]<UL><LI>Max Depth = 40<LI>Call Chain = smpScCatResponderBdAddr &rArr; BdaIsZeros &rArr; memcmp
</UL>
<BR>[Calls]<UL><LI><a href="#[1c7]">&gt;&gt;</a>&nbsp;&nbsp;&nbsp;BdaIsZeros
<LI><a href="#[256]">&gt;&gt;</a>&nbsp;&nbsp;&nbsp;WStrReverseCpy
<LI><a href="#[306]">&gt;&gt;</a>&nbsp;&nbsp;&nbsp;dmConnCcbById
</UL>
<BR>[Called By]<UL><LI><a href="#[cd]">&gt;&gt;</a>&nbsp;&nbsp;&nbsp;smpScActDHKeyCalcF6Eb
<LI><a href="#[cc]">&gt;&gt;</a>&nbsp;&nbsp;&nbsp;smpScActDHKeyCalcF6Ea
<LI><a href="#[ca]">&gt;&gt;</a>&nbsp;&nbsp;&nbsp;smpScActCalcF5MacKey
<LI><a href="#[cb]">&gt;&gt;</a>&nbsp;&nbsp;&nbsp;smpScActCalcF5Ltk
</UL>
<P>
<H3>
Undefined Global Symbols
</H3><HR></body></html>
