Archive member included to satisfy reference by file (symbol)

/usr/lib/gcc/arm-none-eabi/6.3.1/../../../arm-none-eabi/lib/thumb/v7e-m/fpv4-sp/hard/libc.a(lib_a-atoi.o)
                              bin/app_terminal.o (atoi)
/usr/lib/gcc/arm-none-eabi/6.3.1/../../../arm-none-eabi/lib/thumb/v7e-m/fpv4-sp/hard/libc.a(lib_a-memcmp.o)
                              bin/bda.o (memcmp)
/usr/lib/gcc/arm-none-eabi/6.3.1/../../../arm-none-eabi/lib/thumb/v7e-m/fpv4-sp/hard/libc.a(lib_a-memcpy.o)
                              bin/bda.o (memcpy)
/usr/lib/gcc/arm-none-eabi/6.3.1/../../../arm-none-eabi/lib/thumb/v7e-m/fpv4-sp/hard/libc.a(lib_a-memmove.o)
                              bin/sec_main.o (memmove)
/usr/lib/gcc/arm-none-eabi/6.3.1/../../../arm-none-eabi/lib/thumb/v7e-m/fpv4-sp/hard/libc.a(lib_a-memset.o)
                              bin/bda.o (memset)
/usr/lib/gcc/arm-none-eabi/6.3.1/../../../arm-none-eabi/lib/thumb/v7e-m/fpv4-sp/hard/libc.a(lib_a-strcmp.o)
                              bin/terminal.o (strcmp)
/usr/lib/gcc/arm-none-eabi/6.3.1/../../../arm-none-eabi/lib/thumb/v7e-m/fpv4-sp/hard/libc.a(lib_a-strcpy.o)
                              bin/print.o (strcpy)
/usr/lib/gcc/arm-none-eabi/6.3.1/../../../arm-none-eabi/lib/thumb/v7e-m/fpv4-sp/hard/libc.a(lib_a-strlen.o)
                              bin/print.o (strlen)
/usr/lib/gcc/arm-none-eabi/6.3.1/../../../arm-none-eabi/lib/thumb/v7e-m/fpv4-sp/hard/libc.a(lib_a-strtol.o)
                              /usr/lib/gcc/arm-none-eabi/6.3.1/../../../arm-none-eabi/lib/thumb/v7e-m/fpv4-sp/hard/libc.a(lib_a-atoi.o) (_strtol_r)
/usr/lib/gcc/arm-none-eabi/6.3.1/../../../arm-none-eabi/lib/thumb/v7e-m/fpv4-sp/hard/libc.a(lib_a-ctype_.o)
                              /usr/lib/gcc/arm-none-eabi/6.3.1/../../../arm-none-eabi/lib/thumb/v7e-m/fpv4-sp/hard/libc.a(lib_a-strtol.o) (__ctype_ptr__)
/usr/lib/gcc/arm-none-eabi/6.3.1/../../../arm-none-eabi/lib/thumb/v7e-m/fpv4-sp/hard/libc.a(lib_a-impure.o)
                              /usr/lib/gcc/arm-none-eabi/6.3.1/../../../arm-none-eabi/lib/thumb/v7e-m/fpv4-sp/hard/libc.a(lib_a-strtol.o) (_impure_ptr)
/usr/lib/gcc/arm-none-eabi/6.3.1/thumb/v7e-m/fpv4-sp/hard/libgcc.a(_arm_truncdfsf2.o)
                              bin/am_util_stdio.o (__aeabi_d2f)
../../../../../third_party/uecc/gcc/bin/lib_uecc.a(uECC.o)
                              bin/sec_ecc_hci.o (uECC_secp256r1)
../../../../../mcu/apollo3/hal/gcc/bin/libam_hal.a(am_hal_ble.o)
                              bin/hci_drv_apollo3.o (am_hal_ble_initialize)
../../../../../mcu/apollo3/hal/gcc/bin/libam_hal.a(am_hal_ble_patch.o)
                              ../../../../../mcu/apollo3/hal/gcc/bin/libam_hal.a(am_hal_ble.o) (am_hal_ble_num_default_patches)
../../../../../mcu/apollo3/hal/gcc/bin/libam_hal.a(am_hal_ble_patch_b0.o)
                              ../../../../../mcu/apollo3/hal/gcc/bin/libam_hal.a(am_hal_ble.o) (am_hal_ble_num_default_patches_b0)
../../../../../mcu/apollo3/hal/gcc/bin/libam_hal.a(am_hal_cachectrl.o)
                              bin/ble_freertos_fit.o (am_hal_cachectrl_config)
../../../../../mcu/apollo3/hal/gcc/bin/libam_hal.a(am_hal_clkgen.o)
                              bin/ble_freertos_fit.o (am_hal_clkgen_control)
../../../../../mcu/apollo3/hal/gcc/bin/libam_hal.a(am_hal_ctimer.o)
                              bin/rtos.o (am_hal_ctimer_int_service)
../../../../../mcu/apollo3/hal/gcc/bin/libam_hal.a(am_hal_debug.o)
                              ../../../../../mcu/apollo3/hal/gcc/bin/libam_hal.a(am_hal_ctimer.o) (am_hal_debug_error)
../../../../../mcu/apollo3/hal/gcc/bin/libam_hal.a(am_hal_flash.o)
                              bin/app_db.o (am_hal_flash_page_erase)
../../../../../mcu/apollo3/hal/gcc/bin/libam_hal.a(am_hal_gpio.o)
                              bin/am_devices_button.o (am_hal_gpio_pinconfig)
../../../../../mcu/apollo3/hal/gcc/bin/libam_hal.a(am_hal_interrupt.o)
                              bin/app_db.o (am_hal_interrupt_master_disable)
../../../../../mcu/apollo3/hal/gcc/bin/libam_hal.a(am_hal_mcuctrl.o)
                              bin/hci_drv_apollo3.o (am_hal_mcuctrl_info_get)
../../../../../mcu/apollo3/hal/gcc/bin/libam_hal.a(am_hal_pwrctrl.o)
                              ../../../../../mcu/apollo3/hal/gcc/bin/libam_hal.a(am_hal_ble.o) (am_hal_pwrctrl_periph_enable)
../../../../../mcu/apollo3/hal/gcc/bin/libam_hal.a(am_hal_queue.o)
                              bin/hci_drv_apollo3.o (am_hal_queue_init)
../../../../../mcu/apollo3/hal/gcc/bin/libam_hal.a(am_hal_reset.o)
                              ../../../../../mcu/apollo3/hal/gcc/bin/libam_hal.a(am_hal_clkgen.o) (gAmHalResetStatus)
../../../../../mcu/apollo3/hal/gcc/bin/libam_hal.a(am_hal_stimer.o)
                              bin/port.o (am_hal_stimer_config)
../../../../../mcu/apollo3/hal/gcc/bin/libam_hal.a(am_hal_sysctrl.o)
                              bin/rtos.o (am_hal_sysctrl_sleep)
../../../bsp/gcc/bin/libam_bsp.a(am_bsp.o)
[...]
Memory Configuration

Name             Origin             Length             Attributes
FLASH            0x000000000000c000 0x00000000000f0000 xr
SRAM             0x0000000010000000 0x0000000000060000 xrw
*default*        0x0000000000000000 0xffffffffffffffff

Linker script and memory map


.text           0x000000000000c000    0x1a1a4
                0x000000000000c000                . = ALIGN (0x4)
 *(.isr_vector)
 .isr_vector    0x000000000000c000       0xc0 bin/startup_gcc.o
                0x000000000000c000                g_am_pfnVectors
 *(.patch)
 .patch         0x000000000000c0c0       0x40 bin/startup_gcc.o
                0x000000000000c0c0                __Patchable
 *(.text)
 .text          0x000000000000c100       0x60 /usr/lib/gcc/arm-none-eabi/6.3.1/../../../arm-none-eabi/lib/thumb/v7e-m/fpv4-sp/hard/libc.a(lib_a-memcmp.o)
                0x000000000000c100                memcmp
 .text          0x000000000000c160      0x134 /usr/lib/gcc/arm-none-eabi/6.3.1/../../../arm-none-eabi/lib/thumb/v7e-m/fpv4-sp/hard/libc.a(lib_a-memcpy.o)
                0x000000000000c160                memcpy
 .text          0x000000000000c294       0xc8 /usr/lib/gcc/arm-none-eabi/6.3.1/../../../arm-none-eabi/lib/thumb/v7e-m/fpv4-sp/hard/libc.a(lib_a-memmove.o)
                0x000000000000c294                memmove
 .text          0x000000000000c35c       0x9c /usr/lib/gcc/arm-none-eabi/6.3.1/../../../arm-none-eabi/lib/thumb/v7e-m/fpv4-sp/hard/libc.a(lib_a-memset.o)
                0x000000000000c35c                memset
 .text          0x000000000000c3f8       0xa0 /usr/lib/gcc/arm-none-eabi/6.3.1/thumb/v7e-m/fpv4-sp/hard/libgcc.a(_arm_truncdfsf2.o)
                0x000000000000c3f8                __aeabi_d2f
                0x000000000000c3f8                __truncdfsf2
 .text          0x000000000000c498      0x254 ../../../../../third_party/exactle/projects/generic/stacklib/gcc/bin-cortex-m4/libstacklib.a(att_main.o)
                0x000000000000c500                attEmptyHandler
                0x000000000000c502                attEmptyConnCback
                0x000000000000c504                attEmptyDataCback
                0x000000000000c564                attCcbByHandle
                0x000000000000c57c                attCcbByConnId
                0x000000000000c58c                attUuidCmp16to128
                0x000000000000c5ac                attExecCallback
                0x000000000000c5e4                attSetMtu
                0x000000000000c608                attMsgAlloc
                0x000000000000c60e                AttHandlerInit
                0x000000000000c64c                AttHandler
                0x000000000000c66c                AttRegister
                0x000000000000c6a0                AttConnRegister
                0x000000000000c6ac                AttGetMtu
                0x000000000000c6bc                AttMsgAlloc
                0x000000000000c6d8                AttMsgFree
 .text          0x000000000000c6ec      0x444 ../../../../../third_party/exactle/projects/generic/stacklib/gcc/bin-cortex-m4/libstacklib.a(attc_main.o)
                0x000000000000c724                attcSendReq
                0x000000000000c734                attcSetupReq
                0x000000000000c75a                attcCcbByConnId
                0x000000000000c774                attcCcbByHandle
                0x000000000000c7c4                attcFreePkt
                0x000000000000c7f6                attcExecCallback
                0x000000000000c824                attcReqClear
                0x000000000000caf0                AttcInit
 .text          0x000000000000cb30      0x3e8 ../../../../../third_party/exactle/projects/generic/stacklib/gcc/bin-cortex-m4/libstacklib.a(attc_proc.o)
                0x000000000000cb30                attcProcErrRsp
                0x000000000000cb5c                attcProcFindOrReadRsp
                0x000000000000cc1c                attcProcReadRsp
                0x000000000000cc1e                attcProcWriteRsp
                0x000000000000cc24                attcProcMtuRsp
                0x000000000000cc68                attcProcRsp
                0x000000000000cd20                attcProcInd
                0x000000000000cd9c                attcSendMsg
                0x000000000000ce2c                AttcFindInfoReq
                0x000000000000ce5c                AttcReadReq
                0x000000000000ce8c                AttcWriteReq
                0x000000000000ced4                AttcCancelReq
                0x000000000000cee8                AttcMtuReq
 .text          0x000000000000cf18      0x226 ../../../../../third_party/exactle/projects/generic/stacklib/gcc/bin-cortex-m4/libstacklib.a(attc_read.o)
                0x000000000000cf18                attcProcFindByTypeRsp
                0x000000000000cf8a                attcProcReadLongRsp
                0x000000000000cfa8                AttcFindByTypeValueReq
                0x000000000000d008                AttcReadByTypeReq
                0x000000000000d05e                AttcReadLongReq
                0x000000000000d092                AttcReadMultipleReq
                0x000000000000d0e8                AttcReadByGroupTypeReq
 .text          0x000000000000d13e       0xfe ../../../../../third_party/exactle/projects/generic/stacklib/gcc/bin-cortex-m4/libstacklib.a(attc_write.o)
                0x000000000000d13e                attcProcPrepWriteRsp
                0x000000000000d150                AttcWriteCmd
                0x000000000000d198                AttcPrepareWriteReq
                0x000000000000d212                AttcExecuteWriteReq
 .text          0x000000000000d23c      0x1d8 ../../../../../third_party/exactle/projects/generic/stacklib/gcc/bin-cortex-m4/libstacklib.a(atts_ccc.o)
                0x000000000000d2fc                AttsCccRegister
                0x000000000000d31c                AttsCccInitTable
                0x000000000000d3a0                AttsCccClearTable
                0x000000000000d3bc                AttsCccGet
                0x000000000000d3d0                AttsCccSet
                0x000000000000d3e4                AttsCccEnabled
 .text          0x000000000000d414      0x320 ../../../../../third_party/exactle/projects/generic/stacklib/gcc/bin-cortex-m4/libstacklib.a(atts_ind.o)
                0x000000000000d680                attsProcValueCnf
                0x000000000000d6ac                AttsIndInit
                0x000000000000d6e4                AttsHandleValueInd
                0x000000000000d6f8                AttsHandleValueNtf
                0x000000000000d70c                AttsHandleValueIndZeroCpy
                0x000000000000d720                AttsHandleValueNtfZeroCpy
 .text          0x000000000000d734      0x28c ../../../../../third_party/exactle/projects/generic/stacklib/gcc/bin-cortex-m4/libstacklib.a(atts_main.o)
                0x000000000000d76c                attsErrRsp
                0x000000000000d81c                attsClearPrepWrites
                0x000000000000d868                attsDiscBusy
                0x000000000000d8a8                AttsInit
                0x000000000000d8d8                AttsAuthorRegister
                0x000000000000d8e4                AttsAddGroup
                0x000000000000d918                AttsRemoveGroup
                0x000000000000d948                AttsSetAttr
                0x000000000000d990                AttsGetAttr
                0x000000000000d9b2                AttsErrorTest
 .text          0x000000000000d9c0      0x354 ../../../../../third_party/exactle/projects/generic/stacklib/gcc/bin-cortex-m4/libstacklib.a(atts_proc.o)
                0x000000000000d9c0                attsUuidCmp
                0x000000000000d9fa                attsUuid16Cmp
                0x000000000000da20                attsFindByHandle
                0x000000000000da48                attsFindInRange
                0x000000000000da78                attsPermissions
                0x000000000000dadc                attsProcMtuReq
                0x000000000000db44                attsProcFindInfoReq
                0x000000000000dc5e                attsProcReadReq
 .text          0x000000000000dd14      0x7e0 ../../../../../third_party/exactle/projects/generic/stacklib/gcc/bin-cortex-m4/libstacklib.a(atts_read.o)
                0x000000000000dd14                attsFindUuidInRange
                0x000000000000dd88                attsFindServiceGroupEnd
                0x000000000000de10                attsProcReadBlobReq
                0x000000000000def4                attsProcFindTypeReq
                0x000000000000e012                attsProcReadTypeReq
                0x000000000000e1f0                attsProcReadMultReq
                0x000000000000e2f4                attsProcReadGroupTypeReq
 .text          0x000000000000e4f4      0x258 ../../../../../third_party/exactle/projects/generic/stacklib/gcc/bin-cortex-m4/libstacklib.a(atts_sign.o)
                0x000000000000e6ec                AttsSignInit
                0x000000000000e718                AttsSetCsrk
                0x000000000000e72c                AttsSetSignCounter
                0x000000000000e73c                AttsGetSignCounter
 .text          0x000000000000e74c      0x328 ../../../../../third_party/exactle/projects/generic/stacklib/gcc/bin-cortex-m4/libstacklib.a(atts_write.o)
                0x000000000000e74c                attsProcWrite
                0x000000000000e82c                attsProcPrepWriteReq
                0x000000000000e960                attsProcExecWriteReq
 .text          0x000000000000ea74      0x318 ../../../../../third_party/exactle/projects/generic/stacklib/gcc/bin-cortex-m4/libstacklib.a(dm_adv.o)
                0x000000000000ea74                dmAdvCbInit
                0x000000000000eaac                dmAdvInit
                0x000000000000eacc                DmAdvConfig
                0x000000000000eb0c                DmAdvSetData
                0x000000000000eb48                DmAdvStart
                0x000000000000eb84                DmAdvStop
                0x000000000000ebc4                DmAdvRemoveAdvSet
                0x000000000000ebec                DmAdvClearAdvSets
                0x000000000000ec10                DmAdvSetInterval
                0x000000000000ec38                DmAdvSetChannelMap
                0x000000000000ec54                DmAdvSetAddrType
                0x000000000000ec6c                DmAdvSetAdValue
                0x000000000000ecfa                DmAdvSetName
 .text          0x000000000000ed8c      0x26c ../../../../../third_party/exactle/projects/generic/stacklib/gcc/bin-cortex-m4/libstacklib.a(dm_adv_leg.o)
                0x000000000000ed8c                dmAdvActRemoveSet
                0x000000000000ed8e                dmAdvMsgHandler
                0x000000000000edec                dmAdvReset
                0x000000000000ee2c                dmAdvActConfig
                0x000000000000ee4c                dmAdvActSetData
                0x000000000000ee6c                dmAdvActStart
                0x000000000000ee90                dmAdvActStop
                0x000000000000eeb4                dmAdvActTimeout
                0x000000000000eeb8                dmAdvHciHandler
                0x000000000000ef60                dmAdvActClearSets
                0x000000000000ef62                dmAdvStartDirected
                0x000000000000ef8c                dmAdvStopDirected
                0x000000000000efa4                dmAdvConnected
                0x000000000000efbc                dmAdvConnectFailed
                0x000000000000efc0                DmAdvInit
                0x000000000000efe0                DmAdvModeLeg
 .text          0x000000000000eff8      0x838 ../../../../../third_party/exactle/projects/generic/stacklib/gcc/bin-cortex-m4/libstacklib.a(dm_conn.o)
                0x000000000000eff8                dmConnSmActNone
                0x000000000000effa                dmConnSmActHciUpdated
                0x000000000000f00c                dmConnSmActClose
                0x000000000000f014                dmConnReset
                0x000000000000f0b0                dmConnCcbAlloc
                0x000000000000f0f4                dmConnCcbDealloc
                0x000000000000f0fa                dmConnCcbByHandle
                0x000000000000f120                dmConn2HciHandler
                0x000000000000f21c                dmConnCcbByBdAddr
                0x000000000000f24c                dmConnHciHandler
                0x000000000000f2c8                dmConnCcbById
                0x000000000000f2e4                dmConnMsgHandler
                0x000000000000f2fc                dmConn2MsgHandler
                0x000000000000f370                dmConnExecCback
                0x000000000000f390                dmConnSmActConnOpened
                0x000000000000f3fc                dmConnSmActConnFailed
                0x000000000000f40a                dmConnSmActConnClosed
                0x000000000000f418                dmConnOpenAccept
                0x000000000000f4b4                DmConnInit
                0x000000000000f4d8                DmConnRegister
                0x000000000000f4f8                DmConnClose
                0x000000000000f528                DmReadRemoteFeatures
                0x000000000000f53c                DmConnUpdate
                0x000000000000f58c                DmConnSetScanInterval
                0x000000000000f5b8                DmExtConnSetScanInterval
                0x000000000000f5fc                DmConnSetConnSpec
                0x000000000000f602                DmExtConnSetConnSpec
                0x000000000000f61e                DmConnReadRssi
                0x000000000000f644                DmRemoteConnParamReqReply
                0x000000000000f67c                DmRemoteConnParamReqNegReply
                0x000000000000f6a8                DmConnSetDataLen
                0x000000000000f6d8                DmWriteAuthPayloadTimeout
                0x000000000000f704                DmConnIdByHandle
                0x000000000000f72c                DmConnInUse
                0x000000000000f740                DmConnPeerAddrType
                0x000000000000f754                DmConnPeerAddr
                0x000000000000f764                DmConnLocalAddrType
                0x000000000000f778                DmConnLocalAddr
                0x000000000000f78c                DmConnPeerRpa
                0x000000000000f7a0                DmConnLocalRpa
                0x000000000000f7b4                DmConnSecLevel
                0x000000000000f7c8                DmConnSetIdle
                0x000000000000f7fc                DmConnCheckIdle
                0x000000000000f81c                DmConnRole
 .text          0x000000000000f830       0xe4 ../../../../../third_party/exactle/projects/generic/stacklib/gcc/bin-cortex-m4/libstacklib.a(dm_conn_slave.o)
                0x000000000000f830                dmConnSmActUpdateSlave
                0x000000000000f88c                dmConnSmActL2cUpdateCnf
                0x000000000000f8cc                DmL2cConnUpdateCnf
                0x000000000000f8ea                DmConnAccept
 .text          0x000000000000f914       0x70 ../../../../../third_party/exactle/projects/generic/stacklib/gcc/bin-cortex-m4/libstacklib.a(dm_conn_slave_leg.o)
                0x000000000000f914                dmConnSmActAccept
                0x000000000000f932                dmConnSmActCancelAccept
                0x000000000000f948                dmConnSmActConnAccepted
                0x000000000000f95e                dmConnSmActAcceptFailed
                0x000000000000f974                DmConnSlaveInit
 .text          0x000000000000f984       0x44 ../../../../../third_party/exactle/projects/generic/stacklib/gcc/bin-cortex-m4/libstacklib.a(dm_conn_sm.o)
                0x000000000000f984                dmConnSmExecute
 .text          0x000000000000f9c8       0xfc ../../../../../third_party/exactle/projects/generic/stacklib/gcc/bin-cortex-m4/libstacklib.a(dm_dev.o)
                0x000000000000f9c8                dmDevHciHandler
                0x000000000000fa00                dmDevActReset
                0x000000000000fa2c                dmDevMsgHandler
                0x000000000000fa30                DmDevReset
                0x000000000000fa54                DmDevSetRandAddr
                0x000000000000fa70                DmDevWhiteListAdd
                0x000000000000fa74                DmDevWhiteListRemove
                0x000000000000fa78                DmDevWhiteListClear
                0x000000000000fa7c                dmDevSetFilterPolicy
                0x000000000000fab0                DmDevSetFilterPolicy
                0x000000000000faba                DmDevSetExtFilterPolicy
                0x000000000000fabe                DmDevVsInit
 .text          0x000000000000fac4      0x154 ../../../../../third_party/exactle/projects/generic/stacklib/gcc/bin-cortex-m4/libstacklib.a(dm_main.o)
                0x000000000000faec                dmEmptyReset
                0x000000000000faee                dmEmptyHandler
                0x000000000000faf0                DmRegister
                0x000000000000fb28                DmFindAdType
                0x000000000000fb52                DmHandlerInit
                0x000000000000fb6c                DmHandler
                0x000000000000fb90                DmLlPrivEnabled
                0x000000000000fb9c                DmLlAddrType
                0x000000000000fbb4                DmHostAddrType
                0x000000000000fbd0                DmSizeOfEvt
                0x000000000000fbec                DmScanPhyToIdx
                0x000000000000fbf0                dmInitPhyToIdx
                0x000000000000fc14                DmInitPhyToIdx
 .text          0x000000000000fc18      0x338 ../../../../../third_party/exactle/projects/generic/stacklib/gcc/bin-cortex-m4/libstacklib.a(dm_priv.o)
                0x000000000000fc18                dmPrivMsgHandler
                0x000000000000fc2c                dmPrivReset
                0x000000000000fc40                dmPrivActAesCmpl
                0x000000000000fc78                dmPrivActAddDevToResList
                0x000000000000fca0                dmPrivActRemDevFromResList
                0x000000000000fcb8                dmPrivActClearResList
                0x000000000000fcbc                dmPrivActSetPrivacyMode
                0x000000000000fcc6                dmPrivActResolveAddr
                0x000000000000fd28                dmPrivActSetAddrResEnable
                0x000000000000fd3c                dmPrivHciHandler
                0x000000000000fdd4                DmPrivInit
                0x000000000000fde4                DmPrivResolveAddr
                0x000000000000fe24                DmPrivAddDevToResList
                0x000000000000fe84                DmPrivRemDevFromResList
                0x000000000000febc                DmPrivClearResList
                0x000000000000fee0                DmPrivReadPeerResolvableAddr
                0x000000000000fee4                DmPrivReadLocalResolvableAddr
                0x000000000000fee8                DmPrivSetAddrResEnable
                0x000000000000ff14                DmPrivSetResolvablePrivateAddrTimeout
                0x000000000000ff18                DmPrivSetPrivacyMode
 .text          0x000000000000ff50      0x250 ../../../../../third_party/exactle/projects/generic/stacklib/gcc/bin-cortex-m4/libstacklib.a(dm_sec.o)
                0x000000000000ff50                dmSecMsgHandler
                0x000000000000ffb4                dmSecApiLtkMsg
                0x000000000000fff8                DmSmpCbackExec
                0x0000000000010028                dmSecHciHandler
                0x00000000000100e4                DmSecCancelReq
                0x0000000000010104                DmSecAuthRsp
                0x0000000000010136                DmSecInit
                0x0000000000010158                DmSecSetLocalCsrk
                0x0000000000010170                DmSecSetLocalIrk
                0x0000000000010188                DmSecGetLocalCsrk
                0x0000000000010194                DmSecGetLocalIrk
 .text          0x00000000000101a0      0x224 ../../../../../third_party/exactle/projects/generic/stacklib/gcc/bin-cortex-m4/libstacklib.a(dm_sec_lesc.o)
                0x00000000000101a0                dmSecLescMsgHandler
                0x00000000000101ec                DmSecKeypressReq
                0x000000000001020c                DmSecSetOob
                0x0000000000010210                DmSecCalcOobReq
                0x0000000000010290                DmSecGenerateEccKeyReq
                0x00000000000102a0                DmSecSetDebugEccKey
                0x000000000001034c                DmSecSetEccKey
                0x0000000000010360                DmSecGetEccKey
                0x0000000000010368                DmSecCompareRsp
                0x0000000000010390                DmSecGetCompareValue
                0x00000000000103b4                DmSecLescInit
 .text          0x00000000000103c4       0xa0 ../../../../../third_party/exactle/projects/generic/stacklib/gcc/bin-cortex-m4/libstacklib.a(dm_sec_slave.o)
                0x00000000000103c4                DmSecPairRsp
                0x0000000000010402                DmSecSlaveReq
                0x0000000000010422                DmSecLtkRsp
 .text          0x0000000000010464      0x1a8 ../../../../../third_party/exactle/projects/generic/stacklib/gcc/bin-cortex-m4/libstacklib.a(l2c_main.o)
                0x000000000001051c                l2cRxSignalingPkt
                0x0000000000010550                l2cMsgAlloc
                0x0000000000010556                L2cInit
                0x0000000000010598                L2cRegister
                0x00000000000105ac                L2cDataReq
                0x00000000000105d6                l2cSendCmdReject
 .text          0x000000000001060c      0x110 ../../../../../third_party/exactle/projects/generic/stacklib/gcc/bin-cortex-m4/libstacklib.a(l2c_slave.o)
                0x0000000000010664                L2cSlaveInit
                0x0000000000010674                L2cDmConnUpdateReq
                0x00000000000106f8                L2cSlaveHandlerInit
                0x0000000000010708                L2cSlaveHandler
 .text          0x000000000001071c      0x588 ../../../../../third_party/exactle/projects/generic/stacklib/gcc/bin-cortex-m4/libstacklib.a(smp_main.o)
                0x00000000000107b8                smpCcbByHandle
                0x000000000001082c                smpCcbByConnId
                0x000000000001083c                smpCalcC1Part1
                0x0000000000010940                smpCalcC1Part2
                0x0000000000010a40                smpCalcS1
                0x0000000000010a90                smpGenerateLtk
                0x0000000000010aee                smpSendPkt
                0x0000000000010b78                smpStateIdle
                0x0000000000010b84                smpMsgAlloc
                0x0000000000010b8a                SmpDmMsgSend
                0x0000000000010b9c                SmpDmGetStk
                0x0000000000010bec                SmpDmGetLtk
                0x0000000000010c08                SmpHandlerInit
                0x0000000000010c50                SmpHandler
                0x0000000000010c90                SmpDmEncryptInd
 .text          0x0000000000010ca4      0x408 ../../../../../third_party/exactle/projects/generic/stacklib/gcc/bin-cortex-m4/libstacklib.a(smp_sc_main.o)
                0x0000000000010ca4                SmpScAllocScratchBuffers
                0x0000000000010ce6                SmpScFreeScratchBuffers
                0x0000000000010d1c                SmpScCmac
                0x0000000000010d54                SmpScAlloc
                0x0000000000010d74                SmpScFree
                0x0000000000010d78                SmpScCalcF4
                0x0000000000010ddc                SmpScInit
                0x0000000000010e3c                SmpScCat
                0x0000000000010e48                SmpScCat128
                0x0000000000010e56                smpScSendPubKey
                0x0000000000010eba                smpScSendDHKeyCheck
                0x0000000000010f0a                smpScSendRand
                0x0000000000010f5a                smpScSendPairCnf
                0x0000000000010faa                smpGetPkBit
                0x0000000000010fd2                smpGetPeerPublicKey
                0x0000000000010fe0                smpSetPeerPublicKey
                0x0000000000011002                SmpScSetOobCfg
                0x0000000000011078                smpEventStr
                0x0000000000011094                smpStateStr
                0x00000000000110a8                smpLogByteArray
 .text          0x00000000000110ac      0x7b4 ../../../../../third_party/exactle/projects/generic/stacklib/gcc/bin-cortex-m4/libstacklib.a(smp_sc_act.o)
                0x0000000000011164                smpScProcPairing
                0x000000000001133c                smpScAuthReq
                0x0000000000011396                smpScActCleanup
                0x00000000000113a8                smpScActPairingFailed
                0x00000000000113be                smpScActPairingCancel
                0x00000000000113d6                smpScActAuthSelect
                0x0000000000011438                smpScActPkSetup
                0x000000000001146a                smpScActJwncCalcF4
                0x00000000000114ae                smpScActJwncCalcG2
                0x0000000000011516                smpScActJwncDisplay
                0x000000000001155a                smpScActPkKeypress
                0x0000000000011590                smpScActPkSendKeypress
                0x00000000000115d0                smpScActCalcSharedSecret
                0x0000000000011644                smpScActCalcF5TKey
                0x00000000000116a4                smpScActCalcF5MacKey
                0x0000000000011714                smpScActCalcF5Ltk
                0x0000000000011784                smpScActDHKeyCalcF6Ea
                0x00000000000117f2                smpScActDHKeyCalcF6Eb
 .text          0x0000000000011860       0x2c ../../../../../third_party/exactle/projects/generic/stacklib/gcc/bin-cortex-m4/libstacklib.a(smpi_sc_sm.o)
                0x0000000000011860                SmpiScInit
                0x0000000000011874                smpiStateStr
 .text          0x000000000001188c       0x2c ../../../../../third_party/exactle/projects/generic/stacklib/gcc/bin-cortex-m4/libstacklib.a(smpr_sc_sm.o)
                0x000000000001188c                SmprScInit
                0x00000000000118a0                smprStateStr
 .text          0x00000000000118b8       0x28 ../../../../../third_party/exactle/projects/generic/stacklib/gcc/bin-cortex-m4/libstacklib.a(smpr_sm.o)
                0x00000000000118b8                SmprInit
 .text          0x00000000000118e0       0xac ../../../../../third_party/exactle/projects/generic/stacklib/gcc/bin-cortex-m4/libstacklib.a(dm_sec_master.o)
                0x00000000000118e0                DmSmpEncryptReq
                0x0000000000011908                DmSecPairReq
                0x0000000000011946                DmSecEncryptReq
 .text          0x000000000001198c      0x5c0 ../../../../../third_party/exactle/projects/generic/stacklib/gcc/bin-cortex-m4/libstacklib.a(smp_act.o)
                0x000000000001198c                smpStartRspTimer
                0x0000000000011998                smpActNone
                0x000000000001199a                smpCleanup
                0x00000000000119cc                smpActCleanup
                0x00000000000119d0                smpSendPairingFailed
                0x00000000000119f2                smpActPairingFailed
                0x0000000000011a1a                smpActPairingCancel
                0x0000000000011a32                smpActStorePin
                0x0000000000011a5a                smpActPairCnfCalc1
                0x0000000000011a7c                smpActPairCnfCalc2
                0x0000000000011a84                smpActSendPairCnf
                0x0000000000011ace                smpActPairCnfVerCalc1
                0x0000000000011af2                smpActPairCnfVerCalc2
                0x0000000000011af6                smpSendKey
                0x0000000000011c74                smpProcRcvKey
                0x0000000000011d2c                smpActMaxAttempts
                0x0000000000011d50                smpActAttemptRcvd
                0x0000000000011d58                smpActCheckAttempts
                0x0000000000011d7a                smpActPairingCmpl
                0x0000000000011db2                smpSmExecute
                0x0000000000011e14                smpProcPairing
                0x0000000000011f00                smpAuthReq
 .text          0x0000000000011f4c      0x2e8 ../../../../../third_party/exactle/projects/generic/stacklib/gcc/bin-cortex-m4/libstacklib.a(smpi_act.o)
                0x0000000000011f4c                smpiActPairReq
                0x0000000000011fbc                smpiActCheckSecurityReq
                0x0000000000011fd0                smpiActProcSecurityReq
                0x0000000000011ffa                smpiActProcPairRsp
                0x0000000000012060                smpiActProcPairCnf
                0x00000000000120b6                smpiActCnfVerify
                0x0000000000012118                smpiActStkEncrypt
                0x000000000001215c                smpiActSetupKeyDist
                0x00000000000121e0                smpiActRcvKey
                0x000000000001220e                smpiActSendKey
 .text          0x0000000000012234      0x34c ../../../../../third_party/exactle/projects/generic/stacklib/gcc/bin-cortex-m4/libstacklib.a(smpi_sc_act.o)
                0x0000000000012234                smpiScActAuthSelect
                0x0000000000012238                smpiScActSendPubKey
                0x0000000000012242                smpiScActJwncSetup
                0x0000000000012278                smpiScActJwncSendRand
                0x00000000000122a4                smpiScActJwncCalcF4
                0x00000000000122c6                smpiScActJwncCalcG2
                0x0000000000012302                smpiScActPkCalcCa
                0x000000000001237c                smpiScActPkCalcCb
                0x00000000000123bc                smpiScActPkSendCnf
                0x00000000000123c2                smpiScActPkSendRand
                0x00000000000123c6                smpiScActPkCheck
                0x0000000000012416                smpiScActOobCalcCb
                0x0000000000012478                smpiScActOobSendRand
                0x00000000000124ce                smpiScActOobProcRand
                0x00000000000124f0                smpiScActDHKeyCheckSend
                0x000000000001251a                smpiScActDHKeyCheckVerify
 .text          0x0000000000012580      0x314 ../../../../../third_party/exactle/projects/generic/stacklib/gcc/bin-cortex-m4/libstacklib.a(smpr_act.o)
                0x0000000000012580                smprActSendSecurityReq
                0x00000000000125aa                smprActCheckSecurityReq
                0x00000000000125b6                smprActClearSecurityReq
                0x00000000000125be                smprActProcPairReq
                0x0000000000012630                smprActSendPairRsp
                0x00000000000126c0                smprActProcPairCnf
                0x00000000000126e2                smprActProcPairCnfCalc1
                0x0000000000012704                smprActCnfVerify
                0x0000000000012760                smprActSendPairRandom
                0x00000000000127c0                smprActSendKey
                0x0000000000012828                smprActSetupKeyDist
                0x000000000001286a                smprActRcvKey
 .text          0x0000000000012894      0x368 ../../../../../third_party/exactle/projects/generic/stacklib/gcc/bin-cortex-m4/libstacklib.a(smpr_sc_act.o)
                0x0000000000012894                smprScActStoreLescPin
                0x00000000000128e4                smprScActSendPubKey
                0x00000000000128fa                smprScActJwncSetup
                0x000000000001293c                smprScActJwncSendCnf
                0x0000000000012942                smprScActJwncCalcG2
                0x0000000000012962                smprScActPkStoreCnf
                0x0000000000012972                smprScActPkCalcCb
                0x00000000000129b4                smprScActPkStoreCnfAndCalcCb
                0x00000000000129ca                smprScActPkStorePinAndCalcCb
                0x00000000000129e0                smprScActPkSendCnf
                0x00000000000129e4                smprScActPkCalcCa
                0x0000000000012a20                smprScActPkSendRand
                0x0000000000012a8a                smprScActOobSetup
                0x0000000000012a92                smprScActOobCalcCa
                0x0000000000012b00                smprScActOobSendRand
                0x0000000000012b58                smprScActWaitDhCheck
                0x0000000000012b70                smprScActCalcDHKey
                0x0000000000012b92                smprScActDHKeyCheckSend
 *(.text*)
 .text.basNoConnActive
                0x0000000000012bfc       0x40 bin/bas_main.o
 .text.basSetupToSend
                0x0000000000012c3c       0x40 bin/bas_main.o
 .text.basFindNextToSend
                0x0000000000012c7c       0x6c bin/bas_main.o
 .text.basSendPeriodicBattlevel
                0x0000000000012ce8       0x44 bin/bas_main.o
 .text.basConnOpen
                0x0000000000012d2c       0x20 bin/bas_main.o
 .text.basHandleValueCnf
                0x0000000000012d4c       0x48 bin/bas_main.o
 .text.basMeasTimerExp
                0x0000000000012d94       0x7c bin/bas_main.o
                0x0000000000012d94                basMeasTimerExp
 .text.BasInit  0x0000000000012e10       0x34 bin/bas_main.o
                0x0000000000012e10                BasInit
 .text.BasMeasBattStart
                0x0000000000012e44       0x80 bin/bas_main.o
                0x0000000000012e44                BasMeasBattStart
 .text.BasMeasBattStop
                0x0000000000012ec4       0x50 bin/bas_main.o
                0x0000000000012ec4                BasMeasBattStop
 .text.BasProcMsg
                0x0000000000012f14       0x48 bin/bas_main.o
                0x0000000000012f14                BasProcMsg
 .text.BasSendBattLevel
                0x0000000000012f5c       0x38 bin/bas_main.o
                0x0000000000012f5c                BasSendBattLevel
 .text.BasReadCback
                0x0000000000012f94       0x32 bin/bas_main.o
                0x0000000000012f94                BasReadCback
 *fill*         0x0000000000012fc6        0x2 
 .text.hrpsNoConnActive
                0x0000000000012fc8       0x40 bin/hrps_main.o
 .text.hrpsSetupToSend
                0x0000000000013008       0x40 bin/hrps_main.o
 .text.hrpsFindNextToSend
                0x0000000000013048       0x5c bin/hrps_main.o
 .text.hrpsBuildHrm
                0x00000000000130a4       0xda bin/hrps_main.o
 *fill*         0x000000000001317e        0x2 
 .text.hrpsSendHrmNtf
                0x0000000000013180       0x38 bin/hrps_main.o
 .text.hrpsConnOpen
                0x00000000000131b8       0x20 bin/hrps_main.o
 .text.hrpsHandleValueCnf
                0x00000000000131d8       0x58 bin/hrps_main.o
 .text.hrpsMeasTimerExp
                0x0000000000013230       0x7c bin/hrps_main.o
                0x0000000000013230                hrpsMeasTimerExp
 .text.HrpsInit
                0x00000000000132ac       0x2c bin/hrps_main.o
                0x00000000000132ac                HrpsInit
 .text.HrpsMeasStart
                0x00000000000132d8       0x50 bin/hrps_main.o
                0x00000000000132d8                HrpsMeasStart
 .text.HrpsMeasStop
                0x0000000000013328       0x44 bin/hrps_main.o
                0x0000000000013328                HrpsMeasStop
 .text.HrpsProcMsg
                0x000000000001336c       0x48 bin/hrps_main.o
                0x000000000001336c                HrpsProcMsg
 .text.HrpsWriteCback
                0x00000000000133b4       0x40 bin/hrps_main.o
                0x00000000000133b4                HrpsWriteCback
 .text.HrpsSetFlags
                0x00000000000133f4       0x24 bin/hrps_main.o
                0x00000000000133f4                HrpsSetFlags
 .text.__NVIC_EnableIRQ
                0x0000000000013418       0x3c bin/port.o
 .text.__NVIC_SetPriority
                0x0000000000013454       0x54 bin/port.o
 .text.pxPortInitialiseStack
                0x00000000000134a8       0x68 bin/port.o
                0x00000000000134a8                pxPortInitialiseStack
 .text.prvTaskExitError
                0x0000000000013510       0x40 bin/port.o
 .text.SVC_Handler
                0x0000000000013550       0x28 bin/port.o
                0x0000000000013550                SVC_Handler
 .text.prvPortStartFirstTask
                0x0000000000013578       0x28 bin/port.o
 .text.xPortStartScheduler
                0x00000000000135a0      0x108 bin/port.o
                0x00000000000135a0                xPortStartScheduler
 .text.vPortEnterCritical
                0x00000000000136a8       0x4c bin/port.o
                0x00000000000136a8                vPortEnterCritical
 .text.vPortExitCritical
                0x00000000000136f4       0x3c bin/port.o
                0x00000000000136f4                vPortExitCritical
 .text.PendSV_Handler
                0x0000000000013730       0x68 bin/port.o
                0x0000000000013730                PendSV_Handler
 .text.SysTick_Handler
                0x0000000000013798       0x40 bin/port.o
                0x0000000000013798                SysTick_Handler
 .text.vPortEnableVFP
                0x00000000000137d8       0x14 bin/port.o
 .text.vPortValidateInterruptPriority
                0x00000000000137ec       0x58 bin/port.o
                0x00000000000137ec                vPortValidateInterruptPriority
 .text.vPortSuppressTicksAndSleep
                0x0000000000013844       0xf0 bin/port.o
                0x0000000000013844                vPortSuppressTicksAndSleep
 .text.xPortStimerTickHandler
                0x0000000000013934       0xb4 bin/port.o
                0x0000000000013934                xPortStimerTickHandler
 .text.am_stimer_cmpr0_isr
                0x00000000000139e8       0x2a bin/port.o
                0x00000000000139e8                am_stimer_cmpr0_isr
 *fill*         0x0000000000013a12        0x2 
 .text.vPortSetupTimerInterrupt
                0x0000000000013a14       0x7c bin/port.o
                0x0000000000013a14                vPortSetupTimerInterrupt
 .text.BdaCpy   0x0000000000013a90       0x1c bin/bda.o
                0x0000000000013a90                BdaCpy
 .text.BdaCmp   0x0000000000013aac       0x28 bin/bda.o
                0x0000000000013aac                BdaCmp
 .text.BdaClr   0x0000000000013ad4       0x1e bin/bda.o
                0x0000000000013ad4                BdaClr
 .text.BdaIsZeros
                0x0000000000013af2       0x34 bin/bda.o
                0x0000000000013af2                BdaIsZeros
 .text.Calc128Cpy
                0x0000000000013b26       0x1c bin/calc128.o
                0x0000000000013b26                Calc128Cpy
 .text.Calc128Cpy64
                0x0000000000013b42       0x1c bin/calc128.o
                0x0000000000013b42                Calc128Cpy64
 .text.Calc128Xor
                0x0000000000013b5e       0x3e bin/calc128.o
                0x0000000000013b5e                Calc128Xor
 .text.WStrReverseCpy
                0x0000000000013b9c       0x52 bin/wstr.o
                0x0000000000013b9c                WStrReverseCpy
 .text.WStrReverse
                0x0000000000013bee       0x60 bin/wstr.o
                0x0000000000013bee                WStrReverse
 .text.hciCmdAlloc
                0x0000000000013c4e       0x5c bin/hci_cmd.o
                0x0000000000013c4e                hciCmdAlloc
 *fill*         0x0000000000013caa        0x2 
 .text.hciCmdSend
                0x0000000000013cac       0x78 bin/hci_cmd.o
                0x0000000000013cac                hciCmdSend
 .text.hciCmdInit
                0x0000000000013d24       0x38 bin/hci_cmd.o
                0x0000000000013d24                hciCmdInit
 .text.hciCmdTimeout
                0x0000000000013d5c       0x1e bin/hci_cmd.o
                0x0000000000013d5c                hciCmdTimeout
 *fill*         0x0000000000013d7a        0x2 
 .text.hciCmdRecvCmpl
                0x0000000000013d7c       0x28 bin/hci_cmd.o
                0x0000000000013d7c                hciCmdRecvCmpl
 .text.HciDisconnectCmd
                0x0000000000013da4       0x5c bin/hci_cmd.o
                0x0000000000013da4                HciDisconnectCmd
 .text.HciLeAddDevWhiteListCmd
                0x0000000000013e00       0x4a bin/hci_cmd.o
                0x0000000000013e00                HciLeAddDevWhiteListCmd
 .text.HciLeClearWhiteListCmd
                0x0000000000013e4a       0x26 bin/hci_cmd.o
                0x0000000000013e4a                HciLeClearWhiteListCmd
 .text.HciLeConnUpdateCmd
                0x0000000000013e70      0x10e bin/hci_cmd.o
                0x0000000000013e70                HciLeConnUpdateCmd
 .text.HciLeRemoteConnParamReqReply
                0x0000000000013f7e      0x108 bin/hci_cmd.o
                0x0000000000013f7e                HciLeRemoteConnParamReqReply
 .text.HciLeRemoteConnParamReqNegReply
                0x0000000000014086       0x5c bin/hci_cmd.o
                0x0000000000014086                HciLeRemoteConnParamReqNegReply
 .text.HciLeSetDataLen
                0x00000000000140e2       0x8c bin/hci_cmd.o
                0x00000000000140e2                HciLeSetDataLen
 .text.HciLeWriteDefDataLen
                0x000000000001416e       0x6e bin/hci_cmd.o
                0x000000000001416e                HciLeWriteDefDataLen
 .text.HciLeReadLocalP256PubKey
                0x00000000000141dc       0x26 bin/hci_cmd.o
                0x00000000000141dc                HciLeReadLocalP256PubKey
 .text.HciLeGenerateDHKey
                0x0000000000014202       0x48 bin/hci_cmd.o
                0x0000000000014202                HciLeGenerateDHKey
 .text.HciLeReadMaxDataLen
                0x000000000001424a       0x26 bin/hci_cmd.o
                0x000000000001424a                HciLeReadMaxDataLen
 .text.HciLeEncryptCmd
                0x0000000000014270       0x4a bin/hci_cmd.o
                0x0000000000014270                HciLeEncryptCmd
 .text.HciLeLtkReqNegReplCmd
                0x00000000000142ba       0x4c bin/hci_cmd.o
                0x00000000000142ba                HciLeLtkReqNegReplCmd
 .text.HciLeLtkReqReplCmd
                0x0000000000014306       0x58 bin/hci_cmd.o
                0x0000000000014306                HciLeLtkReqReplCmd
 .text.HciLeRandCmd
                0x000000000001435e       0x26 bin/hci_cmd.o
                0x000000000001435e                HciLeRandCmd
 .text.HciLeReadBufSizeCmd
                0x0000000000014384       0x26 bin/hci_cmd.o
                0x0000000000014384                HciLeReadBufSizeCmd
 .text.HciLeReadLocalSupFeatCmd
                0x00000000000143aa       0x26 bin/hci_cmd.o
                0x00000000000143aa                HciLeReadLocalSupFeatCmd
 .text.HciLeReadRemoteFeatCmd
                0x00000000000143d0       0x4c bin/hci_cmd.o
                0x00000000000143d0                HciLeReadRemoteFeatCmd
 .text.HciLeReadSupStatesCmd
                0x000000000001441c       0x26 bin/hci_cmd.o
                0x000000000001441c                HciLeReadSupStatesCmd
 .text.HciLeReadWhiteListSizeCmd
                0x0000000000014442       0x26 bin/hci_cmd.o
                0x0000000000014442                HciLeReadWhiteListSizeCmd
 .text.HciLeRemoveDevWhiteListCmd
                0x0000000000014468       0x4a bin/hci_cmd.o
                0x0000000000014468                HciLeRemoveDevWhiteListCmd
 .text.HciLeSetAdvEnableCmd
                0x00000000000144b2       0x3a bin/hci_cmd.o
                0x00000000000144b2                HciLeSetAdvEnableCmd
 .text.HciLeSetAdvDataCmd
                0x00000000000144ec       0x60 bin/hci_cmd.o
                0x00000000000144ec                HciLeSetAdvDataCmd
 .text.HciLeSetAdvParamCmd
                0x000000000001454c       0xd2 bin/hci_cmd.o
                0x000000000001454c                HciLeSetAdvParamCmd
 .text.HciLeSetEventMaskCmd
                0x000000000001461e       0x38 bin/hci_cmd.o
                0x000000000001461e                HciLeSetEventMaskCmd
 .text.HciLeSetRandAddrCmd
                0x0000000000014656       0x3c bin/hci_cmd.o
                0x0000000000014656                HciLeSetRandAddrCmd
 .text.HciLeSetScanRespDataCmd
                0x0000000000014692       0x60 bin/hci_cmd.o
                0x0000000000014692                HciLeSetScanRespDataCmd
 .text.HciLeStartEncryptionCmd
                0x00000000000146f2       0x8a bin/hci_cmd.o
                0x00000000000146f2                HciLeStartEncryptionCmd
 .text.HciReadBdAddrCmd
                0x000000000001477c       0x26 bin/hci_cmd.o
                0x000000000001477c                HciReadBdAddrCmd
 .text.HciReadLocalVerInfoCmd
                0x00000000000147a2       0x26 bin/hci_cmd.o
                0x00000000000147a2                HciReadLocalVerInfoCmd
 .text.HciReadRssiCmd
                0x00000000000147c8       0x4c bin/hci_cmd.o
                0x00000000000147c8                HciReadRssiCmd
 .text.HciResetCmd
                0x0000000000014814       0x64 bin/hci_cmd.o
                0x0000000000014814                HciResetCmd
 .text.HciSetEventMaskCmd
                0x0000000000014878       0x38 bin/hci_cmd.o
                0x0000000000014878                HciSetEventMaskCmd
 .text.HciSetEventMaskPage2Cmd
                0x00000000000148b0       0x38 bin/hci_cmd.o
                0x00000000000148b0                HciSetEventMaskPage2Cmd
 .text.HciWriteAuthPayloadTimeout
                0x00000000000148e8       0x6e bin/hci_cmd.o
                0x00000000000148e8                HciWriteAuthPayloadTimeout
 .text.HciLeAddDeviceToResolvingListCmd
                0x0000000000014956       0x68 bin/hci_cmd.o
                0x0000000000014956                HciLeAddDeviceToResolvingListCmd
 .text.HciLeRemoveDeviceFromResolvingList
                0x00000000000149be       0x4a bin/hci_cmd.o
                0x00000000000149be                HciLeRemoveDeviceFromResolvingList
 .text.HciLeClearResolvingList
                0x0000000000014a08       0x26 bin/hci_cmd.o
                0x0000000000014a08                HciLeClearResolvingList
 .text.HciLeReadResolvingListSize
                0x0000000000014a2e       0x26 bin/hci_cmd.o
                0x0000000000014a2e                HciLeReadResolvingListSize
 .text.HciLeReadPeerResolvableAddr
                0x0000000000014a54       0x4a bin/hci_cmd.o
                0x0000000000014a54                HciLeReadPeerResolvableAddr
 .text.HciLeReadLocalResolvableAddr
                0x0000000000014a9e       0x4a bin/hci_cmd.o
                0x0000000000014a9e                HciLeReadLocalResolvableAddr
 .text.HciLeSetAddrResolutionEnable
                0x0000000000014ae8       0x3a bin/hci_cmd.o
                0x0000000000014ae8                HciLeSetAddrResolutionEnable
 .text.HciLeSetResolvablePrivateAddrTimeout
                0x0000000000014b22       0x4c bin/hci_cmd.o
                0x0000000000014b22                HciLeSetResolvablePrivateAddrTimeout
 .text.HciLeSetPrivacyModeCmd
                0x0000000000014b6e       0x58 bin/hci_cmd.o
                0x0000000000014b6e                HciLeSetPrivacyModeCmd
 .text.HciVendorSpecificCmd
                0x0000000000014bc6       0x46 bin/hci_cmd.o
                0x0000000000014bc6                HciVendorSpecificCmd
 .text.hciCoreConnAlloc
                0x0000000000014c0c       0x5c bin/hci_core.o
 .text.hciCoreConnFree
                0x0000000000014c68       0x84 bin/hci_core.o
 .text.hciCoreConnByHandle
                0x0000000000014cec       0x48 bin/hci_core.o
                0x0000000000014cec                hciCoreConnByHandle
 .text.hciCoreNextConnFragment
                0x0000000000014d34       0x4c bin/hci_core.o
 .text.hciCoreConnOpen
                0x0000000000014d80       0x1a bin/hci_core.o
                0x0000000000014d80                hciCoreConnOpen
 .text.hciCoreConnClose
                0x0000000000014d9a       0x1a bin/hci_core.o
                0x0000000000014d9a                hciCoreConnClose
 .text.hciCoreSendAclData
                0x0000000000014db4       0x44 bin/hci_core.o
                0x0000000000014db4                hciCoreSendAclData
 .text.hciCoreTxReady
                0x0000000000014df8       0xd0 bin/hci_core.o
                0x0000000000014df8                hciCoreTxReady
 .text.hciCoreTxAclStart
                0x0000000000014ec8       0x90 bin/hci_core.o
                0x0000000000014ec8                hciCoreTxAclStart
 .text.hciCoreTxAclContinue
                0x0000000000014f58       0xb8 bin/hci_core.o
                0x0000000000014f58                hciCoreTxAclContinue
 .text.hciCoreTxAclComplete
                0x0000000000015010       0x46 bin/hci_core.o
                0x0000000000015010                hciCoreTxAclComplete
 *fill*         0x0000000000015056        0x2 
 .text.hciCoreAclReassembly
                0x0000000000015058      0x1d4 bin/hci_core.o
                0x0000000000015058                hciCoreAclReassembly
 .text.HciCoreInit
                0x000000000001522c       0x70 bin/hci_core.o
                0x000000000001522c                HciCoreInit
 .text.HciResetSequence
                0x000000000001529c       0xa0 bin/hci_core.o
                0x000000000001529c                HciResetSequence
 .text.HciSetMaxRxAclLen
                0x000000000001533c       0x24 bin/hci_core.o
                0x000000000001533c                HciSetMaxRxAclLen
 .text.HciSendAclData
                0x0000000000015360       0xd8 bin/hci_core.o
                0x0000000000015360                HciSendAclData
 .text.hciCoreInit
                0x0000000000015438        0xc bin/hci_core_ps.o
                0x0000000000015438                hciCoreInit
 .text.hciCoreNumCmplPkts
                0x0000000000015444       0xd4 bin/hci_core_ps.o
                0x0000000000015444                hciCoreNumCmplPkts
 .text.hciCoreRecv
                0x0000000000015518       0x30 bin/hci_core_ps.o
                0x0000000000015518                hciCoreRecv
 .text.HciCoreHandler
                0x0000000000015548       0x88 bin/hci_core_ps.o
                0x0000000000015548                HciCoreHandler
 .text.HciGetBdAddr
                0x00000000000155d0       0x14 bin/hci_core_ps.o
                0x00000000000155d0                HciGetBdAddr
 .text.HciGetBufSize
                0x00000000000155e4       0x18 bin/hci_core_ps.o
                0x00000000000155e4                HciGetBufSize
 .text.HciGetLeSupFeat
                0x00000000000155fc       0x20 bin/hci_core_ps.o
                0x00000000000155fc                HciGetLeSupFeat
 .text.HciGetMaxRxAclLen
                0x000000000001561c       0x18 bin/hci_core_ps.o
                0x000000000001561c                HciGetMaxRxAclLen
 .text.HciLlPrivacySupported
                0x0000000000015634       0x24 bin/hci_core_ps.o
                0x0000000000015634                HciLlPrivacySupported
 .text.hciEvtParseLeConnCmpl
                0x0000000000015658      0x104 bin/hci_evt.o
 .text.hciEvtParseLeEnhancedConnCmpl
                0x000000000001575c      0x10c bin/hci_evt.o
 .text.hciEvtParseDisconnectCmpl
                0x0000000000015868       0x62 bin/hci_evt.o
 .text.hciEvtParseLeConnUpdateCmpl
                0x00000000000158ca       0xb6 bin/hci_evt.o
 .text.hciEvtParseLeCreateConnCancelCmdCmpl
                0x0000000000015980       0x2e bin/hci_evt.o
 .text.hciEvtParseReadRssiCmdCmpl
                0x00000000000159ae       0x64 bin/hci_evt.o
 .text.hciEvtParseReadChanMapCmdCmpl
                0x0000000000015a12       0x60 bin/hci_evt.o
 .text.hciEvtParseReadTxPwrLvlCmdCmpl
                0x0000000000015a72       0x54 bin/hci_evt.o
 .text.hciEvtParseReadRemoteVerInfoCmpl
                0x0000000000015ac6       0xa2 bin/hci_evt.o
 .text.hciEvtParseReadLeRemoteFeatCmpl
                0x0000000000015b68       0x60 bin/hci_evt.o
 .text.hciEvtParseLeLtkReqReplCmdCmpl
                0x0000000000015bc8       0x56 bin/hci_evt.o
 .text.hciEvtParseLeLtkReqNegReplCmdCmpl
                0x0000000000015c1e       0x56 bin/hci_evt.o
 .text.hciEvtParseEncKeyRefreshCmpl
                0x0000000000015c74       0x56 bin/hci_evt.o
 .text.hciEvtParseEncChange
                0x0000000000015cca       0x62 bin/hci_evt.o
 .text.hciEvtParseLeLtkReq
                0x0000000000015d2c       0x72 bin/hci_evt.o
 .text.hciEvtParseVendorSpecCmdStatus
                0x0000000000015d9e       0x3a bin/hci_evt.o
 .text.hciEvtParseVendorSpecCmdCmpl
                0x0000000000015dd8       0x58 bin/hci_evt.o
 .text.hciEvtParseVendorSpec
                0x0000000000015e30       0x24 bin/hci_evt.o
 .text.hciEvtParseHwError
                0x0000000000015e54       0x26 bin/hci_evt.o
 .text.hciEvtParseLeEncryptCmdCmpl
                0x0000000000015e7a       0x38 bin/hci_evt.o
 .text.hciEvtParseLeRandCmdCmpl
                0x0000000000015eb2       0x38 bin/hci_evt.o
 .text.hciEvtParseLeAddDevToResListCmdCmpl
                0x0000000000015eea       0x2e bin/hci_evt.o
 .text.hciEvtParseLeRemDevFromResListCmdCmpl
                0x0000000000015f18       0x2e bin/hci_evt.o
 .text.hciEvtParseLeClearResListCmdCmpl
                0x0000000000015f46       0x2e bin/hci_evt.o
 .text.hciEvtParseLeReadPeerResAddrCmdCmpl
                0x0000000000015f74       0x3c bin/hci_evt.o
 .text.hciEvtParseLeReadLocalResAddrCmdCmpl
                0x0000000000015fb0       0x3c bin/hci_evt.o
 .text.hciEvtParseLeSetAddrResEnableCmdCmpl
                0x0000000000015fec       0x2e bin/hci_evt.o
 .text.hciEvtParseRemConnParamRepCmdCmpl
                0x000000000001601a       0x56 bin/hci_evt.o
 .text.hciEvtParseRemConnParamNegRepCmdCmpl
                0x0000000000016070       0x56 bin/hci_evt.o
 .text.hciEvtParseReadDefDataLenCmdCmpl
                0x00000000000160c6       0x6e bin/hci_evt.o
 .text.hciEvtParseWriteDefDataLenCmdCmpl
                0x0000000000016134       0x2e bin/hci_evt.o
 .text.hciEvtParseSetDataLenCmdCmpl
                0x0000000000016162       0x56 bin/hci_evt.o
 .text.hciEvtParseReadMaxDataLenCmdCmpl
                0x00000000000161b8       0xae bin/hci_evt.o
 .text.hciEvtParseRemConnParamReq
                0x0000000000016266       0xc2 bin/hci_evt.o
 .text.hciEvtParseDataLenChange
                0x0000000000016328       0xc2 bin/hci_evt.o
 .text.hciEvtParseReadPubKeyCmdCmpl
                0x00000000000163ea       0x38 bin/hci_evt.o
 .text.hciEvtParseGenDhKeyCmdCmpl
                0x0000000000016422       0x38 bin/hci_evt.o
 .text.hciEvtParseWriteAuthTimeoutCmdCmpl
                0x000000000001645a       0x56 bin/hci_evt.o
 .text.hciEvtParseAuthTimeoutExpiredEvt
                0x00000000000164b0       0x42 bin/hci_evt.o
 .text.hciEvtParseReadPhyCmdCmpl
                0x00000000000164f2       0x6e bin/hci_evt.o
 .text.hciEvtParseSetDefPhyCmdCmpl
                0x0000000000016560       0x2e bin/hci_evt.o
 .text.hciEvtParsePhyUpdateCmpl
                0x000000000001658e       0x6e bin/hci_evt.o
 .text.hciEvtProcessLeAdvReport
                0x00000000000165fc       0xf0 bin/hci_evt.o
 .text.hciEvtProcessLeExtAdvReport
                0x00000000000166ec      0x1b0 bin/hci_evt.o
 .text.hciEvtParseLeScanTimeout
                0x000000000001689c       0x1a bin/hci_evt.o
 .text.hciEvtParseLeAdvSetTerm
                0x00000000000168b6       0x6e bin/hci_evt.o
 .text.hciEvtParseLeScanReqRcvd
                0x0000000000016924       0x40 bin/hci_evt.o
 .text.hciEvtParseLePerAdvSyncEst
                0x0000000000016964       0xac bin/hci_evt.o
 .text.hciEvtProcessLePerAdvReport
                0x0000000000016a10       0xd4 bin/hci_evt.o
 .text.hciEvtParseLeCmdCmpl
                0x0000000000016ae4       0x26 bin/hci_evt.o
 .text.hciEvtParseLePerAdvSyncLost
                0x0000000000016b0a       0x3a bin/hci_evt.o
 .text.hciEvtProcessLeDirectAdvReport
                0x0000000000016b44       0xc8 bin/hci_evt.o
 .text.hciEvtCmdStatusFailure
                0x0000000000016c0c       0x1c bin/hci_evt.o
                0x0000000000016c0c                hciEvtCmdStatusFailure
 .text.hciEvtProcessCmdStatus
                0x0000000000016c28       0x5a bin/hci_evt.o
                0x0000000000016c28                hciEvtProcessCmdStatus
 *fill*         0x0000000000016c82        0x2 
 .text.hciEvtProcessCmdCmpl
                0x0000000000016c84      0x2a8 bin/hci_evt.o
                0x0000000000016c84                hciEvtProcessCmdCmpl
 .text.hciEvtProcessMsg
                0x0000000000016f2c      0x334 bin/hci_evt.o
                0x0000000000016f2c                hciEvtProcessMsg
 .text.hciTrSendAclData
                0x0000000000017260       0x4e bin/hci_tr.o
                0x0000000000017260                hciTrSendAclData
 .text.hciTrSendCmd
                0x00000000000172ae       0x3a bin/hci_tr.o
                0x00000000000172ae                hciTrSendCmd
 .text.hciTrSerialRxIncoming
                0x00000000000172e8      0x218 bin/hci_tr.o
                0x00000000000172e8                hciTrSerialRxIncoming
 .text.hciCoreReadResolvingListSize
                0x0000000000017500       0x3c bin/hci_vs.o
 .text.hciCoreReadMaxDataLen
                0x000000000001753c       0x34 bin/hci_vs.o
 .text.hciCoreResetStart
                0x0000000000017570        0xc bin/hci_vs.o
                0x0000000000017570                hciCoreResetStart
 .text.hciCoreResetSequence
                0x000000000001757c      0x2cc bin/hci_vs.o
                0x000000000001757c                hciCoreResetSequence
 .text.hciCoreVsCmdCmplRcvd
                0x0000000000017848       0x1e bin/hci_vs.o
                0x0000000000017848                hciCoreVsCmdCmplRcvd
 .text.HciVsInit
                0x0000000000017866       0x16 bin/hci_vs.o
                0x0000000000017866                HciVsInit
 .text.fitDmCback
                0x000000000001787c       0x48 bin/fit_main.o
 .text.fitAttCback
                0x00000000000178c4       0x5c bin/fit_main.o
 .text.fitCccCback
                0x0000000000017920       0x68 bin/fit_main.o
 .text.fitSendRunningSpeedMeasurement
                0x0000000000017988       0xa4 bin/fit_main.o
 .text.fitProcCccState
                0x0000000000017a2c       0xb4 bin/fit_main.o
 .text.fitClose
                0x0000000000017ae0       0x34 bin/fit_main.o
 .text.fitSetup
                0x0000000000017b14       0x48 bin/fit_main.o
 .text.fitBtnCback
                0x0000000000017b5c       0xbc bin/fit_main.o
 .text.fitProcMsg
                0x0000000000017c18      0x34c bin/fit_main.o
 .text.FitHandlerInit
                0x0000000000017f64       0x94 bin/fit_main.o
                0x0000000000017f64                FitHandlerInit
 .text.FitHandler
                0x0000000000017ff8       0x4c bin/fit_main.o
                0x0000000000017ff8                FitHandler
 .text.FitStart
                0x0000000000018044       0x80 bin/fit_main.o
                0x0000000000018044                FitStart
 .text.RscpsSetFeatures
                0x00000000000180c4       0x32 bin/rscps_main.o
                0x00000000000180c4                RscpsSetFeatures
 *fill*         0x00000000000180f6        0x2 
 .text.RscpsSetParameter
                0x00000000000180f8       0xa8 bin/rscps_main.o
                0x00000000000180f8                RscpsSetParameter
 .text.RscpsSendSpeedMeasurement
                0x00000000000181a0      0x118 bin/rscps_main.o
                0x00000000000181a0                RscpsSendSpeedMeasurement
 .text.getNextToken
                0x00000000000182b8       0x44 bin/sec_aes.o
 .text.SecAes   0x00000000000182fc       0x70 bin/sec_aes.o
                0x00000000000182fc                SecAes
 .text.SecAesHciCback
                0x000000000001836c       0x3e bin/sec_aes.o
                0x000000000001836c                SecAesHciCback
 *fill*         0x00000000000183aa        0x2 
 .text.SecAesInit
                0x00000000000183ac       0x1c bin/sec_aes.o
                0x00000000000183ac                SecAesInit
 .text.secCmacProcessBlock
                0x00000000000183c8       0xf0 bin/sec_cmac.o
 .text.secCmacGenSubkey1
                0x00000000000184b8       0x48 bin/sec_cmac.o
 .text.secCmacKeyShift
                0x0000000000018500       0x6e bin/sec_cmac.o
 .text.secCmacGenSubkey2
                0x000000000001856e       0x90 bin/sec_cmac.o
 .text.secCmacComplete
                0x00000000000185fe       0x48 bin/sec_cmac.o
 .text.SecCmacHciCback
                0x0000000000018646       0x60 bin/sec_cmac.o
                0x0000000000018646                SecCmacHciCback
 *fill*         0x00000000000186a6        0x2 
 .text.SecCmac  0x00000000000186a8       0xac bin/sec_cmac.o
                0x00000000000186a8                SecCmac
 .text.SecCmacInit
                0x0000000000018754       0x1c bin/sec_cmac.o
                0x0000000000018754                SecCmacInit
 .text.SecEccHciCback
                0x0000000000018770       0x9a bin/sec_ecc_hci.o
                0x0000000000018770                SecEccHciCback
 *fill*         0x000000000001880a        0x2 
 .text.SecEccGenKey
                0x000000000001880c       0x5c bin/sec_ecc_hci.o
                0x000000000001880c                SecEccGenKey
 .text.SecEccGenSharedSecret
                0x0000000000018868      0x108 bin/sec_ecc_hci.o
                0x0000000000018868                SecEccGenSharedSecret
 .text.SecEccInit
                0x0000000000018970       0x1c bin/sec_ecc_hci.o
                0x0000000000018970                SecEccInit
 .text.secHciCback
                0x000000000001898c       0xe8 bin/sec_main.o
 .text.SecInit  0x0000000000018a74       0x2c bin/sec_main.o
                0x0000000000018a74                SecInit
 .text.SecRand  0x0000000000018aa0       0x48 bin/sec_main.o
                0x0000000000018aa0                SecRand
 .text.WsfAssert
                0x0000000000018ae8       0x28 bin/wsf_assert.o
                0x0000000000018ae8                WsfAssert
 .text.WsfCsEnter
                0x0000000000018b10       0x28 bin/wsf_os.o
                0x0000000000018b10                WsfCsEnter
 .text.WsfCsExit
                0x0000000000018b38       0x28 bin/wsf_os.o
                0x0000000000018b38                WsfCsExit
 .text.WsfTaskLock
                0x0000000000018b60        0xc bin/wsf_os.o
                0x0000000000018b60                WsfTaskLock
 .text.WsfTaskUnlock
                0x0000000000018b6c        0xc bin/wsf_os.o
                0x0000000000018b6c                WsfTaskUnlock
 .text.WsfSetOsSpecificEvent
                0x0000000000018b78       0x98 bin/wsf_os.o
                0x0000000000018b78                WsfSetOsSpecificEvent
 .text.WsfSetEvent
                0x0000000000018c10       0x60 bin/wsf_os.o
                0x0000000000018c10                WsfSetEvent
 .text.WsfTaskSetReady
                0x0000000000018c70       0x3c bin/wsf_os.o
                0x0000000000018c70                WsfTaskSetReady
 .text.WsfTaskMsgQueue
                0x0000000000018cac       0x1c bin/wsf_os.o
                0x0000000000018cac                WsfTaskMsgQueue
 .text.WsfOsSetNextHandler
                0x0000000000018cc8       0x38 bin/wsf_os.o
                0x0000000000018cc8                WsfOsSetNextHandler
 .text.wsfOsReadyToSleep
                0x0000000000018d00       0x24 bin/wsf_os.o
                0x0000000000018d00                wsfOsReadyToSleep
 .text.wsfOsDispatcher
                0x0000000000018d24      0x108 bin/wsf_os.o
                0x0000000000018d24                wsfOsDispatcher
 .text.wsfOsSetEventObject
                0x0000000000018e2c       0x20 bin/wsf_os.o
                0x0000000000018e2c                wsfOsSetEventObject
 .text.WsfTrace
                0x0000000000018e4c       0x58 bin/wsf_trace.o
                0x0000000000018e4c                WsfTrace
 .text.__NVIC_EnableIRQ
                0x0000000000018ea4       0x3c bin/hci_drv_apollo3.o
 .text.__NVIC_DisableIRQ
                0x0000000000018ee0       0x44 bin/hci_drv_apollo3.o
 .text.error_check
                0x0000000000018f24       0x38 bin/hci_drv_apollo3.o
 .text.HciDrvRadioBoot
                0x0000000000018f5c      0x1f4 bin/hci_drv_apollo3.o
                0x0000000000018f5c                HciDrvRadioBoot
 .text.HciDrvRadioShutdown
                0x0000000000019150       0x94 bin/hci_drv_apollo3.o
                0x0000000000019150                HciDrvRadioShutdown
 .text.hciDrvWrite
                0x00000000000191e4      0x110 bin/hci_drv_apollo3.o
                0x00000000000191e4                hciDrvWrite
 .text.HciDrvHandlerInit
                0x00000000000192f4       0x40 bin/hci_drv_apollo3.o
                0x00000000000192f4                HciDrvHandlerInit
 .text.HciDrvIntService
                0x0000000000019334       0x4c bin/hci_drv_apollo3.o
                0x0000000000019334                HciDrvIntService
 .text.HciDrvHandler
                0x0000000000019380      0x284 bin/hci_drv_apollo3.o
                0x0000000000019380                HciDrvHandler
 .text.HciDrvEmptyWriteQueue
                0x0000000000019604       0x20 bin/hci_drv_apollo3.o
                0x0000000000019604                HciDrvEmptyWriteQueue
 .text.AppDbInit
                0x0000000000019624        0xe bin/app_db.o
                0x0000000000019624                AppDbInit
 *fill*         0x0000000000019632        0x2 
 .text.AppDbNewRecord
                0x0000000000019634       0xa4 bin/app_db.o
                0x0000000000019634                AppDbNewRecord
 .text.AppDbGetNextRecord
                0x00000000000196d8       0x68 bin/app_db.o
                0x00000000000196d8                AppDbGetNextRecord
 .text.AppDbDeleteRecord
                0x0000000000019740       0x1c bin/app_db.o
                0x0000000000019740                AppDbDeleteRecord
 .text.AppDbValidateRecord
                0x000000000001975c       0x28 bin/app_db.o
                0x000000000001975c                AppDbValidateRecord
 .text.AppDbCheckValidRecord
                0x0000000000019784       0x20 bin/app_db.o
                0x0000000000019784                AppDbCheckValidRecord
 .text.AppDbRecordInUse
                0x00000000000197a4       0x58 bin/app_db.o
                0x00000000000197a4                AppDbRecordInUse
 .text.AppDbCheckBonded
                0x00000000000197fc       0x44 bin/app_db.o
                0x00000000000197fc                AppDbCheckBonded
 .text.AppDbDeleteAllRecords
                0x0000000000019840       0x3c bin/app_db.o
                0x0000000000019840                AppDbDeleteAllRecords
 .text.AppDbFindByAddr
                0x000000000001987c       0x6c bin/app_db.o
                0x000000000001987c                AppDbFindByAddr
 .text.AppDbFindByLtkReq
                0x00000000000198e8       0x64 bin/app_db.o
                0x00000000000198e8                AppDbFindByLtkReq
 .text.AppDbGetKey
                0x000000000001994c       0x94 bin/app_db.o
                0x000000000001994c                AppDbGetKey
 .text.AppDbSetKey
                0x00000000000199e0       0xf8 bin/app_db.o
                0x00000000000199e0                AppDbSetKey
 .text.AppDbGetCccTbl
                0x0000000000019ad8       0x18 bin/app_db.o
                0x0000000000019ad8                AppDbGetCccTbl
 .text.AppDbSetCccTblValue
                0x0000000000019af0       0x2a bin/app_db.o
                0x0000000000019af0                AppDbSetCccTblValue
 .text.AppDbGetPeerSignCounter
                0x0000000000019b1a       0x1a bin/app_db.o
                0x0000000000019b1a                AppDbGetPeerSignCounter
 .text.AppDbSetPeerSignCounter
                0x0000000000019b34       0x1e bin/app_db.o
                0x0000000000019b34                AppDbSetPeerSignCounter
 .text.AppDbGetPeerAddedToRl
                0x0000000000019b52       0x1a bin/app_db.o
                0x0000000000019b52                AppDbGetPeerAddedToRl
 .text.AppDbSetPeerAddedToRl
                0x0000000000019b6c       0x20 bin/app_db.o
                0x0000000000019b6c                AppDbSetPeerAddedToRl
 .text.AppDbGetPeerRpao
                0x0000000000019b8c       0x1a bin/app_db.o
                0x0000000000019b8c                AppDbGetPeerRpao
 *fill*         0x0000000000019ba6        0x2 
 .text.AppHwBattRead
                0x0000000000019ba8       0x20 bin/app_hw.o
                0x0000000000019ba8                AppHwBattRead
 .text.AppHwHrmRead
                0x0000000000019bc8       0x58 bin/app_hw.o
                0x0000000000019bc8                AppHwHrmRead
 .text.AppHwHrmTest
                0x0000000000019c20       0x20 bin/app_hw.o
                0x0000000000019c20                AppHwHrmTest
 .text.AppUiAction
                0x0000000000019c40      0x12c bin/app_ui.o
                0x0000000000019c40                AppUiAction
 .text.AppUiDisplayPasskey
                0x0000000000019d6c       0x1c bin/app_ui.o
                0x0000000000019d6c                AppUiDisplayPasskey
 .text.AppUiDisplayConfirmValue
                0x0000000000019d88       0x1c bin/app_ui.o
                0x0000000000019d88                AppUiDisplayConfirmValue
 .text.appUiTimerExpired
                0x0000000000019da4       0x14 bin/app_ui.o
                0x0000000000019da4                appUiTimerExpired
 .text.appUiBtnPoll
                0x0000000000019db8        0xe bin/app_ui.o
                0x0000000000019db8                appUiBtnPoll
 *fill*         0x0000000000019dc6        0x2 
 .text.AppUiBtnRegister
                0x0000000000019dc8       0x20 bin/app_ui.o
                0x0000000000019dc8                AppUiBtnRegister
 .text.AppUiBtnPressed
                0x0000000000019de8        0xe bin/app_ui.o
                0x0000000000019de8                AppUiBtnPressed
 .text.enable_print_interface
                0x0000000000019df6        0xc bin/ble_freertos_fit.o
                0x0000000000019df6                enable_print_interface
 *fill*         0x0000000000019e02        0x2 
 .text.main     0x0000000000019e04       0x44 bin/ble_freertos_fit.o
                0x0000000000019e04                main
 .text.__NVIC_SetPriority
                0x0000000000019e48       0x54 bin/radio_task.o
 .text.wsf_timer_handler
                0x0000000000019e9c       0x18 bin/radio_task.o
                0x0000000000019e9c                wsf_timer_handler
 .text.scheduler_timer_init
                0x0000000000019eb4       0x38 bin/radio_task.o
                0x0000000000019eb4                scheduler_timer_init
 .text.update_scheduler_timers
                0x0000000000019eec       0x44 bin/radio_task.o
                0x0000000000019eec                update_scheduler_timers
 .text.set_next_wakeup
                0x0000000000019f30       0x50 bin/radio_task.o
                0x0000000000019f30                set_next_wakeup
 .text.exactle_stack_init
                0x0000000000019f80      0x14c bin/radio_task.o
                0x0000000000019f80                exactle_stack_init
 .text.am_uart_isr
                0x000000000001a0cc       0x28 bin/radio_task.o
                0x000000000001a0cc                am_uart_isr
 .text.am_ble_isr
                0x000000000001a0f4       0x14 bin/radio_task.o
                0x000000000001a0f4                am_ble_isr
 .text.RadioTaskSetup
                0x000000000001a108       0x44 bin/radio_task.o
                0x000000000001a108                RadioTaskSetup
 .text.RadioTask
                0x000000000001a14c       0x4c bin/radio_task.o
                0x000000000001a14c                RadioTask
 .text.am_ctimer_isr
                0x000000000001a198       0x22 bin/rtos.o
                0x000000000001a198                am_ctimer_isr
 .text.am_freertos_sleep
                0x000000000001a1ba       0x18 bin/rtos.o
                0x000000000001a1ba                am_freertos_sleep
 .text.am_freertos_wakeup
                0x000000000001a1d2       0x14 bin/rtos.o
                0x000000000001a1d2                am_freertos_wakeup
 .text.vApplicationMallocFailedHook
                0x000000000001a1e6        0x6 bin/rtos.o
                0x000000000001a1e6                vApplicationMallocFailedHook
 .text.vApplicationStackOverflowHook
                0x000000000001a1ec        0xe bin/rtos.o
                0x000000000001a1ec                vApplicationStackOverflowHook
 *fill*         0x000000000001a1fa        0x2 
 .text.setup_task
                0x000000000001a1fc       0x40 bin/rtos.o
                0x000000000001a1fc                setup_task
 .text.run_tasks
                0x000000000001a23c       0x34 bin/rtos.o
                0x000000000001a23c                run_tasks
 .text.WsfBufInit
                0x000000000001a270      0x154 bin/wsf_buf.o
                0x000000000001a270                WsfBufInit
 .text.WsfBufAlloc
                0x000000000001a3c4       0x80 bin/wsf_buf.o
                0x000000000001a3c4                WsfBufAlloc
 .text.WsfBufFree
                0x000000000001a444       0x74 bin/wsf_buf.o
                0x000000000001a444                WsfBufFree
 .text.WsfMsgDataAlloc
                0x000000000001a4b8       0x2a bin/wsf_msg.o
                0x000000000001a4b8                WsfMsgDataAlloc
 .text.WsfMsgAlloc
                0x000000000001a4e2       0x2e bin/wsf_msg.o
                0x000000000001a4e2                WsfMsgAlloc
 .text.WsfMsgFree
                0x000000000001a510       0x1a bin/wsf_msg.o
                0x000000000001a510                WsfMsgFree
 .text.WsfMsgSend
                0x000000000001a52a       0x30 bin/wsf_msg.o
                0x000000000001a52a                WsfMsgSend
 .text.WsfMsgEnq
                0x000000000001a55a       0x2a bin/wsf_msg.o
                0x000000000001a55a                WsfMsgEnq
 .text.WsfMsgDeq
                0x000000000001a584       0x30 bin/wsf_msg.o
                0x000000000001a584                WsfMsgDeq
 .text.WsfQueueEnq
                0x000000000001a5b4       0x44 bin/wsf_queue.o
                0x000000000001a5b4                WsfQueueEnq
 .text.WsfQueueDeq
                0x000000000001a5f8       0x3c bin/wsf_queue.o
                0x000000000001a5f8                WsfQueueDeq
 .text.WsfQueuePush
                0x000000000001a634       0x36 bin/wsf_queue.o
                0x000000000001a634                WsfQueuePush
 .text.WsfQueueInsert
                0x000000000001a66a       0x56 bin/wsf_queue.o
                0x000000000001a66a                WsfQueueInsert
 .text.WsfQueueRemove
                0x000000000001a6c0       0x4e bin/wsf_queue.o
                0x000000000001a6c0                WsfQueueRemove
 .text.WsfQueueCount
                0x000000000001a70e       0x38 bin/wsf_queue.o
                0x000000000001a70e                WsfQueueCount
 .text.WsfQueueEmpty
                0x000000000001a746       0x2a bin/wsf_queue.o
                0x000000000001a746                WsfQueueEmpty
 .text.wsfTimerRemove
                0x000000000001a770       0x54 bin/wsf_timer.o
 .text.wsfTimerInsert
                0x000000000001a7c4       0x70 bin/wsf_timer.o
 .text.WsfTimerInit
                0x000000000001a834       0x20 bin/wsf_timer.o
                0x000000000001a834                WsfTimerInit
 .text.WsfTimerStartSec
                0x000000000001a854       0x22 bin/wsf_timer.o
                0x000000000001a854                WsfTimerStartSec
 *fill*         0x000000000001a876        0x2 
 .text.WsfTimerStartMs
                0x000000000001a878       0x28 bin/wsf_timer.o
                0x000000000001a878                WsfTimerStartMs
 .text.WsfTimerStop
                0x000000000001a8a0       0x1e bin/wsf_timer.o
                0x000000000001a8a0                WsfTimerStop
 *fill*         0x000000000001a8be        0x2 
 .text.WsfTimerUpdate
                0x000000000001a8c0       0x5c bin/wsf_timer.o
                0x000000000001a8c0                WsfTimerUpdate
 .text.WsfTimerNextExpiration
                0x000000000001a91c       0x40 bin/wsf_timer.o
                0x000000000001a91c                WsfTimerNextExpiration
 .text.WsfTimerServiceExpired
                0x000000000001a95c       0x50 bin/wsf_timer.o
                0x000000000001a95c                WsfTimerServiceExpired
 .text.HciEvtRegister
                0x000000000001a9ac       0x20 bin/hci_main.o
                0x000000000001a9ac                HciEvtRegister
 .text.HciSecRegister
                0x000000000001a9cc       0x20 bin/hci_main.o
                0x000000000001a9cc                HciSecRegister
 .text.HciAclRegister
                0x000000000001a9ec       0x28 bin/hci_main.o
                0x000000000001a9ec                HciAclRegister
 .text.HciHandlerInit
                0x000000000001aa14       0x2c bin/hci_main.o
                0x000000000001aa14                HciHandlerInit
 .text.HciHandler
                0x000000000001aa40       0x1e bin/hci_main.o
                0x000000000001aa40                HciHandler
 *fill*         0x000000000001aa5e        0x2 
 .text.am_util_delay_ms
                0x000000000001aa60       0x3c bin/am_util_delay.o
                0x000000000001aa60                am_util_delay_ms
 .text.am_util_delay_us
                0x000000000001aa9c       0x3c bin/am_util_delay.o
                0x000000000001aa9c                am_util_delay_us
 .text.HardFault_Handler
                0x000000000001aad8       0x1e bin/am_util_faultisr.o
                0x000000000001aad8                HardFault_Handler
 .text.getStackedReg
                0x000000000001aaf6        0xc bin/am_util_faultisr.o
                0x000000000001aaf6                getStackedReg
 *fill*         0x000000000001ab02        0x2 
 .text.am_util_faultisr_collect_data
                0x000000000001ab04       0xe4 bin/am_util_faultisr.o
                0x000000000001ab04                am_util_faultisr_collect_data
 .text.am_util_stdio_printf_init
                0x000000000001abe8       0x20 bin/am_util_stdio.o
                0x000000000001abe8                am_util_stdio_printf_init
 .text.divu64_10
                0x000000000001ac08      0x1be bin/am_util_stdio.o
 .text.ndigits_in_u64
                0x000000000001adc6       0x42 bin/am_util_stdio.o
 .text.ndigits_in_i64
                0x000000000001ae08       0x3a bin/am_util_stdio.o
 .text.ndigits_in_hex
                0x000000000001ae42       0x48 bin/am_util_stdio.o
 .text.decstr_to_int
                0x000000000001ae8a       0x8c bin/am_util_stdio.o
 .text.uint64_to_str
                0x000000000001af16       0x90 bin/am_util_stdio.o
 .text.uint64_to_hexstr
                0x000000000001afa6       0xc0 bin/am_util_stdio.o
 .text.simple_strlen
                0x000000000001b066       0x36 bin/am_util_stdio.o
 .text.padbuffer
                0x000000000001b09c       0x4a bin/am_util_stdio.o
 *fill*         0x000000000001b0e6        0x2 
 .text.ftoa     0x000000000001b0e8      0x1fc bin/am_util_stdio.o
 .text.am_util_stdio_vsprintf
                0x000000000001b2e4      0x618 bin/am_util_stdio.o
                0x000000000001b2e4                am_util_stdio_vsprintf
 .text.am_util_stdio_printf
                0x000000000001b8fc       0x48 bin/am_util_stdio.o
                0x000000000001b8fc                am_util_stdio_printf
 .text.xEventGroupCreate
                0x000000000001b944       0x2e bin/event_groups.o
                0x000000000001b944                xEventGroupCreate
 *fill*         0x000000000001b972        0x2 
 .text.xEventGroupWaitBits
                0x000000000001b974      0x14c bin/event_groups.o
                0x000000000001b974                xEventGroupWaitBits
 .text.xEventGroupSetBits
                0x000000000001bac0       0xee bin/event_groups.o
                0x000000000001bac0                xEventGroupSetBits
 .text.vEventGroupSetBitsCallback
                0x000000000001bbae       0x1a bin/event_groups.o
                0x000000000001bbae                vEventGroupSetBitsCallback
 .text.prvTestWaitCondition
                0x000000000001bbc8       0x44 bin/event_groups.o
 .text.vListInitialise
                0x000000000001bc0c       0x40 bin/list.o
                0x000000000001bc0c                vListInitialise
 .text.vListInitialiseItem
                0x000000000001bc4c       0x1a bin/list.o
                0x000000000001bc4c                vListInitialiseItem
 .text.vListInsertEnd
                0x000000000001bc66       0x48 bin/list.o
                0x000000000001bc66                vListInsertEnd
 .text.vListInsert
                0x000000000001bcae       0x72 bin/list.o
                0x000000000001bcae                vListInsert
 .text.uxListRemove
                0x000000000001bd20       0x54 bin/list.o
                0x000000000001bd20                uxListRemove
 .text.xQueueGenericReset
                0x000000000001bd74       0xbc bin/queue.o
                0x000000000001bd74                xQueueGenericReset
 .text.xQueueGenericCreate
                0x000000000001be30       0x64 bin/queue.o
                0x000000000001be30                xQueueGenericCreate
 .text.prvInitialiseNewQueue
                0x000000000001be94       0x3e bin/queue.o
 *fill*         0x000000000001bed2        0x2 
 .text.xQueueGenericSend
                0x000000000001bed4      0x1ac bin/queue.o
                0x000000000001bed4                xQueueGenericSend
 .text.xQueueGenericSendFromISR
                0x000000000001c080       0xf2 bin/queue.o
                0x000000000001c080                xQueueGenericSendFromISR
 *fill*         0x000000000001c172        0x2 
 .text.xQueueReceive
                0x000000000001c174      0x184 bin/queue.o
                0x000000000001c174                xQueueReceive
 .text.prvCopyDataToQueue
                0x000000000001c2f8       0xb8 bin/queue.o
 .text.prvCopyDataFromQueue
                0x000000000001c3b0       0x4c bin/queue.o
 .text.prvUnlockQueue
                0x000000000001c3fc       0xa4 bin/queue.o
 .text.prvIsQueueEmpty
                0x000000000001c4a0       0x2c bin/queue.o
 .text.prvIsQueueFull
                0x000000000001c4cc       0x30 bin/queue.o
 .text.vQueueWaitForMessageRestricted
                0x000000000001c4fc       0x68 bin/queue.o
                0x000000000001c4fc                vQueueWaitForMessageRestricted
 .text.xTaskCreate
                0x000000000001c564       0x82 bin/tasks.o
                0x000000000001c564                xTaskCreate
 .text.prvInitialiseNewTask
                0x000000000001c5e6       0xf6 bin/tasks.o
 .text.prvAddNewTaskToReadyList
                0x000000000001c6dc       0xd8 bin/tasks.o
 .text.vTaskSuspend
                0x000000000001c7b4       0xd8 bin/tasks.o
                0x000000000001c7b4                vTaskSuspend
 .text.vTaskStartScheduler
                0x000000000001c88c       0x88 bin/tasks.o
                0x000000000001c88c                vTaskStartScheduler
 .text.vTaskSuspendAll
                0x000000000001c914       0x1c bin/tasks.o
                0x000000000001c914                vTaskSuspendAll
 .text.prvGetExpectedIdleTime
                0x000000000001c930       0x70 bin/tasks.o
 .text.xTaskResumeAll
                0x000000000001c9a0      0x128 bin/tasks.o
                0x000000000001c9a0                xTaskResumeAll
 .text.xTaskGetTickCount
                0x000000000001cac8       0x20 bin/tasks.o
                0x000000000001cac8                xTaskGetTickCount
 .text.vTaskStepTick
                0x000000000001cae8       0x3c bin/tasks.o
                0x000000000001cae8                vTaskStepTick
 .text.xTaskIncrementTick
                0x000000000001cb24      0x140 bin/tasks.o
                0x000000000001cb24                xTaskIncrementTick
 .text.vTaskSwitchContext
                0x000000000001cc64       0xf0 bin/tasks.o
                0x000000000001cc64                vTaskSwitchContext
 .text.vTaskPlaceOnEventList
                0x000000000001cd54       0x34 bin/tasks.o
                0x000000000001cd54                vTaskPlaceOnEventList
 .text.vTaskPlaceOnUnorderedEventList
                0x000000000001cd88       0x50 bin/tasks.o
                0x000000000001cd88                vTaskPlaceOnUnorderedEventList
 .text.vTaskPlaceOnEventListRestricted
                0x000000000001cdd8       0x44 bin/tasks.o
                0x000000000001cdd8                vTaskPlaceOnEventListRestricted
 .text.xTaskRemoveFromEventList
                0x000000000001ce1c       0xb8 bin/tasks.o
                0x000000000001ce1c                xTaskRemoveFromEventList
 .text.vTaskRemoveFromUnorderedEventList
                0x000000000001ced4       0x9c bin/tasks.o
                0x000000000001ced4                vTaskRemoveFromUnorderedEventList
 .text.vTaskInternalSetTimeOutState
                0x000000000001cf70       0x2c bin/tasks.o
                0x000000000001cf70                vTaskInternalSetTimeOutState
 .text.xTaskCheckForTimeOut
                0x000000000001cf9c       0x9c bin/tasks.o
                0x000000000001cf9c                xTaskCheckForTimeOut
 .text.vTaskMissedYield
                0x000000000001d038       0x18 bin/tasks.o
                0x000000000001d038                vTaskMissedYield
 .text.prvIdleTask
                0x000000000001d050       0x6c bin/tasks.o
 .text.eTaskConfirmSleepModeStatus
                0x000000000001d0bc       0x5c bin/tasks.o
                0x000000000001d0bc                eTaskConfirmSleepModeStatus
 .text.prvInitialiseTaskLists
                0x000000000001d118       0x74 bin/tasks.o
 .text.prvCheckTasksWaitingTermination
                0x000000000001d18c        0xe bin/tasks.o
 *fill*         0x000000000001d19a        0x2 
 .text.prvResetNextTaskUnblockTime
                0x000000000001d19c       0x40 bin/tasks.o
 .text.xTaskGetSchedulerState
                0x000000000001d1dc       0x3c bin/tasks.o
                0x000000000001d1dc                xTaskGetSchedulerState
 .text.uxTaskResetEventItemValue
                0x000000000001d218       0x30 bin/tasks.o
                0x000000000001d218                uxTaskResetEventItemValue
 .text.prvAddCurrentTaskToDelayedList
                0x000000000001d248       0xa8 bin/tasks.o
 .text.xTimerCreateTimerTask
                0x000000000001d2f0       0x50 bin/timers.o
                0x000000000001d2f0                xTimerCreateTimerTask
 .text.xTimerCreate
                0x000000000001d340       0x3a bin/timers.o
                0x000000000001d340                xTimerCreate
 .text.prvInitialiseNewTimer
                0x000000000001d37a       0x50 bin/timers.o
 *fill*         0x000000000001d3ca        0x2 
 .text.xTimerGenericCommand
                0x000000000001d3cc       0x88 bin/timers.o
                0x000000000001d3cc                xTimerGenericCommand
 .text.prvProcessExpiredTimer
                0x000000000001d454       0x6c bin/timers.o
 .text.prvTimerTask
                0x000000000001d4c0       0x24 bin/timers.o
 .text.prvProcessTimerOrBlockTask
                0x000000000001d4e4       0x9c bin/timers.o
 .text.prvGetNextExpireTime
                0x000000000001d580       0x48 bin/timers.o
 .text.prvSampleTimeNow
                0x000000000001d5c8       0x40 bin/timers.o
 .text.prvInsertTimerInActiveList
                0x000000000001d608       0x84 bin/timers.o
 .text.prvProcessReceivedCommands
                0x000000000001d68c      0x124 bin/timers.o
 .text.prvSwitchTimerLists
                0x000000000001d7b0       0xb0 bin/timers.o
 .text.prvCheckForValidListAndQueue
                0x000000000001d860       0x54 bin/timers.o
 .text.xTimerPendFunctionCallFromISR
                0x000000000001d8b4       0x40 bin/timers.o
                0x000000000001d8b4                xTimerPendFunctionCallFromISR
 .text.SvcBattAddGroup
                0x000000000001d8f4       0x14 bin/svc_batt.o
                0x000000000001d8f4                SvcBattAddGroup
 .text.SvcBattCbackRegister
                0x000000000001d908       0x28 bin/svc_batt.o
                0x000000000001d908                SvcBattCbackRegister
 .text.SvcCoreAddGroup
                0x000000000001d930       0x1c bin/svc_core.o
                0x000000000001d930                SvcCoreAddGroup
 .text.SvcCoreGapCentAddrResUpdate
                0x000000000001d94c       0x20 bin/svc_core.o
                0x000000000001d94c                SvcCoreGapCentAddrResUpdate
 .text.SvcDisAddGroup
                0x000000000001d96c       0x14 bin/svc_dis.o
                0x000000000001d96c                SvcDisAddGroup
 .text.SvcHrsAddGroup
                0x000000000001d980       0x14 bin/svc_hrs.o
                0x000000000001d980                SvcHrsAddGroup
 .text.SvcHrsCbackRegister
                0x000000000001d994       0x28 bin/svc_hrs.o
                0x000000000001d994                SvcHrsCbackRegister
 .text.SvcRscsAddGroup
                0x000000000001d9bc       0x14 bin/svc_rscs.o
                0x000000000001d9bc                SvcRscsAddGroup
 .text.appProcMsg
                0x000000000001d9d0       0x2c bin/app_main.o
 .text.appCheckBonded
                0x000000000001d9fc       0x28 bin/app_main.o
                0x000000000001d9fc                appCheckBonded
 .text.appCheckBondByLtk
                0x000000000001da24       0x28 bin/app_main.o
                0x000000000001da24                appCheckBondByLtk
 .text.appNumConns
                0x000000000001da4c       0x5c bin/app_main.o
                0x000000000001da4c                appNumConns
 .text.AppHandlerInit
                0x000000000001daa8       0x20 bin/app_main.o
                0x000000000001daa8                AppHandlerInit
 .text.AppHandler
                0x000000000001dac8       0x58 bin/app_main.o
                0x000000000001dac8                AppHandler
 .text.AppHandlePasskey
                0x000000000001db20       0x78 bin/app_main.o
                0x000000000001db20                AppHandlePasskey
 .text.AppHandleNumericComparison
                0x000000000001db98       0x30 bin/app_main.o
                0x000000000001db98                AppHandleNumericComparison
 .text.AppConnClose
                0x000000000001dbc8       0x1e bin/app_main.o
                0x000000000001dbc8                AppConnClose
 *fill*         0x000000000001dbe6        0x2 
 .text.AppConnIsOpen
                0x000000000001dbe8       0x44 bin/app_main.o
                0x000000000001dbe8                AppConnIsOpen
 .text.AppDbGetHdl
                0x000000000001dc2c       0x28 bin/app_main.o
                0x000000000001dc2c                AppDbGetHdl
 .text.AppAddDevToResList
                0x000000000001dc54       0x6c bin/app_main.o
                0x000000000001dc54                AppAddDevToResList
 .text.AppUpdatePrivacyMode
                0x000000000001dcc0       0x58 bin/app_main.o
                0x000000000001dcc0                AppUpdatePrivacyMode
 .text.appServerSetSigningInfo
                0x000000000001dd18       0x52 bin/app_server.o
 .text.AppServerConnCback
                0x000000000001dd6a      0x102 bin/app_server.o
                0x000000000001dd6a                AppServerConnCback
 .text.appSlaveAdvModeInit
                0x000000000001de6c       0x20 bin/app_slave.o
 .text.appSlaveConnectableAdv
                0x000000000001de8c       0x74 bin/app_slave.o
 .text.appSlaveForceAdvDataSync
                0x000000000001df00       0x60 bin/app_slave.o
 .text.appSetAdvScanDataFrag
                0x000000000001df60      0x108 bin/app_slave.o
 .text.appSetAdvScanData
                0x000000000001e068       0xe0 bin/app_slave.o
 .text.appConnUpdateTimerStart
                0x000000000001e148       0x54 bin/app_slave.o
 .text.appConnUpdateTimerStop
                0x000000000001e19c       0x28 bin/app_slave.o
                0x000000000001e19c                appConnUpdateTimerStop
 .text.appSlaveResolveAddr
                0x000000000001e1c4       0x68 bin/app_slave.o
 .text.appSecRspLtk
                0x000000000001e22c       0x6c bin/app_slave.o
 .text.appSlaveConnOpen
                0x000000000001e298       0x30 bin/app_slave.o
 .text.appSlaveConnClose
                0x000000000001e2c8       0x60 bin/app_slave.o
 .text.appSlaveProcConnOpen
                0x000000000001e328       0x78 bin/app_slave.o
 .text.appSlaveProcConnClose
                0x000000000001e3a0       0x64 bin/app_slave.o
 .text.appSlaveConnUpdate
                0x000000000001e404       0x78 bin/app_slave.o
 .text.appSlaveResolvedAddrInd
                0x000000000001e47c       0xac bin/app_slave.o
 .text.appSlaveRemoteConnParamReq
                0x000000000001e528       0x68 bin/app_slave.o
 .text.appSlaveSecConnOpen
                0x000000000001e590       0x84 bin/app_slave.o
                0x000000000001e590                appSlaveSecConnOpen
 .text.appSecConnClose
                0x000000000001e614       0x24 bin/app_slave.o
                0x000000000001e614                appSecConnClose