Archive member included to satisfy reference by file (symbol)

/usr/lib/gcc/arm-none-eabi/6.3.1/../../../arm-none-eabi/lib/thumb/v7e-m/fpv4-sp/hard/libc.a(lib_a-atoi.o)
                              bin/app_terminal.o (atoi)
/usr/lib/gcc/arm-none-eabi/6.3.1/../../../arm-none-eabi/lib/thumb/v7e-m/fpv4-sp/hard/libc.a(lib_a-memcmp.o)
                              bin/bda.o (memcmp)
/usr/lib/gcc/arm-none-eabi/6.3.1/../../../arm-none-eabi/lib/thumb/v7e-m/fpv4-sp/hard/libc.a(lib_a-memcpy.o)
                              bin/fit_main.o (memcpy)
/usr/lib/gcc/arm-none-eabi/6.3.1/../../../arm-none-eabi/lib/thumb/v7e-m/fpv4-sp/hard/libc.a(lib_a-memmove.o)
                              bin/sec_main.o (memmove)
/usr/lib/gcc/arm-none-eabi/6.3.1/../../../arm-none-eabi/lib/thumb/v7e-m/fpv4-sp/hard/libc.a(lib_a-memset.o)
                              bin/hci_cmd.o (memset)
/usr/lib/gcc/arm-none-eabi/6.3.1/../../../arm-none-eabi/lib/thumb/v7e-m/fpv4-sp/hard/libc.a(lib_a-strcmp.o)
                              bin/terminal.o (strcmp)
/usr/lib/gcc/arm-none-eabi/6.3.1/../../../arm-none-eabi/lib/thumb/v7e-m/fpv4-sp/hard/libc.a(lib_a-strcpy.o)
                              bin/print.o (strcpy)
/usr/lib/gcc/arm-none-eabi/6.3.1/../../../arm-none-eabi/lib/thumb/v7e-m/fpv4-sp/hard/libc.a(lib_a-strlen.o)
                              bin/print.o (strlen)
/usr/lib/gcc/arm-none-eabi/6.3.1/../../../arm-none-eabi/lib/thumb/v7e-m/fpv4-sp/hard/libc.a(lib_a-strtol.o)
                              /usr/lib/gcc/arm-none-eabi/6.3.1/../../../arm-none-eabi/lib/thumb/v7e-m/fpv4-sp/hard/libc.a(lib_a-atoi.o) (_strtol_r)
/usr/lib/gcc/arm-none-eabi/6.3.1/../../../arm-none-eabi/lib/thumb/v7e-m/fpv4-sp/hard/libc.a(lib_a-ctype_.o)
                              /usr/lib/gcc/arm-none-eabi/6.3.1/../../../arm-none-eabi/lib/thumb/v7e-m/fpv4-sp/hard/libc.a(lib_a-strtol.o) (__ctype_ptr__)
/usr/lib/gcc/arm-none-eabi/6.3.1/../../../arm-none-eabi/lib/thumb/v7e-m/fpv4-sp/hard/libc.a(lib_a-impure.o)
                              /usr/lib/gcc/arm-none-eabi/6.3.1/../../../arm-none-eabi/lib/thumb/v7e-m/fpv4-sp/hard/libc.a(lib_a-strtol.o) (_impure_ptr)
/usr/lib/gcc/arm-none-eabi/6.3.1/thumb/v7e-m/fpv4-sp/hard/libgcc.a(_arm_truncdfsf2.o)
                              bin/am_util_stdio.o (__aeabi_d2f)
../../../../../third_party/exactle/projects/generic/stacklib/gcc/bin-cortex-m4/libstacklib.a(att_main.o)
                              bin/radio_task.o (AttHandlerInit)
../../../../../third_party/exactle/projects/generic/stacklib/gcc/bin-cortex-m4/libstacklib.a(att_uuid.o)
                              bin/svc_wss.o (attWsfChUuid)
../../../../../third_party/exactle/projects/generic/stacklib/gcc/bin-cortex-m4/libstacklib.a(attc_disc.o)
                              bin/app_disc.o (AttcDiscService)
../../../../../third_party/exactle/projects/generic/stacklib/gcc/bin-cortex-m4/libstacklib.a(attc_main.o)
                              bin/radio_task.o (AttcInit)
../../../../../third_party/exactle/projects/generic/stacklib/gcc/bin-cortex-m4/libstacklib.a(attc_proc.o)
                              ../../../../../third_party/exactle/projects/generic/stacklib/gcc/bin-cortex-m4/libstacklib.a(attc_main.o) (attcProcRsp)
../../../../../third_party/exactle/projects/generic/stacklib/gcc/bin-cortex-m4/libstacklib.a(attc_read.o)
                              ../../../../../third_party/exactle/projects/generic/stacklib/gcc/bin-cortex-m4/libstacklib.a(attc_proc.o) (attcProcFindByTypeRsp)
../../../../../third_party/exactle/projects/generic/stacklib/gcc/bin-cortex-m4/libstacklib.a(attc_write.o)
                              ../../../../../third_party/exactle/projects/generic/stacklib/gcc/bin-cortex-m4/libstacklib.a(attc_proc.o) (attcProcPrepWriteRsp)
../../../../../third_party/exactle/projects/generic/stacklib/gcc/bin-cortex-m4/libstacklib.a(atts_ccc.o)
                              bin/fit_main.o (AttsCccRegister)
../../../../../third_party/exactle/projects/generic/stacklib/gcc/bin-cortex-m4/libstacklib.a(atts_ind.o)
                              bin/radio_task.o (AttsIndInit)
../../../../../third_party/exactle/projects/generic/stacklib/gcc/bin-cortex-m4/libstacklib.a(atts_main.o)
                              bin/radio_task.o (AttsInit)
../../../../../third_party/exactle/projects/generic/stacklib/gcc/bin-cortex-m4/libstacklib.a(atts_proc.o)
                              ../../../../../third_party/exactle/projects/generic/stacklib/gcc/bin-cortex-m4/libstacklib.a(atts_main.o) (attsFindByHandle)
../../../../../third_party/exactle/projects/generic/stacklib/gcc/bin-cortex-m4/libstacklib.a(atts_read.o)
                              ../../../../../third_party/exactle/projects/generic/stacklib/gcc/bin-cortex-m4/libstacklib.a(atts_main.o) (attsProcReadBlobReq)
../../../../../third_party/exactle/projects/generic/stacklib/gcc/bin-cortex-m4/libstacklib.a(atts_sign.o)
                              bin/app_server.o (AttsSetCsrk)
[...]
Memory Configuration

Name             Origin             Length             Attributes
FLASH            0x000000000000c000 0x00000000000f0000 xr
SRAM             0x0000000010000000 0x0000000000008000 xrw
*default*        0x0000000000000000 0xffffffffffffffff

Linker script and memory map


.text           0x000000000000c000    0x191b0
                0x000000000000c000                . = ALIGN (0x4)
 *(.isr_vector)
 .isr_vector    0x000000000000c000       0xc0 bin/startup_gcc.o
                0x000000000000c000                g_am_pfnVectors
 *(.patch)
 .patch         0x000000000000c0c0       0x40 bin/startup_gcc.o
                0x000000000000c0c0                __Patchable
 *(.text)
 .text          0x000000000000c100       0x60 /usr/lib/gcc/arm-none-eabi/6.3.1/../../../arm-none-eabi/lib/thumb/v7e-m/fpv4-sp/hard/libc.a(lib_a-memcmp.o)
                0x000000000000c100                memcmp
 .text          0x000000000000c160      0x134 /usr/lib/gcc/arm-none-eabi/6.3.1/../../../arm-none-eabi/lib/thumb/v7e-m/fpv4-sp/hard/libc.a(lib_a-memcpy.o)
                0x000000000000c160                memcpy
 .text          0x000000000000c294       0xc8 /usr/lib/gcc/arm-none-eabi/6.3.1/../../../arm-none-eabi/lib/thumb/v7e-m/fpv4-sp/hard/libc.a(lib_a-memmove.o)
                0x000000000000c294                memmove
 .text          0x000000000000c35c       0x9c /usr/lib/gcc/arm-none-eabi/6.3.1/../../../arm-none-eabi/lib/thumb/v7e-m/fpv4-sp/hard/libc.a(lib_a-memset.o)
                0x000000000000c35c                memset
 .text          0x000000000000c3f8      0x254 ../../../../../third_party/exactle/projects/generic/stacklib/gcc/bin-cortex-m4/libstacklib.a(att_main.o)
                0x000000000000c460                attEmptyHandler
                0x000000000000c462                attEmptyConnCback
                0x000000000000c464                attEmptyDataCback
                0x000000000000c4c4                attCcbByHandle
                0x000000000000c4dc                attCcbByConnId
                0x000000000000c4ec                attUuidCmp16to128
                0x000000000000c50c                attExecCallback
                0x000000000000c544                attSetMtu
                0x000000000000c568                attMsgAlloc
                0x000000000000c56e                AttHandlerInit
                0x000000000000c5ac                AttHandler
                0x000000000000c5cc                AttRegister
                0x000000000000c600                AttConnRegister
                0x000000000000c60c                AttGetMtu
                0x000000000000c61c                AttMsgAlloc
                0x000000000000c638                AttMsgFree
 .text          0x000000000000c64c      0x444 ../../../../../third_party/exactle/projects/generic/stacklib/gcc/bin-cortex-m4/libstacklib.a(attc_main.o)
                0x000000000000c684                attcSendReq
                0x000000000000c694                attcSetupReq
                0x000000000000c6ba                attcCcbByConnId
                0x000000000000c6d4                attcCcbByHandle
                0x000000000000c724                attcFreePkt
                0x000000000000c756                attcExecCallback
                0x000000000000c784                attcReqClear
                0x000000000000ca50                AttcInit
 .text          0x000000000000ca90      0x3e8 ../../../../../third_party/exactle/projects/generic/stacklib/gcc/bin-cortex-m4/libstacklib.a(attc_proc.o)
                0x000000000000ca90                attcProcErrRsp
                0x000000000000cabc                attcProcFindOrReadRsp
                0x000000000000cb7c                attcProcReadRsp
                0x000000000000cb7e                attcProcWriteRsp
                0x000000000000cb84                attcProcMtuRsp
                0x000000000000cbc8                attcProcRsp
                0x000000000000cc80                attcProcInd
                0x000000000000ccfc                attcSendMsg
                0x000000000000cd8c                AttcFindInfoReq
                0x000000000000cdbc                AttcReadReq
                0x000000000000cdec                AttcWriteReq
                0x000000000000ce34                AttcCancelReq
                0x000000000000ce48                AttcMtuReq
 .text          0x000000000000ce78      0x226 ../../../../../third_party/exactle/projects/generic/stacklib/gcc/bin-cortex-m4/libstacklib.a(attc_read.o)
                0x000000000000ce78                attcProcFindByTypeRsp
                0x000000000000ceea                attcProcReadLongRsp
                0x000000000000cf08                AttcFindByTypeValueReq
                0x000000000000cf68                AttcReadByTypeReq
                0x000000000000cfbe                AttcReadLongReq
                0x000000000000cff2                AttcReadMultipleReq
                0x000000000000d048                AttcReadByGroupTypeReq
 .text          0x000000000000d09e       0xfe ../../../../../third_party/exactle/projects/generic/stacklib/gcc/bin-cortex-m4/libstacklib.a(attc_write.o)
                0x000000000000d09e                attcProcPrepWriteRsp
                0x000000000000d0b0                AttcWriteCmd
                0x000000000000d0f8                AttcPrepareWriteReq
                0x000000000000d172                AttcExecuteWriteReq
 .text          0x000000000000d19c      0x1d8 ../../../../../third_party/exactle/projects/generic/stacklib/gcc/bin-cortex-m4/libstacklib.a(atts_ccc.o)
                0x000000000000d25c                AttsCccRegister
                0x000000000000d27c                AttsCccInitTable
                0x000000000000d300                AttsCccClearTable
                0x000000000000d31c                AttsCccGet
                0x000000000000d330                AttsCccSet
                0x000000000000d344                AttsCccEnabled
 .text          0x000000000000d374      0x320 ../../../../../third_party/exactle/projects/generic/stacklib/gcc/bin-cortex-m4/libstacklib.a(atts_ind.o)
                0x000000000000d5e0                attsProcValueCnf
                0x000000000000d60c                AttsIndInit
                0x000000000000d644                AttsHandleValueInd
                0x000000000000d658                AttsHandleValueNtf
                0x000000000000d66c                AttsHandleValueIndZeroCpy
                0x000000000000d680                AttsHandleValueNtfZeroCpy
 .text          0x000000000000d694      0x28c ../../../../../third_party/exactle/projects/generic/stacklib/gcc/bin-cortex-m4/libstacklib.a(atts_main.o)
                0x000000000000d6cc                attsErrRsp
                0x000000000000d77c                attsClearPrepWrites
                0x000000000000d7c8                attsDiscBusy
                0x000000000000d808                AttsInit
                0x000000000000d838                AttsAuthorRegister
                0x000000000000d844                AttsAddGroup
                0x000000000000d878                AttsRemoveGroup
                0x000000000000d8a8                AttsSetAttr
                0x000000000000d8f0                AttsGetAttr
                0x000000000000d912                AttsErrorTest
 .text          0x000000000000d920      0x354 ../../../../../third_party/exactle/projects/generic/stacklib/gcc/bin-cortex-m4/libstacklib.a(atts_proc.o)
                0x000000000000d920                attsUuidCmp
                0x000000000000d95a                attsUuid16Cmp
                0x000000000000d980                attsFindByHandle
                0x000000000000d9a8                attsFindInRange
                0x000000000000d9d8                attsPermissions
                0x000000000000da3c                attsProcMtuReq
                0x000000000000daa4                attsProcFindInfoReq
                0x000000000000dbbe                attsProcReadReq
 .text          0x000000000000dc74      0x7e0 ../../../../../third_party/exactle/projects/generic/stacklib/gcc/bin-cortex-m4/libstacklib.a(atts_read.o)
                0x000000000000dc74                attsFindUuidInRange
                0x000000000000dce8                attsFindServiceGroupEnd
                0x000000000000dd70                attsProcReadBlobReq
                0x000000000000de54                attsProcFindTypeReq
                0x000000000000df72                attsProcReadTypeReq
                0x000000000000e150                attsProcReadMultReq
                0x000000000000e254                attsProcReadGroupTypeReq
 .text          0x000000000000e454      0x258 ../../../../../third_party/exactle/projects/generic/stacklib/gcc/bin-cortex-m4/libstacklib.a(atts_sign.o)
                0x000000000000e64c                AttsSignInit
                0x000000000000e678                AttsSetCsrk
                0x000000000000e68c                AttsSetSignCounter
                0x000000000000e69c                AttsGetSignCounter
 .text          0x000000000000e6ac      0x328 ../../../../../third_party/exactle/projects/generic/stacklib/gcc/bin-cortex-m4/libstacklib.a(atts_write.o)
                0x000000000000e6ac                attsProcWrite
                0x000000000000e78c                attsProcPrepWriteReq
                0x000000000000e8c0                attsProcExecWriteReq
 .text          0x000000000000e9d4      0x318 ../../../../../third_party/exactle/projects/generic/stacklib/gcc/bin-cortex-m4/libstacklib.a(dm_adv.o)
                0x000000000000e9d4                dmAdvCbInit
                0x000000000000ea0c                dmAdvInit
                0x000000000000ea2c                DmAdvConfig
                0x000000000000ea6c                DmAdvSetData
                0x000000000000eaa8                DmAdvStart
                0x000000000000eae4                DmAdvStop
                0x000000000000eb24                DmAdvRemoveAdvSet
                0x000000000000eb4c                DmAdvClearAdvSets
                0x000000000000eb70                DmAdvSetInterval
                0x000000000000eb98                DmAdvSetChannelMap
                0x000000000000ebb4                DmAdvSetAddrType
                0x000000000000ebcc                DmAdvSetAdValue
                0x000000000000ec5a                DmAdvSetName
 .text          0x000000000000ecec      0x26c ../../../../../third_party/exactle/projects/generic/stacklib/gcc/bin-cortex-m4/libstacklib.a(dm_adv_leg.o)
                0x000000000000ecec                dmAdvActRemoveSet
                0x000000000000ecee                dmAdvMsgHandler
                0x000000000000ed4c                dmAdvReset
                0x000000000000ed8c                dmAdvActConfig
                0x000000000000edac                dmAdvActSetData
                0x000000000000edcc                dmAdvActStart
                0x000000000000edf0                dmAdvActStop
                0x000000000000ee14                dmAdvActTimeout
                0x000000000000ee18                dmAdvHciHandler
                0x000000000000eec0                dmAdvActClearSets
                0x000000000000eec2                dmAdvStartDirected
                0x000000000000eeec                dmAdvStopDirected
                0x000000000000ef04                dmAdvConnected
                0x000000000000ef1c                dmAdvConnectFailed
                0x000000000000ef20                DmAdvInit
                0x000000000000ef40                DmAdvModeLeg
 .text          0x000000000000ef58      0x838 ../../../../../third_party/exactle/projects/generic/stacklib/gcc/bin-cortex-m4/libstacklib.a(dm_conn.o)
                0x000000000000ef58                dmConnSmActNone
                0x000000000000ef5a                dmConnSmActHciUpdated
                0x000000000000ef6c                dmConnSmActClose
                0x000000000000ef74                dmConnReset
                0x000000000000f010                dmConnCcbAlloc
                0x000000000000f054                dmConnCcbDealloc
                0x000000000000f05a                dmConnCcbByHandle
                0x000000000000f080                dmConn2HciHandler
                0x000000000000f17c                dmConnCcbByBdAddr
                0x000000000000f1ac                dmConnHciHandler
                0x000000000000f228                dmConnCcbById
                0x000000000000f244                dmConnMsgHandler
                0x000000000000f25c                dmConn2MsgHandler
                0x000000000000f2d0                dmConnExecCback
                0x000000000000f2f0                dmConnSmActConnOpened
                0x000000000000f35c                dmConnSmActConnFailed
                0x000000000000f36a                dmConnSmActConnClosed
                0x000000000000f378                dmConnOpenAccept
                0x000000000000f414                DmConnInit
                0x000000000000f438                DmConnRegister
                0x000000000000f458                DmConnClose
                0x000000000000f488                DmReadRemoteFeatures
                0x000000000000f49c                DmConnUpdate
                0x000000000000f4ec                DmConnSetScanInterval
                0x000000000000f518                DmExtConnSetScanInterval
                0x000000000000f55c                DmConnSetConnSpec
                0x000000000000f562                DmExtConnSetConnSpec
                0x000000000000f57e                DmConnReadRssi
                0x000000000000f5a4                DmRemoteConnParamReqReply
                0x000000000000f5dc                DmRemoteConnParamReqNegReply
                0x000000000000f608                DmConnSetDataLen
                0x000000000000f638                DmWriteAuthPayloadTimeout
                0x000000000000f664                DmConnIdByHandle
                0x000000000000f68c                DmConnInUse
                0x000000000000f6a0                DmConnPeerAddrType
                0x000000000000f6b4                DmConnPeerAddr
                0x000000000000f6c4                DmConnLocalAddrType
                0x000000000000f6d8                DmConnLocalAddr
                0x000000000000f6ec                DmConnPeerRpa
                0x000000000000f700                DmConnLocalRpa
                0x000000000000f714                DmConnSecLevel
                0x000000000000f728                DmConnSetIdle
                0x000000000000f75c                DmConnCheckIdle
                0x000000000000f77c                DmConnRole
 .text          0x000000000000f790       0xe4 ../../../../../third_party/exactle/projects/generic/stacklib/gcc/bin-cortex-m4/libstacklib.a(dm_conn_slave.o)
                0x000000000000f790                dmConnSmActUpdateSlave
                0x000000000000f7ec                dmConnSmActL2cUpdateCnf
                0x000000000000f82c                DmL2cConnUpdateCnf
                0x000000000000f84a                DmConnAccept
 .text          0x000000000000f874       0x70 ../../../../../third_party/exactle/projects/generic/stacklib/gcc/bin-cortex-m4/libstacklib.a(dm_conn_slave_leg.o)
                0x000000000000f874                dmConnSmActAccept
                0x000000000000f892                dmConnSmActCancelAccept
                0x000000000000f8a8                dmConnSmActConnAccepted
                0x000000000000f8be                dmConnSmActAcceptFailed
                0x000000000000f8d4                DmConnSlaveInit
 .text          0x000000000000f8e4       0x44 ../../../../../third_party/exactle/projects/generic/stacklib/gcc/bin-cortex-m4/libstacklib.a(dm_conn_sm.o)
                0x000000000000f8e4                dmConnSmExecute
 .text          0x000000000000f928       0xfc ../../../../../third_party/exactle/projects/generic/stacklib/gcc/bin-cortex-m4/libstacklib.a(dm_dev.o)
                0x000000000000f928                dmDevHciHandler
                0x000000000000f960                dmDevActReset
                0x000000000000f98c                dmDevMsgHandler
                0x000000000000f990                DmDevReset
                0x000000000000f9b4                DmDevSetRandAddr
                0x000000000000f9d0                DmDevWhiteListAdd
                0x000000000000f9d4                DmDevWhiteListRemove
                0x000000000000f9d8                DmDevWhiteListClear
                0x000000000000f9dc                dmDevSetFilterPolicy
                0x000000000000fa10                DmDevSetFilterPolicy
                0x000000000000fa1a                DmDevSetExtFilterPolicy
                0x000000000000fa1e                DmDevVsInit
 .text          0x000000000000fa24      0x154 ../../../../../third_party/exactle/projects/generic/stacklib/gcc/bin-cortex-m4/libstacklib.a(dm_main.o)
                0x000000000000fa4c                dmEmptyReset
                0x000000000000fa4e                dmEmptyHandler
                0x000000000000fa50                DmRegister
                0x000000000000fa88                DmFindAdType
                0x000000000000fab2                DmHandlerInit
                0x000000000000facc                DmHandler
                0x000000000000faf0                DmLlPrivEnabled
                0x000000000000fafc                DmLlAddrType
                0x000000000000fb14                DmHostAddrType
                0x000000000000fb30                DmSizeOfEvt
                0x000000000000fb4c                DmScanPhyToIdx
                0x000000000000fb50                dmInitPhyToIdx
                0x000000000000fb74                DmInitPhyToIdx
 .text          0x000000000000fb78      0x338 ../../../../../third_party/exactle/projects/generic/stacklib/gcc/bin-cortex-m4/libstacklib.a(dm_priv.o)
                0x000000000000fb78                dmPrivMsgHandler
                0x000000000000fb8c                dmPrivReset
                0x000000000000fba0                dmPrivActAesCmpl
                0x000000000000fbd8                dmPrivActAddDevToResList
                0x000000000000fc00                dmPrivActRemDevFromResList
                0x000000000000fc18                dmPrivActClearResList
                0x000000000000fc1c                dmPrivActSetPrivacyMode
                0x000000000000fc26                dmPrivActResolveAddr
                0x000000000000fc88                dmPrivActSetAddrResEnable
                0x000000000000fc9c                dmPrivHciHandler
                0x000000000000fd34                DmPrivInit
                0x000000000000fd44                DmPrivResolveAddr
                0x000000000000fd84                DmPrivAddDevToResList
                0x000000000000fde4                DmPrivRemDevFromResList
                0x000000000000fe1c                DmPrivClearResList
                0x000000000000fe40                DmPrivReadPeerResolvableAddr
                0x000000000000fe44                DmPrivReadLocalResolvableAddr
                0x000000000000fe48                DmPrivSetAddrResEnable
                0x000000000000fe74                DmPrivSetResolvablePrivateAddrTimeout
                0x000000000000fe78                DmPrivSetPrivacyMode
 .text          0x000000000000feb0      0x250 ../../../../../third_party/exactle/projects/generic/stacklib/gcc/bin-cortex-m4/libstacklib.a(dm_sec.o)
                0x000000000000feb0                dmSecMsgHandler
                0x000000000000ff14                dmSecApiLtkMsg
                0x000000000000ff58                DmSmpCbackExec
                0x000000000000ff88                dmSecHciHandler
                0x0000000000010044                DmSecCancelReq
                0x0000000000010064                DmSecAuthRsp
                0x0000000000010096                DmSecInit
                0x00000000000100b8                DmSecSetLocalCsrk
                0x00000000000100d0                DmSecSetLocalIrk
                0x00000000000100e8                DmSecGetLocalCsrk
                0x00000000000100f4                DmSecGetLocalIrk
 .text          0x0000000000010100      0x224 ../../../../../third_party/exactle/projects/generic/stacklib/gcc/bin-cortex-m4/libstacklib.a(dm_sec_lesc.o)
                0x0000000000010100                dmSecLescMsgHandler
                0x000000000001014c                DmSecKeypressReq
                0x000000000001016c                DmSecSetOob
                0x0000000000010170                DmSecCalcOobReq
                0x00000000000101f0                DmSecGenerateEccKeyReq
                0x0000000000010200                DmSecSetDebugEccKey
                0x00000000000102ac                DmSecSetEccKey
                0x00000000000102c0                DmSecGetEccKey
                0x00000000000102c8                DmSecCompareRsp
                0x00000000000102f0                DmSecGetCompareValue
                0x0000000000010314                DmSecLescInit
 .text          0x0000000000010324       0xa0 ../../../../../third_party/exactle/projects/generic/stacklib/gcc/bin-cortex-m4/libstacklib.a(dm_sec_slave.o)
                0x0000000000010324                DmSecPairRsp
                0x0000000000010362                DmSecSlaveReq
                0x0000000000010382                DmSecLtkRsp
 .text          0x00000000000103c4      0x1a8 ../../../../../third_party/exactle/projects/generic/stacklib/gcc/bin-cortex-m4/libstacklib.a(l2c_main.o)
                0x000000000001047c                l2cRxSignalingPkt
                0x00000000000104b0                l2cMsgAlloc
                0x00000000000104b6                L2cInit
                0x00000000000104f8                L2cRegister
                0x000000000001050c                L2cDataReq
                0x0000000000010536                l2cSendCmdReject
 .text          0x000000000001056c      0x110 ../../../../../third_party/exactle/projects/generic/stacklib/gcc/bin-cortex-m4/libstacklib.a(l2c_slave.o)
                0x00000000000105c4                L2cSlaveInit
                0x00000000000105d4                L2cDmConnUpdateReq
                0x0000000000010658                L2cSlaveHandlerInit
                0x0000000000010668                L2cSlaveHandler
 .text          0x000000000001067c      0x588 ../../../../../third_party/exactle/projects/generic/stacklib/gcc/bin-cortex-m4/libstacklib.a(smp_main.o)
                0x0000000000010718                smpCcbByHandle
                0x000000000001078c                smpCcbByConnId
                0x000000000001079c                smpCalcC1Part1
                0x00000000000108a0                smpCalcC1Part2
                0x00000000000109a0                smpCalcS1
                0x00000000000109f0                smpGenerateLtk
                0x0000000000010a4e                smpSendPkt
                0x0000000000010ad8                smpStateIdle
                0x0000000000010ae4                smpMsgAlloc
                0x0000000000010aea                SmpDmMsgSend
                0x0000000000010afc                SmpDmGetStk
                0x0000000000010b4c                SmpDmGetLtk
                0x0000000000010b68                SmpHandlerInit
                0x0000000000010bb0                SmpHandler
                0x0000000000010bf0                SmpDmEncryptInd
 .text          0x0000000000010c04      0x408 ../../../../../third_party/exactle/projects/generic/stacklib/gcc/bin-cortex-m4/libstacklib.a(smp_sc_main.o)
                0x0000000000010c04                SmpScAllocScratchBuffers
                0x0000000000010c46                SmpScFreeScratchBuffers
                0x0000000000010c7c                SmpScCmac
                0x0000000000010cb4                SmpScAlloc
                0x0000000000010cd4                SmpScFree
                0x0000000000010cd8                SmpScCalcF4
                0x0000000000010d3c                SmpScInit
                0x0000000000010d9c                SmpScCat
                0x0000000000010da8                SmpScCat128
                0x0000000000010db6                smpScSendPubKey
                0x0000000000010e1a                smpScSendDHKeyCheck
                0x0000000000010e6a                smpScSendRand
                0x0000000000010eba                smpScSendPairCnf
                0x0000000000010f0a                smpGetPkBit
                0x0000000000010f32                smpGetPeerPublicKey
                0x0000000000010f40                smpSetPeerPublicKey
                0x0000000000010f62                SmpScSetOobCfg
                0x0000000000010fd8                smpEventStr
                0x0000000000010ff4                smpStateStr
                0x0000000000011008                smpLogByteArray
 .text          0x000000000001100c      0x7b4 ../../../../../third_party/exactle/projects/generic/stacklib/gcc/bin-cortex-m4/libstacklib.a(smp_sc_act.o)
                0x00000000000110c4                smpScProcPairing
                0x000000000001129c                smpScAuthReq
                0x00000000000112f6                smpScActCleanup
                0x0000000000011308                smpScActPairingFailed
                0x000000000001131e                smpScActPairingCancel
                0x0000000000011336                smpScActAuthSelect
                0x0000000000011398                smpScActPkSetup
                0x00000000000113ca                smpScActJwncCalcF4
                0x000000000001140e                smpScActJwncCalcG2
                0x0000000000011476                smpScActJwncDisplay
                0x00000000000114ba                smpScActPkKeypress
                0x00000000000114f0                smpScActPkSendKeypress
                0x0000000000011530                smpScActCalcSharedSecret
                0x00000000000115a4                smpScActCalcF5TKey
                0x0000000000011604                smpScActCalcF5MacKey
                0x0000000000011674                smpScActCalcF5Ltk
                0x00000000000116e4                smpScActDHKeyCalcF6Ea
                0x0000000000011752                smpScActDHKeyCalcF6Eb
 .text          0x00000000000117c0       0x2c ../../../../../third_party/exactle/projects/generic/stacklib/gcc/bin-cortex-m4/libstacklib.a(smpi_sc_sm.o)
                0x00000000000117c0                SmpiScInit
                0x00000000000117d4                smpiStateStr
 .text          0x00000000000117ec       0x2c ../../../../../third_party/exactle/projects/generic/stacklib/gcc/bin-cortex-m4/libstacklib.a(smpr_sc_sm.o)
                0x00000000000117ec                SmprScInit
                0x0000000000011800                smprStateStr
 .text          0x0000000000011818       0x28 ../../../../../third_party/exactle/projects/generic/stacklib/gcc/bin-cortex-m4/libstacklib.a(smpr_sm.o)
                0x0000000000011818                SmprInit
 .text          0x0000000000011840       0xac ../../../../../third_party/exactle/projects/generic/stacklib/gcc/bin-cortex-m4/libstacklib.a(dm_sec_master.o)
                0x0000000000011840                DmSmpEncryptReq
                0x0000000000011868                DmSecPairReq
                0x00000000000118a6                DmSecEncryptReq
 .text          0x00000000000118ec      0x5c0 ../../../../../third_party/exactle/projects/generic/stacklib/gcc/bin-cortex-m4/libstacklib.a(smp_act.o)
                0x00000000000118ec                smpStartRspTimer
                0x00000000000118f8                smpActNone
                0x00000000000118fa                smpCleanup
                0x000000000001192c                smpActCleanup
                0x0000000000011930                smpSendPairingFailed
                0x0000000000011952                smpActPairingFailed
                0x000000000001197a                smpActPairingCancel
                0x0000000000011992                smpActStorePin
                0x00000000000119ba                smpActPairCnfCalc1
                0x00000000000119dc                smpActPairCnfCalc2
                0x00000000000119e4                smpActSendPairCnf
                0x0000000000011a2e                smpActPairCnfVerCalc1
                0x0000000000011a52                smpActPairCnfVerCalc2
                0x0000000000011a56                smpSendKey
                0x0000000000011bd4                smpProcRcvKey
                0x0000000000011c8c                smpActMaxAttempts
                0x0000000000011cb0                smpActAttemptRcvd
                0x0000000000011cb8                smpActCheckAttempts
                0x0000000000011cda                smpActPairingCmpl
                0x0000000000011d12                smpSmExecute
                0x0000000000011d74                smpProcPairing
                0x0000000000011e60                smpAuthReq
 .text          0x0000000000011eac      0x2e8 ../../../../../third_party/exactle/projects/generic/stacklib/gcc/bin-cortex-m4/libstacklib.a(smpi_act.o)
                0x0000000000011eac                smpiActPairReq
                0x0000000000011f1c                smpiActCheckSecurityReq
                0x0000000000011f30                smpiActProcSecurityReq
                0x0000000000011f5a                smpiActProcPairRsp
                0x0000000000011fc0                smpiActProcPairCnf
                0x0000000000012016                smpiActCnfVerify
                0x0000000000012078                smpiActStkEncrypt
                0x00000000000120bc                smpiActSetupKeyDist
                0x0000000000012140                smpiActRcvKey
                0x000000000001216e                smpiActSendKey
 .text          0x0000000000012194      0x34c ../../../../../third_party/exactle/projects/generic/stacklib/gcc/bin-cortex-m4/libstacklib.a(smpi_sc_act.o)
                0x0000000000012194                smpiScActAuthSelect
                0x0000000000012198                smpiScActSendPubKey
                0x00000000000121a2                smpiScActJwncSetup
                0x00000000000121d8                smpiScActJwncSendRand
                0x0000000000012204                smpiScActJwncCalcF4
                0x0000000000012226                smpiScActJwncCalcG2
                0x0000000000012262                smpiScActPkCalcCa
                0x00000000000122dc                smpiScActPkCalcCb
                0x000000000001231c                smpiScActPkSendCnf
                0x0000000000012322                smpiScActPkSendRand
                0x0000000000012326                smpiScActPkCheck
                0x0000000000012376                smpiScActOobCalcCb
                0x00000000000123d8                smpiScActOobSendRand
                0x000000000001242e                smpiScActOobProcRand
                0x0000000000012450                smpiScActDHKeyCheckSend
                0x000000000001247a                smpiScActDHKeyCheckVerify
 .text          0x00000000000124e0      0x314 ../../../../../third_party/exactle/projects/generic/stacklib/gcc/bin-cortex-m4/libstacklib.a(smpr_act.o)
                0x00000000000124e0                smprActSendSecurityReq
                0x000000000001250a                smprActCheckSecurityReq
                0x0000000000012516                smprActClearSecurityReq
                0x000000000001251e                smprActProcPairReq
                0x0000000000012590                smprActSendPairRsp
                0x0000000000012620                smprActProcPairCnf
                0x0000000000012642                smprActProcPairCnfCalc1
                0x0000000000012664                smprActCnfVerify
                0x00000000000126c0                smprActSendPairRandom
                0x0000000000012720                smprActSendKey
                0x0000000000012788                smprActSetupKeyDist
                0x00000000000127ca                smprActRcvKey
 .text          0x00000000000127f4      0x368 ../../../../../third_party/exactle/projects/generic/stacklib/gcc/bin-cortex-m4/libstacklib.a(smpr_sc_act.o)
                0x00000000000127f4                smprScActStoreLescPin
                0x0000000000012844                smprScActSendPubKey
                0x000000000001285a                smprScActJwncSetup
                0x000000000001289c                smprScActJwncSendCnf
                0x00000000000128a2                smprScActJwncCalcG2
                0x00000000000128c2                smprScActPkStoreCnf
                0x00000000000128d2                smprScActPkCalcCb
                0x0000000000012914                smprScActPkStoreCnfAndCalcCb
                0x000000000001292a                smprScActPkStorePinAndCalcCb
                0x0000000000012940                smprScActPkSendCnf
                0x0000000000012944                smprScActPkCalcCa
                0x0000000000012980                smprScActPkSendRand
                0x00000000000129ea                smprScActOobSetup
                0x00000000000129f2                smprScActOobCalcCa
                0x0000000000012a60                smprScActOobSendRand
                0x0000000000012ab8                smprScActWaitDhCheck
                0x0000000000012ad0                smprScActCalcDHKey
                0x0000000000012af2                smprScActDHKeyCheckSend
 *(.text*)
 .text.enable_print_interface
                0x0000000000012b5c        0xc bin/ble_freertos_fit_lp.o
                0x0000000000012b5c                enable_print_interface
 .text.main     0x0000000000012b68       0x40 bin/ble_freertos_fit_lp.o
                0x0000000000012b68                main
 .text.__NVIC_SetPriority
                0x0000000000012ba8       0x54 bin/radio_task.o
 .text.wsf_timer_handler
                0x0000000000012bfc       0x18 bin/radio_task.o
                0x0000000000012bfc                wsf_timer_handler
 .text.scheduler_timer_init
                0x0000000000012c14       0x38 bin/radio_task.o
                0x0000000000012c14                scheduler_timer_init
 .text.update_scheduler_timers
                0x0000000000012c4c       0x44 bin/radio_task.o
                0x0000000000012c4c                update_scheduler_timers
 .text.set_next_wakeup
                0x0000000000012c90       0x50 bin/radio_task.o
                0x0000000000012c90                set_next_wakeup
 .text.exactle_stack_init
                0x0000000000012ce0      0x130 bin/radio_task.o
                0x0000000000012ce0                exactle_stack_init
 .text.am_uart_isr
                0x0000000000012e10       0x28 bin/radio_task.o
                0x0000000000012e10                am_uart_isr
 .text.am_ble_isr
                0x0000000000012e38       0x14 bin/radio_task.o
                0x0000000000012e38                am_ble_isr
 .text.RadioTaskSetup
                0x0000000000012e4c       0x38 bin/radio_task.o
                0x0000000000012e4c                RadioTaskSetup
 .text.RadioTask
                0x0000000000012e84       0x40 bin/radio_task.o
                0x0000000000012e84                RadioTask
 .text.am_ctimer_isr
                0x0000000000012ec4       0x22 bin/rtos.o
                0x0000000000012ec4                am_ctimer_isr
 .text.am_freertos_sleep
                0x0000000000012ee6       0x18 bin/rtos.o
                0x0000000000012ee6                am_freertos_sleep
 .text.am_freertos_wakeup
                0x0000000000012efe       0x14 bin/rtos.o
                0x0000000000012efe                am_freertos_wakeup
 .text.vApplicationMallocFailedHook
                0x0000000000012f12        0x6 bin/rtos.o
                0x0000000000012f12                vApplicationMallocFailedHook
 .text.vApplicationStackOverflowHook
                0x0000000000012f18        0xe bin/rtos.o
                0x0000000000012f18                vApplicationStackOverflowHook
 *fill*         0x0000000000012f26        0x2 
 .text.setup_task
                0x0000000000012f28       0x38 bin/rtos.o
                0x0000000000012f28                setup_task
 .text.run_tasks
                0x0000000000012f60       0x34 bin/rtos.o
                0x0000000000012f60                run_tasks
 .text.fitDmCback
                0x0000000000012f94       0x48 bin/fit_main.o
 .text.fitAttCback
                0x0000000000012fdc       0x5c bin/fit_main.o
 .text.fitCccCback
                0x0000000000013038       0x68 bin/fit_main.o
 .text.fitSendRunningSpeedMeasurement
                0x00000000000130a0       0xa4 bin/fit_main.o
 .text.fitProcCccState
                0x0000000000013144       0x98 bin/fit_main.o
 .text.fitClose
                0x00000000000131dc       0x34 bin/fit_main.o
 .text.fitSetup
                0x0000000000013210       0x48 bin/fit_main.o
 .text.fitBtnCback
                0x0000000000013258       0xbc bin/fit_main.o
 .text.fitProcMsg
                0x0000000000013314      0x33c bin/fit_main.o
 .text.FitHandlerInit
                0x0000000000013650       0x88 bin/fit_main.o
                0x0000000000013650                FitHandlerInit
 .text.FitHandler
                0x00000000000136d8       0x3c bin/fit_main.o
                0x00000000000136d8                FitHandler
 .text.FitStart
                0x0000000000013714       0x80 bin/fit_main.o
                0x0000000000013714                FitStart
 .text.basNoConnActive
                0x0000000000013794       0x40 bin/bas_main.o
 .text.basSetupToSend
                0x00000000000137d4       0x40 bin/bas_main.o
 .text.basFindNextToSend
                0x0000000000013814       0x6c bin/bas_main.o
 .text.basSendPeriodicBattlevel
                0x0000000000013880       0x44 bin/bas_main.o
 .text.basConnOpen
                0x00000000000138c4       0x20 bin/bas_main.o
 .text.basHandleValueCnf
                0x00000000000138e4       0x48 bin/bas_main.o
 .text.basMeasTimerExp
                0x000000000001392c       0x7c bin/bas_main.o
                0x000000000001392c                basMeasTimerExp
 .text.BasInit  0x00000000000139a8       0x34 bin/bas_main.o
                0x00000000000139a8                BasInit
 .text.BasMeasBattStart
                0x00000000000139dc       0x80 bin/bas_main.o
                0x00000000000139dc                BasMeasBattStart
 .text.BasMeasBattStop
                0x0000000000013a5c       0x50 bin/bas_main.o
                0x0000000000013a5c                BasMeasBattStop
 .text.BasProcMsg
                0x0000000000013aac       0x48 bin/bas_main.o
                0x0000000000013aac                BasProcMsg
 .text.BasSendBattLevel
                0x0000000000013af4       0x38 bin/bas_main.o
                0x0000000000013af4                BasSendBattLevel
 .text.BasReadCback
                0x0000000000013b2c       0x32 bin/bas_main.o
                0x0000000000013b2c                BasReadCback
 .text.hciCmdAlloc
                0x0000000000013b5e       0x5c bin/hci_cmd.o
                0x0000000000013b5e                hciCmdAlloc
 *fill*         0x0000000000013bba        0x2 
 .text.hciCmdSend
                0x0000000000013bbc       0x78 bin/hci_cmd.o
                0x0000000000013bbc                hciCmdSend
 .text.hciCmdInit
                0x0000000000013c34       0x38 bin/hci_cmd.o
                0x0000000000013c34                hciCmdInit
 .text.hciCmdTimeout
                0x0000000000013c6c       0x1e bin/hci_cmd.o
                0x0000000000013c6c                hciCmdTimeout
 *fill*         0x0000000000013c8a        0x2 
 .text.hciCmdRecvCmpl
                0x0000000000013c8c       0x28 bin/hci_cmd.o
                0x0000000000013c8c                hciCmdRecvCmpl
 .text.HciDisconnectCmd
                0x0000000000013cb4       0x5c bin/hci_cmd.o
                0x0000000000013cb4                HciDisconnectCmd
 .text.HciLeAddDevWhiteListCmd
                0x0000000000013d10       0x4a bin/hci_cmd.o
                0x0000000000013d10                HciLeAddDevWhiteListCmd
 .text.HciLeClearWhiteListCmd
                0x0000000000013d5a       0x26 bin/hci_cmd.o
                0x0000000000013d5a                HciLeClearWhiteListCmd
 .text.HciLeConnUpdateCmd
                0x0000000000013d80      0x10e bin/hci_cmd.o
                0x0000000000013d80                HciLeConnUpdateCmd
 .text.HciLeRemoteConnParamReqReply
                0x0000000000013e8e      0x108 bin/hci_cmd.o
                0x0000000000013e8e                HciLeRemoteConnParamReqReply
 .text.HciLeRemoteConnParamReqNegReply
                0x0000000000013f96       0x5c bin/hci_cmd.o
                0x0000000000013f96                HciLeRemoteConnParamReqNegReply
 .text.HciLeSetDataLen
                0x0000000000013ff2       0x8c bin/hci_cmd.o
                0x0000000000013ff2                HciLeSetDataLen
 .text.HciLeWriteDefDataLen
                0x000000000001407e       0x6e bin/hci_cmd.o
                0x000000000001407e                HciLeWriteDefDataLen
 .text.HciLeReadLocalP256PubKey
                0x00000000000140ec       0x26 bin/hci_cmd.o
                0x00000000000140ec                HciLeReadLocalP256PubKey
 .text.HciLeGenerateDHKey
                0x0000000000014112       0x48 bin/hci_cmd.o
                0x0000000000014112                HciLeGenerateDHKey
 .text.HciLeReadMaxDataLen
                0x000000000001415a       0x26 bin/hci_cmd.o
                0x000000000001415a                HciLeReadMaxDataLen
 .text.HciLeEncryptCmd
                0x0000000000014180       0x4a bin/hci_cmd.o
                0x0000000000014180                HciLeEncryptCmd
 .text.HciLeLtkReqNegReplCmd
                0x00000000000141ca       0x4c bin/hci_cmd.o
                0x00000000000141ca                HciLeLtkReqNegReplCmd
 .text.HciLeLtkReqReplCmd
                0x0000000000014216       0x58 bin/hci_cmd.o
                0x0000000000014216                HciLeLtkReqReplCmd
 .text.HciLeRandCmd
                0x000000000001426e       0x26 bin/hci_cmd.o
                0x000000000001426e                HciLeRandCmd
 .text.HciLeReadBufSizeCmd
                0x0000000000014294       0x26 bin/hci_cmd.o
                0x0000000000014294                HciLeReadBufSizeCmd
 .text.HciLeReadLocalSupFeatCmd
                0x00000000000142ba       0x26 bin/hci_cmd.o
                0x00000000000142ba                HciLeReadLocalSupFeatCmd
 .text.HciLeReadRemoteFeatCmd
                0x00000000000142e0       0x4c bin/hci_cmd.o
                0x00000000000142e0                HciLeReadRemoteFeatCmd
 .text.HciLeReadSupStatesCmd
                0x000000000001432c       0x26 bin/hci_cmd.o
                0x000000000001432c                HciLeReadSupStatesCmd
 .text.HciLeReadWhiteListSizeCmd
                0x0000000000014352       0x26 bin/hci_cmd.o
                0x0000000000014352                HciLeReadWhiteListSizeCmd
 .text.HciLeRemoveDevWhiteListCmd
                0x0000000000014378       0x4a bin/hci_cmd.o
                0x0000000000014378                HciLeRemoveDevWhiteListCmd
 .text.HciLeSetAdvEnableCmd
                0x00000000000143c2       0x3a bin/hci_cmd.o
                0x00000000000143c2                HciLeSetAdvEnableCmd
 .text.HciLeSetAdvDataCmd
                0x00000000000143fc       0x60 bin/hci_cmd.o
                0x00000000000143fc                HciLeSetAdvDataCmd
 .text.HciLeSetAdvParamCmd
                0x000000000001445c       0xd2 bin/hci_cmd.o
                0x000000000001445c                HciLeSetAdvParamCmd
 .text.HciLeSetEventMaskCmd
                0x000000000001452e       0x38 bin/hci_cmd.o
                0x000000000001452e                HciLeSetEventMaskCmd
 .text.HciLeSetRandAddrCmd
                0x0000000000014566       0x3c bin/hci_cmd.o
                0x0000000000014566                HciLeSetRandAddrCmd
 .text.HciLeSetScanRespDataCmd
                0x00000000000145a2       0x60 bin/hci_cmd.o
                0x00000000000145a2                HciLeSetScanRespDataCmd
 .text.HciLeStartEncryptionCmd
                0x0000000000014602       0x8a bin/hci_cmd.o
                0x0000000000014602                HciLeStartEncryptionCmd
 .text.HciReadBdAddrCmd
                0x000000000001468c       0x26 bin/hci_cmd.o
                0x000000000001468c                HciReadBdAddrCmd
 .text.HciReadLocalVerInfoCmd
                0x00000000000146b2       0x26 bin/hci_cmd.o
                0x00000000000146b2                HciReadLocalVerInfoCmd
 .text.HciReadRssiCmd
                0x00000000000146d8       0x4c bin/hci_cmd.o
                0x00000000000146d8                HciReadRssiCmd
 .text.HciResetCmd
                0x0000000000014724       0x64 bin/hci_cmd.o
                0x0000000000014724                HciResetCmd
 .text.HciSetEventMaskCmd
                0x0000000000014788       0x38 bin/hci_cmd.o
                0x0000000000014788                HciSetEventMaskCmd
 .text.HciSetEventMaskPage2Cmd
                0x00000000000147c0       0x38 bin/hci_cmd.o
                0x00000000000147c0                HciSetEventMaskPage2Cmd
 .text.HciWriteAuthPayloadTimeout
                0x00000000000147f8       0x6e bin/hci_cmd.o
                0x00000000000147f8                HciWriteAuthPayloadTimeout
 .text.HciLeAddDeviceToResolvingListCmd
                0x0000000000014866       0x68 bin/hci_cmd.o
                0x0000000000014866                HciLeAddDeviceToResolvingListCmd
 .text.HciLeRemoveDeviceFromResolvingList
                0x00000000000148ce       0x4a bin/hci_cmd.o
                0x00000000000148ce                HciLeRemoveDeviceFromResolvingList
 .text.HciLeClearResolvingList
                0x0000000000014918       0x26 bin/hci_cmd.o
                0x0000000000014918                HciLeClearResolvingList
 .text.HciLeReadResolvingListSize
                0x000000000001493e       0x26 bin/hci_cmd.o
                0x000000000001493e                HciLeReadResolvingListSize
 .text.HciLeReadPeerResolvableAddr
                0x0000000000014964       0x4a bin/hci_cmd.o
                0x0000000000014964                HciLeReadPeerResolvableAddr
 .text.HciLeReadLocalResolvableAddr
                0x00000000000149ae       0x4a bin/hci_cmd.o
                0x00000000000149ae                HciLeReadLocalResolvableAddr
 .text.HciLeSetAddrResolutionEnable
                0x00000000000149f8       0x3a bin/hci_cmd.o
                0x00000000000149f8                HciLeSetAddrResolutionEnable
 .text.HciLeSetResolvablePrivateAddrTimeout
                0x0000000000014a32       0x4c bin/hci_cmd.o
                0x0000000000014a32                HciLeSetResolvablePrivateAddrTimeout
 .text.HciLeSetPrivacyModeCmd
                0x0000000000014a7e       0x58 bin/hci_cmd.o
                0x0000000000014a7e                HciLeSetPrivacyModeCmd
 *fill*         0x0000000000014ad6        0x2 
 .text.hciCoreConnAlloc
                0x0000000000014ad8       0x5c bin/hci_core.o
 .text.hciCoreConnFree
                0x0000000000014b34       0x84 bin/hci_core.o
 .text.hciCoreConnByHandle
                0x0000000000014bb8       0x48 bin/hci_core.o
                0x0000000000014bb8                hciCoreConnByHandle
 .text.hciCoreNextConnFragment
                0x0000000000014c00       0x4c bin/hci_core.o
 .text.hciCoreConnOpen
                0x0000000000014c4c       0x1a bin/hci_core.o
                0x0000000000014c4c                hciCoreConnOpen
 .text.hciCoreConnClose
                0x0000000000014c66       0x1a bin/hci_core.o
                0x0000000000014c66                hciCoreConnClose
 .text.hciCoreSendAclData
                0x0000000000014c80       0x44 bin/hci_core.o
                0x0000000000014c80                hciCoreSendAclData
 .text.hciCoreTxReady
                0x0000000000014cc4       0xd0 bin/hci_core.o
                0x0000000000014cc4                hciCoreTxReady
 .text.hciCoreTxAclStart
                0x0000000000014d94       0x90 bin/hci_core.o
                0x0000000000014d94                hciCoreTxAclStart
 .text.hciCoreTxAclContinue
                0x0000000000014e24       0xb8 bin/hci_core.o
                0x0000000000014e24                hciCoreTxAclContinue
 .text.hciCoreTxAclComplete
                0x0000000000014edc       0x46 bin/hci_core.o
                0x0000000000014edc                hciCoreTxAclComplete
 *fill*         0x0000000000014f22        0x2 
 .text.hciCoreAclReassembly
                0x0000000000014f24      0x1d4 bin/hci_core.o
                0x0000000000014f24                hciCoreAclReassembly
 .text.HciCoreInit
                0x00000000000150f8       0x70 bin/hci_core.o
                0x00000000000150f8                HciCoreInit
 .text.HciResetSequence
                0x0000000000015168       0xa0 bin/hci_core.o
                0x0000000000015168                HciResetSequence
 .text.HciSetMaxRxAclLen
                0x0000000000015208       0x24 bin/hci_core.o
                0x0000000000015208                HciSetMaxRxAclLen
 .text.HciSendAclData
                0x000000000001522c       0xd8 bin/hci_core.o
                0x000000000001522c                HciSendAclData
 .text.hciCoreInit
                0x0000000000015304        0xc bin/hci_core_ps.o
                0x0000000000015304                hciCoreInit
 .text.hciCoreNumCmplPkts
                0x0000000000015310       0xd4 bin/hci_core_ps.o
                0x0000000000015310                hciCoreNumCmplPkts
 .text.hciCoreRecv
                0x00000000000153e4       0x30 bin/hci_core_ps.o
                0x00000000000153e4                hciCoreRecv
 .text.HciCoreHandler
                0x0000000000015414       0x88 bin/hci_core_ps.o
                0x0000000000015414                HciCoreHandler
 .text.HciGetBdAddr
                0x000000000001549c       0x14 bin/hci_core_ps.o
                0x000000000001549c                HciGetBdAddr
 .text.HciGetBufSize
                0x00000000000154b0       0x18 bin/hci_core_ps.o
                0x00000000000154b0                HciGetBufSize
 .text.HciGetLeSupFeat
                0x00000000000154c8       0x20 bin/hci_core_ps.o
                0x00000000000154c8                HciGetLeSupFeat
 .text.HciGetMaxRxAclLen
                0x00000000000154e8       0x18 bin/hci_core_ps.o
                0x00000000000154e8                HciGetMaxRxAclLen
 .text.HciLlPrivacySupported
                0x0000000000015500       0x24 bin/hci_core_ps.o
                0x0000000000015500                HciLlPrivacySupported
 .text.hciEvtParseLeConnCmpl
                0x0000000000015524      0x104 bin/hci_evt.o
 .text.hciEvtParseLeEnhancedConnCmpl
                0x0000000000015628      0x10c bin/hci_evt.o
 .text.hciEvtParseDisconnectCmpl
                0x0000000000015734       0x62 bin/hci_evt.o
 .text.hciEvtParseLeConnUpdateCmpl
                0x0000000000015796       0xb6 bin/hci_evt.o
 .text.hciEvtParseLeCreateConnCancelCmdCmpl
                0x000000000001584c       0x2e bin/hci_evt.o
 .text.hciEvtParseReadRssiCmdCmpl
                0x000000000001587a       0x64 bin/hci_evt.o
 .text.hciEvtParseReadChanMapCmdCmpl
                0x00000000000158de       0x60 bin/hci_evt.o
 .text.hciEvtParseReadTxPwrLvlCmdCmpl
                0x000000000001593e       0x54 bin/hci_evt.o
 .text.hciEvtParseReadRemoteVerInfoCmpl
                0x0000000000015992       0xa2 bin/hci_evt.o
 .text.hciEvtParseReadLeRemoteFeatCmpl
                0x0000000000015a34       0x60 bin/hci_evt.o
 .text.hciEvtParseLeLtkReqReplCmdCmpl
                0x0000000000015a94       0x56 bin/hci_evt.o
 .text.hciEvtParseLeLtkReqNegReplCmdCmpl
                0x0000000000015aea       0x56 bin/hci_evt.o
 .text.hciEvtParseEncKeyRefreshCmpl
                0x0000000000015b40       0x56 bin/hci_evt.o
 .text.hciEvtParseEncChange
                0x0000000000015b96       0x62 bin/hci_evt.o
 .text.hciEvtParseLeLtkReq
                0x0000000000015bf8       0x72 bin/hci_evt.o
 .text.hciEvtParseVendorSpecCmdStatus
                0x0000000000015c6a       0x3a bin/hci_evt.o
 .text.hciEvtParseVendorSpecCmdCmpl
                0x0000000000015ca4       0x58 bin/hci_evt.o
 .text.hciEvtParseVendorSpec
                0x0000000000015cfc       0x24 bin/hci_evt.o
 .text.hciEvtParseHwError
                0x0000000000015d20       0x26 bin/hci_evt.o
 .text.hciEvtParseLeEncryptCmdCmpl
                0x0000000000015d46       0x38 bin/hci_evt.o
 .text.hciEvtParseLeRandCmdCmpl
                0x0000000000015d7e       0x38 bin/hci_evt.o
 .text.hciEvtParseLeAddDevToResListCmdCmpl
                0x0000000000015db6       0x2e bin/hci_evt.o
 .text.hciEvtParseLeRemDevFromResListCmdCmpl
                0x0000000000015de4       0x2e bin/hci_evt.o
 .text.hciEvtParseLeClearResListCmdCmpl
                0x0000000000015e12       0x2e bin/hci_evt.o
 .text.hciEvtParseLeReadPeerResAddrCmdCmpl
                0x0000000000015e40       0x3c bin/hci_evt.o
 .text.hciEvtParseLeReadLocalResAddrCmdCmpl
                0x0000000000015e7c       0x3c bin/hci_evt.o
 .text.hciEvtParseLeSetAddrResEnableCmdCmpl
                0x0000000000015eb8       0x2e bin/hci_evt.o
 .text.hciEvtParseRemConnParamRepCmdCmpl
                0x0000000000015ee6       0x56 bin/hci_evt.o
 .text.hciEvtParseRemConnParamNegRepCmdCmpl
                0x0000000000015f3c       0x56 bin/hci_evt.o
 .text.hciEvtParseReadDefDataLenCmdCmpl
                0x0000000000015f92       0x6e bin/hci_evt.o
 .text.hciEvtParseWriteDefDataLenCmdCmpl
                0x0000000000016000       0x2e bin/hci_evt.o
 .text.hciEvtParseSetDataLenCmdCmpl
                0x000000000001602e       0x56 bin/hci_evt.o
 .text.hciEvtParseReadMaxDataLenCmdCmpl
                0x0000000000016084       0xae bin/hci_evt.o
 .text.hciEvtParseRemConnParamReq
                0x0000000000016132       0xc2 bin/hci_evt.o
 .text.hciEvtParseDataLenChange
                0x00000000000161f4       0xc2 bin/hci_evt.o
 .text.hciEvtParseReadPubKeyCmdCmpl
                0x00000000000162b6       0x38 bin/hci_evt.o
 .text.hciEvtParseGenDhKeyCmdCmpl
                0x00000000000162ee       0x38 bin/hci_evt.o
 .text.hciEvtParseWriteAuthTimeoutCmdCmpl
                0x0000000000016326       0x56 bin/hci_evt.o
 .text.hciEvtParseAuthTimeoutExpiredEvt
                0x000000000001637c       0x42 bin/hci_evt.o
 .text.hciEvtParseReadPhyCmdCmpl
                0x00000000000163be       0x6e bin/hci_evt.o
 .text.hciEvtParseSetDefPhyCmdCmpl
                0x000000000001642c       0x2e bin/hci_evt.o
 .text.hciEvtParsePhyUpdateCmpl
                0x000000000001645a       0x6e bin/hci_evt.o
 .text.hciEvtProcessLeAdvReport
                0x00000000000164c8       0xf0 bin/hci_evt.o
 .text.hciEvtProcessLeExtAdvReport
                0x00000000000165b8      0x1b0 bin/hci_evt.o
 .text.hciEvtParseLeScanTimeout
                0x0000000000016768       0x1a bin/hci_evt.o
 .text.hciEvtParseLeAdvSetTerm
                0x0000000000016782       0x6e bin/hci_evt.o
 .text.hciEvtParseLeScanReqRcvd
                0x00000000000167f0       0x40 bin/hci_evt.o
 .text.hciEvtParseLePerAdvSyncEst
                0x0000000000016830       0xac bin/hci_evt.o
 .text.hciEvtProcessLePerAdvReport
                0x00000000000168dc       0xd4 bin/hci_evt.o
 .text.hciEvtParseLeCmdCmpl
                0x00000000000169b0       0x26 bin/hci_evt.o
 .text.hciEvtParseLePerAdvSyncLost
                0x00000000000169d6       0x3a bin/hci_evt.o
 .text.hciEvtProcessLeDirectAdvReport
                0x0000000000016a10       0xc8 bin/hci_evt.o
 .text.hciEvtCmdStatusFailure
                0x0000000000016ad8       0x1c bin/hci_evt.o
                0x0000000000016ad8                hciEvtCmdStatusFailure
 .text.hciEvtProcessCmdStatus
                0x0000000000016af4       0x5a bin/hci_evt.o
                0x0000000000016af4                hciEvtProcessCmdStatus
 *fill*         0x0000000000016b4e        0x2 
 .text.hciEvtProcessCmdCmpl
                0x0000000000016b50      0x2a8 bin/hci_evt.o
                0x0000000000016b50                hciEvtProcessCmdCmpl
 .text.hciEvtProcessMsg
                0x0000000000016df8      0x334 bin/hci_evt.o
                0x0000000000016df8                hciEvtProcessMsg
 .text.hciTrSendAclData
                0x000000000001712c       0x4e bin/hci_tr.o
                0x000000000001712c                hciTrSendAclData
 .text.hciTrSendCmd
                0x000000000001717a       0x3a bin/hci_tr.o
                0x000000000001717a                hciTrSendCmd
 .text.hciTrSerialRxIncoming
                0x00000000000171b4      0x218 bin/hci_tr.o
                0x00000000000171b4                hciTrSerialRxIncoming
 .text.hciCoreReadResolvingListSize
                0x00000000000173cc       0x3c bin/hci_vs.o
 .text.hciCoreReadMaxDataLen
                0x0000000000017408       0x34 bin/hci_vs.o
 .text.hciCoreResetStart
                0x000000000001743c        0xc bin/hci_vs.o
                0x000000000001743c                hciCoreResetStart
 .text.hciCoreResetSequence
                0x0000000000017448      0x2cc bin/hci_vs.o
                0x0000000000017448                hciCoreResetSequence
 .text.hciCoreVsCmdCmplRcvd
                0x0000000000017714       0x1e bin/hci_vs.o
                0x0000000000017714                hciCoreVsCmdCmplRcvd
 .text.HciVsInit
                0x0000000000017732       0x16 bin/hci_vs.o
                0x0000000000017732                HciVsInit
 .text.HciEvtRegister
                0x0000000000017748       0x20 bin/hci_main.o
                0x0000000000017748                HciEvtRegister
 .text.HciSecRegister
                0x0000000000017768       0x20 bin/hci_main.o
                0x0000000000017768                HciSecRegister
 .text.HciAclRegister
                0x0000000000017788       0x28 bin/hci_main.o
                0x0000000000017788                HciAclRegister
 .text.HciHandlerInit
                0x00000000000177b0       0x2c bin/hci_main.o
                0x00000000000177b0                HciHandlerInit
 .text.HciHandler
                0x00000000000177dc       0x1e bin/hci_main.o
                0x00000000000177dc                HciHandler
 *fill*         0x00000000000177fa        0x2 
 .text.WsfBufInit
                0x00000000000177fc      0x154 bin/wsf_buf.o
                0x00000000000177fc                WsfBufInit
 .text.WsfBufAlloc
                0x0000000000017950       0x74 bin/wsf_buf.o
                0x0000000000017950                WsfBufAlloc
 .text.WsfBufFree
                0x00000000000179c4       0x74 bin/wsf_buf.o
                0x00000000000179c4                WsfBufFree
 .text.WsfMsgDataAlloc
                0x0000000000017a38       0x2a bin/wsf_msg.o
                0x0000000000017a38                WsfMsgDataAlloc
 .text.WsfMsgAlloc
                0x0000000000017a62       0x2e bin/wsf_msg.o
                0x0000000000017a62                WsfMsgAlloc
 .text.WsfMsgFree
                0x0000000000017a90       0x1a bin/wsf_msg.o
                0x0000000000017a90                WsfMsgFree
 .text.WsfMsgSend
                0x0000000000017aaa       0x30 bin/wsf_msg.o
                0x0000000000017aaa                WsfMsgSend
 .text.WsfMsgEnq
                0x0000000000017ada       0x2a bin/wsf_msg.o
                0x0000000000017ada                WsfMsgEnq
 .text.WsfMsgDeq
                0x0000000000017b04       0x30 bin/wsf_msg.o
                0x0000000000017b04                WsfMsgDeq
 .text.WsfQueueEnq
                0x0000000000017b34       0x44 bin/wsf_queue.o
                0x0000000000017b34                WsfQueueEnq
 .text.WsfQueueDeq
                0x0000000000017b78       0x3c bin/wsf_queue.o
                0x0000000000017b78                WsfQueueDeq
 .text.WsfQueuePush
                0x0000000000017bb4       0x36 bin/wsf_queue.o
                0x0000000000017bb4                WsfQueuePush
 .text.WsfQueueInsert
                0x0000000000017bea       0x56 bin/wsf_queue.o
                0x0000000000017bea                WsfQueueInsert
 .text.WsfQueueRemove
                0x0000000000017c40       0x4e bin/wsf_queue.o
                0x0000000000017c40                WsfQueueRemove
 .text.WsfQueueCount
                0x0000000000017c8e       0x38 bin/wsf_queue.o
                0x0000000000017c8e                WsfQueueCount
 .text.WsfQueueEmpty
                0x0000000000017cc6       0x2a bin/wsf_queue.o
                0x0000000000017cc6                WsfQueueEmpty
 .text.wsfTimerRemove
                0x0000000000017cf0       0x54 bin/wsf_timer.o
 .text.wsfTimerInsert
                0x0000000000017d44       0x70 bin/wsf_timer.o
 .text.WsfTimerInit
                0x0000000000017db4       0x20 bin/wsf_timer.o
                0x0000000000017db4                WsfTimerInit
 .text.WsfTimerStartSec
                0x0000000000017dd4       0x22 bin/wsf_timer.o
                0x0000000000017dd4                WsfTimerStartSec
 *fill*         0x0000000000017df6        0x2 
 .text.WsfTimerStartMs
                0x0000000000017df8       0x28 bin/wsf_timer.o
                0x0000000000017df8                WsfTimerStartMs
 .text.WsfTimerStop
                0x0000000000017e20       0x1e bin/wsf_timer.o
                0x0000000000017e20                WsfTimerStop
 *fill*         0x0000000000017e3e        0x2 
 .text.WsfTimerUpdate
                0x0000000000017e40       0x5c bin/wsf_timer.o
                0x0000000000017e40                WsfTimerUpdate
 .text.WsfTimerNextExpiration
                0x0000000000017e9c       0x40 bin/wsf_timer.o
                0x0000000000017e9c                WsfTimerNextExpiration
 .text.WsfTimerServiceExpired
                0x0000000000017edc       0x50 bin/wsf_timer.o
                0x0000000000017edc                WsfTimerServiceExpired
 .text.__NVIC_EnableIRQ
                0x0000000000017f2c       0x3c bin/hci_drv_apollo3.o
 .text.__NVIC_DisableIRQ
                0x0000000000017f68       0x44 bin/hci_drv_apollo3.o
 .text.error_check
                0x0000000000017fac       0x38 bin/hci_drv_apollo3.o
 .text.HciDrvRadioBoot
                0x0000000000017fe4      0x1b8 bin/hci_drv_apollo3.o
                0x0000000000017fe4                HciDrvRadioBoot
 .text.HciDrvRadioShutdown
                0x000000000001819c       0x80 bin/hci_drv_apollo3.o
                0x000000000001819c                HciDrvRadioShutdown
 .text.hciDrvWrite
                0x000000000001821c       0xb0 bin/hci_drv_apollo3.o
                0x000000000001821c                hciDrvWrite
 .text.HciDrvHandlerInit
                0x00000000000182cc       0x40 bin/hci_drv_apollo3.o
                0x00000000000182cc                HciDrvHandlerInit
 .text.HciDrvIntService
                0x000000000001830c       0x4c bin/hci_drv_apollo3.o
                0x000000000001830c                HciDrvIntService
 .text.HciDrvHandler
                0x0000000000018358      0x27c bin/hci_drv_apollo3.o
                0x0000000000018358                HciDrvHandler
 .text.HciDrvEmptyWriteQueue
                0x00000000000185d4       0x20 bin/hci_drv_apollo3.o
                0x00000000000185d4                HciDrvEmptyWriteQueue
 .text.RscpsSetFeatures
                0x00000000000185f4       0x32 bin/rscps_main.o
                0x00000000000185f4                RscpsSetFeatures
 *fill*         0x0000000000018626        0x2 
 .text.RscpsSetParameter
                0x0000000000018628       0xa8 bin/rscps_main.o
                0x0000000000018628                RscpsSetParameter
 .text.RscpsSendSpeedMeasurement
                0x00000000000186d0      0x118 bin/rscps_main.o
                0x00000000000186d0                RscpsSendSpeedMeasurement
 .text.BdaCpy   0x00000000000187e8       0x1c bin/bda.o
                0x00000000000187e8                BdaCpy
 .text.BdaCmp   0x0000000000018804       0x28 bin/bda.o
                0x0000000000018804                BdaCmp
 .text.BdaClr   0x000000000001882c       0x1e bin/bda.o
                0x000000000001882c                BdaClr
 .text.BdaIsZeros
                0x000000000001884a       0x34 bin/bda.o
                0x000000000001884a                BdaIsZeros
 .text.Calc128Cpy
                0x000000000001887e       0x1c bin/calc128.o
                0x000000000001887e                Calc128Cpy
 .text.Calc128Cpy64
                0x000000000001889a       0x1c bin/calc128.o
                0x000000000001889a                Calc128Cpy64
 .text.Calc128Xor
                0x00000000000188b6       0x3e bin/calc128.o
                0x00000000000188b6                Calc128Xor
 .text.WStrReverseCpy
                0x00000000000188f4       0x52 bin/wstr.o
                0x00000000000188f4                WStrReverseCpy
 .text.WStrReverse
                0x0000000000018946       0x60 bin/wstr.o
                0x0000000000018946                WStrReverse
 *fill*         0x00000000000189a6        0x2 
 .text.getNextToken
                0x00000000000189a8       0x44 bin/sec_aes.o
 .text.SecAes   0x00000000000189ec       0x70 bin/sec_aes.o
                0x00000000000189ec                SecAes
 .text.SecAesHciCback
                0x0000000000018a5c       0x3e bin/sec_aes.o
                0x0000000000018a5c                SecAesHciCback
 *fill*         0x0000000000018a9a        0x2 
 .text.SecAesInit
                0x0000000000018a9c       0x1c bin/sec_aes.o
                0x0000000000018a9c                SecAesInit
 .text.secCmacProcessBlock
                0x0000000000018ab8       0xf0 bin/sec_cmac.o
 .text.secCmacGenSubkey1
                0x0000000000018ba8       0x48 bin/sec_cmac.o
 .text.secCmacKeyShift
                0x0000000000018bf0       0x6e bin/sec_cmac.o
 .text.secCmacGenSubkey2
                0x0000000000018c5e       0x90 bin/sec_cmac.o
 .text.secCmacComplete
                0x0000000000018cee       0x48 bin/sec_cmac.o
 .text.SecCmacHciCback
                0x0000000000018d36       0x60 bin/sec_cmac.o
                0x0000000000018d36                SecCmacHciCback
 *fill*         0x0000000000018d96        0x2 
 .text.SecCmac  0x0000000000018d98       0xac bin/sec_cmac.o
                0x0000000000018d98                SecCmac
 .text.SecCmacInit
                0x0000000000018e44       0x1c bin/sec_cmac.o
                0x0000000000018e44                SecCmacInit
 .text.SecEccHciCback
                0x0000000000018e60       0x9a bin/sec_ecc_hci.o
                0x0000000000018e60                SecEccHciCback
 *fill*         0x0000000000018efa        0x2 
 .text.SecEccGenKey
                0x0000000000018efc       0x5c bin/sec_ecc_hci.o
                0x0000000000018efc                SecEccGenKey
 .text.SecEccGenSharedSecret
                0x0000000000018f58      0x108 bin/sec_ecc_hci.o
                0x0000000000018f58                SecEccGenSharedSecret
 .text.SecEccInit
                0x0000000000019060       0x1c bin/sec_ecc_hci.o
                0x0000000000019060                SecEccInit
 .text.secHciCback
                0x000000000001907c       0xd0 bin/sec_main.o
 .text.SecInit  0x000000000001914c       0x2c bin/sec_main.o
                0x000000000001914c                SecInit
 .text.SecRand  0x0000000000019178       0x48 bin/sec_main.o
                0x0000000000019178                SecRand
 .text.hrpsNoConnActive
                0x00000000000191c0       0x40 bin/hrps_main.o
 .text.hrpsSetupToSend
                0x0000000000019200       0x40 bin/hrps_main.o
 .text.hrpsFindNextToSend
                0x0000000000019240       0x5c bin/hrps_main.o
 .text.hrpsBuildHrm
                0x000000000001929c       0xda bin/hrps_main.o
 *fill*         0x0000000000019376        0x2 
 .text.hrpsSendHrmNtf
                0x0000000000019378       0x38 bin/hrps_main.o
 .text.hrpsConnOpen
                0x00000000000193b0       0x20 bin/hrps_main.o
 .text.hrpsHandleValueCnf
                0x00000000000193d0       0x58 bin/hrps_main.o
 .text.hrpsMeasTimerExp
                0x0000000000019428       0x7c bin/hrps_main.o
                0x0000000000019428                hrpsMeasTimerExp
 .text.HrpsInit
                0x00000000000194a4       0x2c bin/hrps_main.o
                0x00000000000194a4                HrpsInit
 .text.HrpsMeasStart
                0x00000000000194d0       0x50 bin/hrps_main.o
                0x00000000000194d0                HrpsMeasStart
 .text.HrpsMeasStop
                0x0000000000019520       0x44 bin/hrps_main.o
                0x0000000000019520                HrpsMeasStop
 .text.HrpsProcMsg
                0x0000000000019564       0x48 bin/hrps_main.o
                0x0000000000019564                HrpsProcMsg
 .text.HrpsWriteCback
                0x00000000000195ac       0x40 bin/hrps_main.o
                0x00000000000195ac                HrpsWriteCback
 .text.HrpsSetFlags
                0x00000000000195ec       0x24 bin/hrps_main.o
                0x00000000000195ec                HrpsSetFlags
 .text.__NVIC_EnableIRQ
                0x0000000000019610       0x3c bin/port.o
 .text.__NVIC_SetPriority
                0x000000000001964c       0x54 bin/port.o
 .text.pxPortInitialiseStack
                0x00000000000196a0       0x68 bin/port.o
                0x00000000000196a0                pxPortInitialiseStack
 .text.prvTaskExitError
                0x0000000000019708       0x40 bin/port.o
 *fill*         0x0000000000019748        0x8 
 .text.SVC_Handler
                0x0000000000019750       0x28 bin/port.o
                0x0000000000019750                SVC_Handler
 .text.prvPortStartFirstTask
                0x0000000000019778       0x28 bin/port.o
 .text.xPortStartScheduler
                0x00000000000197a0      0x108 bin/port.o
                0x00000000000197a0                xPortStartScheduler
 .text.vPortEnterCritical
                0x00000000000198a8       0x4c bin/port.o
                0x00000000000198a8                vPortEnterCritical
 .text.vPortExitCritical
                0x00000000000198f4       0x3c bin/port.o
                0x00000000000198f4                vPortExitCritical
 .text.PendSV_Handler
                0x0000000000019930       0x68 bin/port.o
                0x0000000000019930                PendSV_Handler
 .text.SysTick_Handler
                0x0000000000019998       0x40 bin/port.o
                0x0000000000019998                SysTick_Handler
 .text.vPortEnableVFP
                0x00000000000199d8       0x14 bin/port.o
 .text.vPortValidateInterruptPriority
                0x00000000000199ec       0x58 bin/port.o
                0x00000000000199ec                vPortValidateInterruptPriority
 .text.vPortSuppressTicksAndSleep
                0x0000000000019a44       0xf0 bin/port.o
                0x0000000000019a44                vPortSuppressTicksAndSleep
 .text.xPortStimerTickHandler
                0x0000000000019b34       0xb4 bin/port.o
                0x0000000000019b34                xPortStimerTickHandler
 .text.am_stimer_cmpr0_isr
                0x0000000000019be8       0x2a bin/port.o
                0x0000000000019be8                am_stimer_cmpr0_isr
 *fill*         0x0000000000019c12        0x2 
 .text.vPortSetupTimerInterrupt
                0x0000000000019c14       0x7c bin/port.o
                0x0000000000019c14                vPortSetupTimerInterrupt
 .text.AppDbInit
                0x0000000000019c90        0xe bin/app_db.o
                0x0000000000019c90                AppDbInit
 *fill*         0x0000000000019c9e        0x2 
 .text.AppDbNewRecord
                0x0000000000019ca0       0xa4 bin/app_db.o
                0x0000000000019ca0                AppDbNewRecord
 .text.AppDbGetNextRecord
                0x0000000000019d44       0x68 bin/app_db.o
                0x0000000000019d44                AppDbGetNextRecord
 .text.AppDbDeleteRecord
                0x0000000000019dac       0x1c bin/app_db.o
                0x0000000000019dac                AppDbDeleteRecord
 .text.AppDbValidateRecord
                0x0000000000019dc8       0x28 bin/app_db.o
                0x0000000000019dc8                AppDbValidateRecord
 .text.AppDbCheckValidRecord
                0x0000000000019df0       0x20 bin/app_db.o
                0x0000000000019df0                AppDbCheckValidRecord
 .text.AppDbRecordInUse
                0x0000000000019e10       0x58 bin/app_db.o
                0x0000000000019e10                AppDbRecordInUse
 .text.AppDbCheckBonded
                0x0000000000019e68       0x44 bin/app_db.o
                0x0000000000019e68                AppDbCheckBonded
 .text.AppDbDeleteAllRecords
                0x0000000000019eac       0x3c bin/app_db.o
                0x0000000000019eac                AppDbDeleteAllRecords
 .text.AppDbFindByAddr
                0x0000000000019ee8       0x6c bin/app_db.o
                0x0000000000019ee8                AppDbFindByAddr
 .text.AppDbFindByLtkReq
                0x0000000000019f54       0x64 bin/app_db.o
                0x0000000000019f54                AppDbFindByLtkReq
 .text.AppDbGetKey
                0x0000000000019fb8       0x94 bin/app_db.o
                0x0000000000019fb8                AppDbGetKey
 .text.AppDbSetKey
                0x000000000001a04c       0xf8 bin/app_db.o
                0x000000000001a04c                AppDbSetKey
 .text.AppDbGetCccTbl
                0x000000000001a144       0x18 bin/app_db.o
                0x000000000001a144                AppDbGetCccTbl
 .text.AppDbSetCccTblValue
                0x000000000001a15c       0x2a bin/app_db.o
                0x000000000001a15c                AppDbSetCccTblValue
 .text.AppDbGetPeerSignCounter
                0x000000000001a186       0x1a bin/app_db.o
                0x000000000001a186                AppDbGetPeerSignCounter
 .text.AppDbSetPeerSignCounter
                0x000000000001a1a0       0x1e bin/app_db.o
                0x000000000001a1a0                AppDbSetPeerSignCounter
 .text.AppDbGetPeerAddedToRl
                0x000000000001a1be       0x1a bin/app_db.o
                0x000000000001a1be                AppDbGetPeerAddedToRl
 .text.AppDbSetPeerAddedToRl
                0x000000000001a1d8       0x20 bin/app_db.o
                0x000000000001a1d8                AppDbSetPeerAddedToRl
 .text.AppDbGetPeerRpao
                0x000000000001a1f8       0x1a bin/app_db.o
                0x000000000001a1f8                AppDbGetPeerRpao
 *fill*         0x000000000001a212        0x2 
 .text.AppHwBattRead
                0x000000000001a214       0x20 bin/app_hw.o
                0x000000000001a214                AppHwBattRead
 .text.AppHwHrmRead
                0x000000000001a234       0x58 bin/app_hw.o
                0x000000000001a234                AppHwHrmRead
 .text.AppHwHrmTest
                0x000000000001a28c       0x20 bin/app_hw.o
                0x000000000001a28c                AppHwHrmTest
 .text.AppUiAction
                0x000000000001a2ac       0x70 bin/app_ui.o
                0x000000000001a2ac                AppUiAction
 .text.AppUiDisplayPasskey
                0x000000000001a31c       0x14 bin/app_ui.o
                0x000000000001a31c                AppUiDisplayPasskey
 .text.AppUiDisplayConfirmValue
                0x000000000001a330       0x14 bin/app_ui.o
                0x000000000001a330                AppUiDisplayConfirmValue
 .text.appUiTimerExpired
                0x000000000001a344       0x14 bin/app_ui.o
                0x000000000001a344                appUiTimerExpired
 .text.appUiBtnPoll
                0x000000000001a358        0xe bin/app_ui.o
                0x000000000001a358                appUiBtnPoll
 *fill*         0x000000000001a366        0x2 
 .text.AppUiBtnRegister
                0x000000000001a368       0x20 bin/app_ui.o
                0x000000000001a368                AppUiBtnRegister
 .text.AppUiBtnPressed
                0x000000000001a388        0xe bin/app_ui.o
                0x000000000001a388                AppUiBtnPressed
 *fill*         0x000000000001a396        0x2 
 .text.WsfCsEnter
                0x000000000001a398       0x28 bin/wsf_os.o
                0x000000000001a398                WsfCsEnter
 .text.WsfCsExit
                0x000000000001a3c0       0x28 bin/wsf_os.o
                0x000000000001a3c0                WsfCsExit
 .text.WsfTaskLock
                0x000000000001a3e8        0xc bin/wsf_os.o
                0x000000000001a3e8                WsfTaskLock
 .text.WsfTaskUnlock
                0x000000000001a3f4        0xc bin/wsf_os.o
                0x000000000001a3f4                WsfTaskUnlock
 .text.WsfSetOsSpecificEvent
                0x000000000001a400       0x98 bin/wsf_os.o
                0x000000000001a400                WsfSetOsSpecificEvent
 .text.WsfSetEvent
                0x000000000001a498       0x60 bin/wsf_os.o
                0x000000000001a498                WsfSetEvent
 .text.WsfTaskSetReady
                0x000000000001a4f8       0x3c bin/wsf_os.o
                0x000000000001a4f8                WsfTaskSetReady
 .text.WsfTaskMsgQueue
                0x000000000001a534       0x1c bin/wsf_os.o
                0x000000000001a534                WsfTaskMsgQueue
 .text.WsfOsSetNextHandler
                0x000000000001a550       0x38 bin/wsf_os.o
                0x000000000001a550                WsfOsSetNextHandler
 .text.wsfOsReadyToSleep
                0x000000000001a588       0x24 bin/wsf_os.o
                0x000000000001a588                wsfOsReadyToSleep
 .text.wsfOsDispatcher
                0x000000000001a5ac      0x108 bin/wsf_os.o
                0x000000000001a5ac                wsfOsDispatcher
 .text.wsfOsSetEventObject
                0x000000000001a6b4       0x20 bin/wsf_os.o
                0x000000000001a6b4                wsfOsSetEventObject
 .text.SvcBattAddGroup
                0x000000000001a6d4       0x14 bin/svc_batt.o
                0x000000000001a6d4                SvcBattAddGroup
 .text.SvcBattCbackRegister
                0x000000000001a6e8       0x28 bin/svc_batt.o
                0x000000000001a6e8                SvcBattCbackRegister
 .text.SvcCoreAddGroup
                0x000000000001a710       0x1c bin/svc_core.o
                0x000000000001a710                SvcCoreAddGroup
 .text.SvcCoreGapCentAddrResUpdate
                0x000000000001a72c       0x20 bin/svc_core.o
                0x000000000001a72c                SvcCoreGapCentAddrResUpdate
 .text.SvcDisAddGroup
                0x000000000001a74c       0x14 bin/svc_dis.o
                0x000000000001a74c                SvcDisAddGroup
 .text.SvcHrsAddGroup
                0x000000000001a760       0x14 bin/svc_hrs.o
                0x000000000001a760                SvcHrsAddGroup
 .text.SvcHrsCbackRegister
                0x000000000001a774       0x28 bin/svc_hrs.o
                0x000000000001a774                SvcHrsCbackRegister
 .text.SvcRscsAddGroup
                0x000000000001a79c       0x14 bin/svc_rscs.o
                0x000000000001a79c                SvcRscsAddGroup
 .text.pvPortMalloc
                0x000000000001a7b0      0x124 bin/heap_2.o
                0x000000000001a7b0                pvPortMalloc
 .text.vPortFree
                0x000000000001a8d4       0x74 bin/heap_2.o
                0x000000000001a8d4                vPortFree
 .text.prvHeapInit
                0x000000000001a948       0x54 bin/heap_2.o
 .text.xEventGroupCreate
                0x000000000001a99c       0x2e bin/event_groups.o
                0x000000000001a99c                xEventGroupCreate
 *fill*         0x000000000001a9ca        0x2 
 .text.xEventGroupWaitBits
                0x000000000001a9cc      0x14c bin/event_groups.o
                0x000000000001a9cc                xEventGroupWaitBits
 .text.xEventGroupSetBits
                0x000000000001ab18       0xee bin/event_groups.o
                0x000000000001ab18                xEventGroupSetBits
 .text.vEventGroupSetBitsCallback
                0x000000000001ac06       0x1a bin/event_groups.o
                0x000000000001ac06                vEventGroupSetBitsCallback
 .text.prvTestWaitCondition
                0x000000000001ac20       0x44 bin/event_groups.o
 .text.vListInitialise
                0x000000000001ac64       0x40 bin/list.o
                0x000000000001ac64                vListInitialise
 .text.vListInitialiseItem
                0x000000000001aca4       0x1a bin/list.o
                0x000000000001aca4                vListInitialiseItem
 .text.vListInsertEnd
                0x000000000001acbe       0x48 bin/list.o
                0x000000000001acbe                vListInsertEnd
 .text.vListInsert
                0x000000000001ad06       0x72 bin/list.o
                0x000000000001ad06                vListInsert
 .text.uxListRemove
                0x000000000001ad78       0x54 bin/list.o
                0x000000000001ad78                uxListRemove
 .text.xQueueGenericReset
                0x000000000001adcc       0xbc bin/queue.o
                0x000000000001adcc                xQueueGenericReset
 .text.xQueueGenericCreate
                0x000000000001ae88       0x64 bin/queue.o
                0x000000000001ae88                xQueueGenericCreate
 .text.prvInitialiseNewQueue
                0x000000000001aeec       0x3e bin/queue.o
 *fill*         0x000000000001af2a        0x2 
 .text.xQueueGenericSend
                0x000000000001af2c      0x1ac bin/queue.o
                0x000000000001af2c                xQueueGenericSend
 .text.xQueueGenericSendFromISR
                0x000000000001b0d8       0xf2 bin/queue.o
                0x000000000001b0d8                xQueueGenericSendFromISR
 *fill*         0x000000000001b1ca        0x2 
 .text.xQueueReceive
                0x000000000001b1cc      0x184 bin/queue.o
                0x000000000001b1cc                xQueueReceive
 .text.prvCopyDataToQueue
                0x000000000001b350       0xb8 bin/queue.o
 .text.prvCopyDataFromQueue
                0x000000000001b408       0x4c bin/queue.o
 .text.prvUnlockQueue
                0x000000000001b454       0xa4 bin/queue.o
 .text.prvIsQueueEmpty
                0x000000000001b4f8       0x2c bin/queue.o
 .text.prvIsQueueFull
                0x000000000001b524       0x30 bin/queue.o
 .text.vQueueWaitForMessageRestricted
                0x000000000001b554       0x68 bin/queue.o
                0x000000000001b554                vQueueWaitForMessageRestricted
 .text.xTaskCreate
                0x000000000001b5bc       0x82 bin/tasks.o
                0x000000000001b5bc                xTaskCreate
 .text.prvInitialiseNewTask
                0x000000000001b63e       0xf6 bin/tasks.o
 .text.prvAddNewTaskToReadyList
                0x000000000001b734       0xd8 bin/tasks.o
 .text.vTaskSuspend
                0x000000000001b80c       0xd8 bin/tasks.o
                0x000000000001b80c                vTaskSuspend
 .text.vTaskStartScheduler
                0x000000000001b8e4       0x88 bin/tasks.o
                0x000000000001b8e4                vTaskStartScheduler
 .text.vTaskSuspendAll
                0x000000000001b96c       0x1c bin/tasks.o
                0x000000000001b96c                vTaskSuspendAll
 .text.prvGetExpectedIdleTime
                0x000000000001b988       0x70 bin/tasks.o
 .text.xTaskResumeAll
                0x000000000001b9f8      0x128 bin/tasks.o
                0x000000000001b9f8                xTaskResumeAll
 .text.xTaskGetTickCount
                0x000000000001bb20       0x20 bin/tasks.o
                0x000000000001bb20                xTaskGetTickCount
 .text.vTaskStepTick
                0x000000000001bb40       0x3c bin/tasks.o
                0x000000000001bb40                vTaskStepTick
 .text.xTaskIncrementTick
                0x000000000001bb7c      0x140 bin/tasks.o
                0x000000000001bb7c                xTaskIncrementTick
 .text.vTaskSwitchContext
                0x000000000001bcbc       0xf0 bin/tasks.o
                0x000000000001bcbc                vTaskSwitchContext
 .text.vTaskPlaceOnEventList
                0x000000000001bdac       0x34 bin/tasks.o
                0x000000000001bdac                vTaskPlaceOnEventList
 .text.vTaskPlaceOnUnorderedEventList
                0x000000000001bde0       0x50 bin/tasks.o
                0x000000000001bde0                vTaskPlaceOnUnorderedEventList
 .text.vTaskPlaceOnEventListRestricted
                0x000000000001be30       0x44 bin/tasks.o
                0x000000000001be30                vTaskPlaceOnEventListRestricted
 .text.xTaskRemoveFromEventList
                0x000000000001be74       0xb8 bin/tasks.o
                0x000000000001be74                xTaskRemoveFromEventList
 .text.vTaskRemoveFromUnorderedEventList
                0x000000000001bf2c       0x9c bin/tasks.o
                0x000000000001bf2c                vTaskRemoveFromUnorderedEventList
 .text.vTaskInternalSetTimeOutState
                0x000000000001bfc8       0x2c bin/tasks.o
                0x000000000001bfc8                vTaskInternalSetTimeOutState
 .text.xTaskCheckForTimeOut
                0x000000000001bff4       0x9c bin/tasks.o
                0x000000000001bff4                xTaskCheckForTimeOut
 .text.vTaskMissedYield
                0x000000000001c090       0x18 bin/tasks.o
                0x000000000001c090                vTaskMissedYield
 .text.prvIdleTask
                0x000000000001c0a8       0x6c bin/tasks.o
 .text.eTaskConfirmSleepModeStatus
                0x000000000001c114       0x5c bin/tasks.o
                0x000000000001c114                eTaskConfirmSleepModeStatus
 .text.prvInitialiseTaskLists
                0x000000000001c170       0x74 bin/tasks.o
 .text.prvCheckTasksWaitingTermination
                0x000000000001c1e4        0xe bin/tasks.o
 *fill*         0x000000000001c1f2        0x2 
 .text.prvResetNextTaskUnblockTime
                0x000000000001c1f4       0x40 bin/tasks.o
 .text.xTaskGetSchedulerState
                0x000000000001c234       0x3c bin/tasks.o
                0x000000000001c234                xTaskGetSchedulerState
 .text.uxTaskResetEventItemValue
                0x000000000001c270       0x30 bin/tasks.o
                0x000000000001c270                uxTaskResetEventItemValue
 .text.prvAddCurrentTaskToDelayedList
                0x000000000001c2a0       0xa8 bin/tasks.o
 .text.xTimerCreateTimerTask
                0x000000000001c348       0x50 bin/timers.o
                0x000000000001c348                xTimerCreateTimerTask
 .text.xTimerCreate
                0x000000000001c398       0x3a bin/timers.o
                0x000000000001c398                xTimerCreate
 .text.prvInitialiseNewTimer
                0x000000000001c3d2       0x50 bin/timers.o
 *fill*         0x000000000001c422        0x2 
 .text.xTimerGenericCommand
                0x000000000001c424       0x88 bin/timers.o
                0x000000000001c424                xTimerGenericCommand
 .text.prvProcessExpiredTimer
                0x000000000001c4ac       0x6c bin/timers.o
 .text.prvTimerTask
                0x000000000001c518       0x24 bin/timers.o
 .text.prvProcessTimerOrBlockTask
                0x000000000001c53c       0x9c bin/timers.o
 .text.prvGetNextExpireTime
                0x000000000001c5d8       0x48 bin/timers.o
 .text.prvSampleTimeNow
                0x000000000001c620       0x40 bin/timers.o
 .text.prvInsertTimerInActiveList
                0x000000000001c660       0x84 bin/timers.o
 .text.prvProcessReceivedCommands
                0x000000000001c6e4      0x124 bin/timers.o
 .text.prvSwitchTimerLists
                0x000000000001c808       0xb0 bin/timers.o
 .text.prvCheckForValidListAndQueue
                0x000000000001c8b8       0x54 bin/timers.o
 .text.xTimerPendFunctionCallFromISR
                0x000000000001c90c       0x40 bin/timers.o
                0x000000000001c90c                xTimerPendFunctionCallFromISR
 .text.am_util_delay_ms
                0x000000000001c94c       0x3c bin/am_util_delay.o
                0x000000000001c94c                am_util_delay_ms
 .text.am_util_delay_us
                0x000000000001c988       0x3c bin/am_util_delay.o
                0x000000000001c988                am_util_delay_us
 .text.HardFault_Handler
                0x000000000001c9c4       0x1e bin/am_util_faultisr.o
                0x000000000001c9c4                HardFault_Handler
 .text.getStackedReg
                0x000000000001c9e2        0xc bin/am_util_faultisr.o
                0x000000000001c9e2                getStackedReg
 *fill*         0x000000000001c9ee        0x2 
 .text.am_util_faultisr_collect_data
                0x000000000001c9f0       0xe4 bin/am_util_faultisr.o
                0x000000000001c9f0                am_util_faultisr_collect_data
 .text.am_util_stdio_printf_init
                0x000000000001cad4       0x20 bin/am_util_stdio.o
                0x000000000001cad4                am_util_stdio_printf_init
 .text.appProcMsg
                0x000000000001caf4       0x2c bin/app_main.o
 .text.appCheckBonded
                0x000000000001cb20       0x28 bin/app_main.o
                0x000000000001cb20                appCheckBonded
 .text.appCheckBondByLtk
                0x000000000001cb48       0x28 bin/app_main.o
                0x000000000001cb48                appCheckBondByLtk
 .text.appNumConns
                0x000000000001cb70       0x5c bin/app_main.o
                0x000000000001cb70                appNumConns
 .text.AppHandlerInit
                0x000000000001cbcc       0x20 bin/app_main.o
                0x000000000001cbcc                AppHandlerInit
 .text.AppHandler
                0x000000000001cbec       0x58 bin/app_main.o
                0x000000000001cbec                AppHandler
 .text.AppHandlePasskey
                0x000000000001cc44       0x78 bin/app_main.o
                0x000000000001cc44                AppHandlePasskey
 .text.AppHandleNumericComparison
                0x000000000001ccbc       0x30 bin/app_main.o
                0x000000000001ccbc                AppHandleNumericComparison
 .text.AppConnClose
                0x000000000001ccec       0x1e bin/app_main.o
                0x000000000001ccec                AppConnClose
 *fill*         0x000000000001cd0a        0x2 
 .text.AppConnIsOpen
                0x000000000001cd0c       0x44 bin/app_main.o
                0x000000000001cd0c                AppConnIsOpen
 .text.AppDbGetHdl
                0x000000000001cd50       0x28 bin/app_main.o
                0x000000000001cd50                AppDbGetHdl
 .text.AppAddDevToResList
                0x000000000001cd78       0x6c bin/app_main.o
                0x000000000001cd78                AppAddDevToResList
 .text.AppUpdatePrivacyMode
                0x000000000001cde4       0x58 bin/app_main.o
                0x000000000001cde4                AppUpdatePrivacyMode
 .text.appServerSetSigningInfo
                0x000000000001ce3c       0x52 bin/app_server.o
 .text.AppServerConnCback
                0x000000000001ce8e      0x102 bin/app_server.o
                0x000000000001ce8e                AppServerConnCback
 .text.appSlaveAdvModeInit
                0x000000000001cf90       0x20 bin/app_slave.o
 .text.appSlaveConnectableAdv
                0x000000000001cfb0       0x74 bin/app_slave.o
 .text.appSlaveForceAdvDataSync
                0x000000000001d024       0x60 bin/app_slave.o
 .text.appSetAdvScanDataFrag
                0x000000000001d084      0x108 bin/app_slave.o
 .text.appSetAdvScanData
                0x000000000001d18c       0xe0 bin/app_slave.o
 .text.appConnUpdateTimerStart
                0x000000000001d26c       0x54 bin/app_slave.o
 .text.appConnUpdateTimerStop
                0x000000000001d2c0       0x28 bin/app_slave.o
                0x000000000001d2c0                appConnUpdateTimerStop
 .text.appSlaveResolveAddr
                0x000000000001d2e8       0x68 bin/app_slave.o
 .text.appSecRspLtk
                0x000000000001d350       0x6c bin/app_slave.o
 .text.appSlaveConnOpen
                0x000000000001d3bc       0x30 bin/app_slave.o
 .text.appSlaveConnClose
                0x000000000001d3ec       0x60 bin/app_slave.o
 .text.appSlaveProcConnOpen
                0x000000000001d44c       0x78 bin/app_slave.o
 .text.appSlaveProcConnClose
                0x000000000001d4c4       0x64 bin/app_slave.o
 .text.appSlaveConnUpdate
                0x000000000001d528       0x78 bin/app_slave.o
 .text.appSlaveResolvedAddrInd
                0x000000000001d5a0       0xac bin/app_slave.o
 .text.appSlaveRemoteConnParamReq
                0x000000000001d64c       0x68 bin/app_slave.o
 .text.appSlaveSecConnOpen
                0x000000000001d6b4       0x84 bin/app_slave.o
                0x000000000001d6b4                appSlaveSecConnOpen
 .text.appSecConnClose
                0x000000000001d738       0x24 bin/app_slave.o
                0x000000000001d738                appSecConnClose
 .text.appSecPairInd
                0x000000000001d75c      0x110 bin/app_slave.o
 .text.appSecStoreKey
                0x000000000001d86c       0x40 bin/app_slave.o
 .text.appSecPairCmpl
                0x000000000001d8ac       0x68 bin/app_slave.o
 .text.appSecPairFailed
                0x000000000001d914       0x16 bin/app_slave.o
 .text.appSecEncryptInd
                0x000000000001d92a       0x32 bin/app_slave.o
 .text.appSecFindLtk
                0x000000000001d95c       0x80 bin/app_slave.o
 .text.appPrivSetAddrResEnableInd
                0x000000000001d9dc       0x24 bin/app_slave.o
 .text.appPrivAddDevToResListInd
                0x000000000001da00       0x54 bin/app_slave.o
 .text.appPrivRemDevFromResListInd
                0x000000000001da54       0x48 bin/app_slave.o
 .text.appSlaveConnUpdateTimeout
                0x000000000001da9c       0x9c bin/app_slave.o
 .text.appSlaveProcMsg
                0x000000000001db38       0x50 bin/app_slave.o
                0x000000000001db38                appSlaveProcMsg
 .text.AppSlaveInit
                0x000000000001db88       0x80 bin/app_slave.o
                0x000000000001db88                AppSlaveInit
 .text.AppSlaveProcDmMsg
                0x000000000001dc08      0x198 bin/app_slave.o
                0x000000000001dc08                AppSlaveProcDmMsg
 .text.appAdvSetData
                0x000000000001dda0       0xb8 bin/app_slave.o